******************************************************************************
                  TI ARM Linker PC v18.12.2                    
******************************************************************************
>> Linked Fri Nov 29 18:09:35 2019

OUTPUT FILE NAME:   <servo_mpu6050_tirtos_ccs.out>
ENTRY POINT SYMBOL: "_c_int00"  address: 00005dc1


MEMORY CONFIGURATION

         name            origin    length      used     unused   attr    fill
----------------------  --------  ---------  --------  --------  ----  --------
  MAIN                  00000000   00040000  00008a09  000375f7  R  X
  INFO                  00200000   00004000  00000000  00004000  R  X
  SRAM_CODE             01000000   00010000  00009434  00006bcc  RW X
  SRAM_DATA             20000000   00010000  00009434  00006bcc  RW  


SEGMENT ALLOCATION MAP

run origin  load origin   length   init length attrs members
----------  ----------- ---------- ----------- ----- -------
00000000    00000000    00008a10   00008a10    r-x
  00000000    00000000    0000003c   0000003c    r-- .resetVecs
  00000040    00000040    0000814a   0000814a    r-x .text
  0000818c    0000818c    00000603   00000603    r-- .const
  00008790    00008790    00000280   00000280    r-- .cinit
20000140    20000140    00008000   00000000    r--
  20000140    20000140    00008000   00000000    r-- .priheap
20008140    20008140    00000ef4   00000000    rw-
  20008140    20008140    000008e8   00000000    rw- .data
  20008a28    20008a28    0000060c   00000000    rw- .bss
2000fc00    2000fc00    00000400   00000000    rw-
  2000fc00    2000fc00    00000400   00000000    rw- .stack


SECTION ALLOCATION MAP

 output                                  attributes/
section   page    origin      length       input sections
--------  ----  ----------  ----------   ----------------
.text      0    00000040    0000814a     
                  00000040    00000a4e     rtsv7M4_T_le_v4SPD16_eabi.lib : _printfi.c.obj (.text:__TI_printfi)
                  00000a8e    00000002     ti_drivers_config.obj (.text:Board_initHook)
                  00000a90    000002f8     drivers_msp432p401x.aem4f : PowerMSP432.oem4f (.text:Power_sleep)
                  00000d88    0000028a     msp432p4xx_driverlib.lib : pcm.o (.text:__PCM_setPowerStateAdvanced)
                  00001012    00000002     drivers_msp432p401x.aem4f : I2CMSP432.oem4f (.text:I2CMSP432_init)
                  00001014    00000288                               : PowerMSP432.oem4f (.text:initPerfControl)
                  0000129c    00000270     rtsv7M4_T_le_v4SPD16_eabi.lib : _printfi.c.obj (.text:_pconv_a)
                  0000150c    00000208     drivers_msp432p401x.aem4f : PWMTimerMSP432.oem4f (.text:PWMTimerMSP432_open)
                  00001714    000001f8                               : I2CMSP432.oem4f (.text:I2CMSP432_open)
                  0000190c    000001d0     rtsv7M4_T_le_v4SPD16_eabi.lib : _printfi.c.obj (.text:_pconv_g)
                  00001adc    000001b6                                   : fd_add_t2.asm.obj (.text)
                  00001c92    00000184     drivers_msp432p401x.aem4f : I2CMSP432.oem4f (.text:I2CMSP432_hwiIntFxn)
                  00001e16    00000002                               : PWMTimerMSP432.oem4f (.text:PWMTimerMSP432_init)
                  00001e18    0000015c     msp432p4xx_driverlib.lib : pcm.o (.text:__PCM_setPowerModeAdvanced)
                  00001f74    0000013c     rtsv7M4_T_le_v4SPD16_eabi.lib : _printfi.c.obj (.text:_pconv_e)
                  000020b0    00000138     i2cmasterexample1.obj (.text:mainThread)
                  000021e8    00000136     rtsv7M4_T_le_v4SPD16_eabi.lib : fd_div_t2.asm.obj (.text)
                  0000231e    00000002     dpl_msp432p401x.aem4f : PowerMSP432_tirtos.oem4f (.text:PowerMSP432_initPolicy)
                  00002320    00000130     sysbios.aem4f : BIOS.obj (.text:ti_sysbios_knl_Semaphore_pend__E)
                  00002450    00000124     rtsv7M4_T_le_v4SPD16_eabi.lib : _printfi.c.obj (.text:fcvt)
                  00002574    0000011c     drivers_msp432p401x.aem4f : I2CMSP432.oem4f (.text:primeTransfer)
                  00002690    00000114                               : PWMTimerMSP432.oem4f (.text:PWMTimerMSP432_setPeriod)
                  000027a4    00000114     rtsv7M4_T_le_v4SPD16_eabi.lib : fputs.c.obj (.text:fputs)
                  000028b8    00000110                                   : s_scalbn.c.obj (.text:scalbn)
                  000029c8    00000108     msp432p4xx_driverlib.lib : pcm.o (.text:__PCM_setCoreVoltageLevelAdvanced)
                  00002ad0    00000108     sysbios.aem4f : BIOS.obj (.text:ti_sysbios_knl_Task_postInit__I)
                  00002bd8    00000108                   : BIOS.obj (.text:xdc_runtime_Startup_startMods__I)
                  00002ce0    00000104                   : BIOS.obj (.text:ti_sysbios_knl_Task_Instance_finalize__E)
                  00002de4    000000fc     rtsv7M4_T_le_v4SPD16_eabi.lib : fd_mul_t2.asm.obj (.text)
                  00002ee0    000000f8                                   : s_floor.c.obj (.text:floor)
                  00002fd8    000000f8     sysbios.aem4f : BIOS.obj (.text:ti_sysbios_family_arm_msp432_init_Boot_configureClocksHigh)
                  000030d0    000000f0     drivers_msp432p401x.aem4f : I2CMSP432.oem4f (.text:I2CMSP432_transfer)
                  000031c0    000000f0     sysbios.aem4f : BIOS.obj (.text:pthread_create)
                  000032b0    000000f0                   : m3_Hwi_asm.obj (.text:ti_sysbios_family_arm_m3_Hwi_dispatch__I)
                  000033a0    000000e4     msp432p4xx_driverlib.lib : cs.o (.text:CS_startHFXTWithTimeout)
                  00003484    00000004                              : cpu.o (.text:CPU_wfi)
                  00003488    000000e4     sysbios.aem4f : BIOS.obj (.text:ti_sysbios_knl_Task_Instance_init__E)
                  0000356c    000000e0     msp432p4xx_driverlib.lib : cs.o (.text:CS_startLFXTWithTimeout)
                  0000364c    000000e0     servo.obj (.text:turn_acw)
                  0000372c    000000dc     msp432p4xx_driverlib.lib : cs.o (.text:_CSGetHFXTFrequency)
                  00003808    000000dc     rtsv7M4_T_le_v4SPD16_eabi.lib : setvbuf.c.obj (.text:setvbuf)
                  000038e4    000000dc     servo.obj (.text:turn_cw)
                  000039c0    000000d4     msp432_mpu6050.obj (.text:startMPU6050)
                  00003a94    00000004     dpl_msp432p401x.aem4f : HwiP_tirtos.oem4f (.text:HwiP_disable)
                  00003a98    000000d0     sysbios.aem4f : BIOS.obj (.text:ti_sysbios_heaps_HeapMem_alloc__E)
                  00003b68    000000cc     servo.obj (.text:compute)
                  00003c34    000000b8     servo.obj (.text:startServo)
                  00003cec    00000004     dpl_msp432p401x.aem4f : SemaphoreP_tirtos.oem4f (.text:SemaphoreP_post)
                  00003cf0    000000b8     sysbios.aem4f : BIOS.obj (.text:ti_sysbios_family_arm_m3_Hwi_Instance_init__E)
                  00003da8    000000b1     rtsv7M4_T_le_v4SPD16_eabi.lib : _printfi.c.obj (.text:_ltostr)
                  00003e59    00000001     --HOLE-- [fill = 0]
                  00003e5a    000000ac     drivers_msp432p401x.aem4f : I2CMSP432.oem4f (.text:I2CMSP432_cancel)
                  00003f06    00000002     rtsv7M4_T_le_v4SPD16_eabi.lib : _lock.c.obj (.text:_nop)
                  00003f08    000000a8     sysbios.aem4f : BIOS.obj (.text:ti_sysbios_family_arm_msp432_Timer_periodicStub__E)
                  00003fb0    000000a6                   : BIOS.obj (.text:xdc_runtime_Core_createObject__I)
                  00004056    00000002     rtsv7M4_T_le_v4SPD16_eabi.lib : div0.asm.obj (.text)
                  00004058    000000a4     drivers_msp432p401x.aem4f : PWMTimerMSP432.oem4f (.text:PWMTimerMSP432_stop)
                  000040fc    00000004     rtsv7M4_T_le_v4SPD16_eabi.lib : printf.c.obj (.text:_outc)
                  00004100    000000a4     sysbios.aem4f : BIOS.obj (.text:ti_sysbios_knl_Task_setPri__E)
                  000041a4    000000a0     auto_init.aem4f : auto_init.oem4f (.text)
                  00004244    0000009c     drivers_msp432p401x.aem4f : PowerMSP432.oem4f (.text:Power_init)
                  000042e0    0000009c     rtsv7M4_T_le_v4SPD16_eabi.lib : memcpy_t2.asm.obj (.text)
                  0000437c    00000096                                   : ull_div_t2.asm.obj (.text)
                  00004412    00000002     release_pem4f.oem4f (.text:ti_sysbios_BIOS_nullFunc__I)
                  00004414    00000094     drivers_msp432p401x.aem4f : PWMTimerMSP432.oem4f (.text:PWMTimerMSP432_setDuty)
                  000044a8    00000094     sysbios.aem4f : BIOS.obj (.text:_pthread_removeThreadKeys)
                  0000453c    00000004     rtsv7M4_T_le_v4SPD16_eabi.lib : printf.c.obj (.text:_outs)
                  00004540    00000094     sysbios.aem4f : BIOS.obj (.text:ti_sysbios_family_arm_m3_Hwi_initNVIC__E)
                  000045d4    00000004     release_pem4f.oem4f (.text:ti_sysbios_BIOS_RtsGateProxy_enter__E)
                  000045d8    00000094     sysbios.aem4f : BIOS.obj (.text:ti_sysbios_knl_Task_exit__E)
                  0000466c    00000004     release_pem4f.oem4f (.text:ti_sysbios_BIOS_RtsGateProxy_leave__E)
                  00004670    00000090     sysbios.aem4f : BIOS.obj (.text:ti_sysbios_knl_Task_Module_startup__E)
                  00004700    0000008c     rtsv7M4_T_le_v4SPD16_eabi.lib : fputc.c.obj (.text:fputc)
                  0000478c    0000008c     sysbios.aem4f : m3_TaskSupport_asm.obj (.text:ti_sysbios_family_arm_m3_TaskSupport_buildTaskStack)
                  00004818    0000008c                   : BIOS.obj (.text:xdc_runtime_Memory_alloc__E)
                  000048a4    00000088     drivers_msp432p401x.aem4f : PWMTimerMSP432.oem4f (.text:PWMTimerMSP432_close)
                  0000492c    00000086     rtsv7M4_T_le_v4SPD16_eabi.lib : fd_cmp_t2.asm.obj (.text:__aeabi_cdcmple)
                  000049b2    00000086                                   : fd_cmp_t2.asm.obj (.text:__aeabi_cdrcmple)
                  00004a38    00000086     sysbios.aem4f : BIOS.obj (.text:xdc_runtime_Core_constructObject__I)
                  00004abe    00000002     --HOLE-- [fill = 0]
                  00004ac0    00000084     msp432p4xx_driverlib.lib : pcm.o (.text:PCM_gotoLPM3)
                  00004b44    00000084     drivers_msp432p401x.aem4f : PWMTimerMSP432.oem4f (.text:PWMTimerMSP432_start)
                  00004bc8    00000084                               : PowerMSP432.oem4f (.text:restartHFXT)
                  00004c4c    00000004     release_pem4f.oem4f (.text:ti_sysbios_family_arm_m3_Hwi_delete)
                  00004c50    00000084     sysbios.aem4f : BIOS.obj (.text:ti_sysbios_family_arm_m3_Hwi_postInit__I)
                  00004cd4    00000004     release_pem4f.oem4f (.text:ti_sysbios_family_arm_m3_TaskSupport_Module__startupDone__S)
                  00004cd8    00000084     sysbios.aem4f : BIOS.obj (.text:ti_sysbios_heaps_HeapMem_free__E)
                  00004d5c    00000004     release_pem4f.oem4f (.text:ti_sysbios_heaps_HeapMem_Module_GateProxy_enter__E)
                  00004d60    00000080     sysbios.aem4f : BIOS.obj (.text:ti_sysbios_knl_Clock_workFunc__E)
                  00004de0    0000007c     drivers_msp432p401x.aem4f : PWMTimerMSP432.oem4f (.text:setConstraints)
                  00004e5c    0000007a     rtsv7M4_T_le_v4SPD16_eabi.lib : memset_t2.asm.obj (.text)
                  00004ed6    00000002     --HOLE-- [fill = 0]
                  00004ed8    00000078     drivers_msp432p401x.aem4f : TimerMSP432.oem4f (.text:TimerMSP432_allocateTimerResource)
                  00004f50    00000078     msp432_mpu6050.obj (.text:i2cWrite)
                  00004fc8    00000076     drivers_msp432p401x.aem4f : I2CMSP432.oem4f (.text:I2CMSP432_close)
                  0000503e    00000002     --HOLE-- [fill = 0]
                  00005040    00000074     rtsv7M4_T_le_v4SPD16_eabi.lib : fclose.c.obj (.text:__TI_closefile)
                  000050b4    00000070     msp432_mpu6050.obj (.text:i2cRead)
                  00005124    00000004     release_pem4f.oem4f (.text:ti_sysbios_heaps_HeapMem_Module_GateProxy_leave__E)
                  00005128    00000070     sysbios.aem4f : BIOS.obj (.text:ti_sysbios_heaps_HeapMem_initPrimary__I)
                  00005198    0000006e     rtsv7M4_T_le_v4SPD16_eabi.lib : _printfi.c.obj (.text:_mcpy)
                  00005206    00000002     --HOLE-- [fill = 0]
                  00005208    0000006d     msp432_mpu6050.obj (.text:wakeMPU6050)
                  00005275    00000003     --HOLE-- [fill = 0]
                  00005278    0000006c     msp432p4xx_driverlib.lib : i2c.o (.text:I2C_masterSendMultiByteFinish)
                  000052e4    00000004     release_pem4f.oem4f (.text:ti_sysbios_knl_Clock_TimerProxy_getMaxTicks__E)
                  000052e8    0000006c     sysbios.aem4f : BIOS.obj (.text:ti_sysbios_knl_Swi_restoreHwi__E)
                  00005354    0000006a     drivers_msp432p401x.aem4f : PWMTimerMSP432.oem4f (.text:perfChangeNotifyFxn)
                  000053be    00000002     --HOLE-- [fill = 0]
                  000053c0    00000068     rtsv7M4_T_le_v4SPD16_eabi.lib : hostlseek.c.obj (.text:HOSTlseek)
                  00005428    00000068                                   : hostrename.c.obj (.text:HOSTrename)
                  00005490    00000068     drivers_msp432p401x.aem4f : PowerMSP432.oem4f (.text:PowerMSP432_getFreqs)
                  000054f8    00000068     rtsv7M4_T_le_v4SPD16_eabi.lib : copy_decompress_lzss.c.obj (.text:decompress:lzss:__TI_decompress_lzss)
                  00005560    00000068     drivers_msp432p401x.aem4f : I2CMSP432.oem4f (.text:initHw)
                  000055c8    00000068                               : PWMTimerMSP432.oem4f (.text:initHw)
                  00005630    00000068     rtsv7M4_T_le_v4SPD16_eabi.lib : printf.c.obj (.text:printf)
                  00005698    00000066     sysbios.aem4f : BIOS.obj (.text:xdc_runtime_Core_deleteObject__I)
                  000056fe    00000002     --HOLE-- [fill = 0]
                  00005700    00000064     rtsv7M4_T_le_v4SPD16_eabi.lib : s_frexp.c.obj (.text:frexp)
                  00005764    00000064                                   : fseek.c.obj (.text:fseek)
                  000057c8    00000064     main_tirtos.obj (.text:main)
                  0000582c    00000004     release_pem4f.oem4f (.text:ti_sysbios_knl_Semaphore_delete)
                  00005830    00000064     sysbios.aem4f : BIOS.obj (.text:pthread_exit)
                  00005894    00000004     release_pem4f.oem4f (.text:ti_sysbios_knl_Task_delete)
                  00005898    00000064     sysbios.aem4f : BIOS.obj (.text:ti_sysbios_family_arm_m3_Hwi_dispatchC__I)
                  000058fc    00000062     rtsv7M4_T_le_v4SPD16_eabi.lib : _io_perm.c.obj (.text:__TI_wrt_ok)
                  0000595e    00000002     --HOLE-- [fill = 0]
                  00005960    00000060                                   : hostopen.c.obj (.text:HOSTopen)
                  000059c0    00000060     sysbios.aem4f : BIOS.obj (.text:ti_sysbios_knl_Semaphore_post__E)
                  00005a20    00000060                   : BIOS.obj (.text:ti_sysbios_knl_Swi_run__I)
                  00005a80    0000005e     msp432p4xx_driverlib.lib : pcm.o (.text:PCM_getCoreVoltageLevel)
                  00005ade    00000002     --HOLE-- [fill = 0]
                  00005ae0    0000005c     rtsv7M4_T_le_v4SPD16_eabi.lib : close.c.obj (.text:close)
                  00005b3c    0000005c     msp432_mpu6050.obj (.text:get3AxisData)
                  00005b98    0000005c     sysbios.aem4f : BIOS.obj (.text:ti_sysbios_knl_Swi_schedule__I)
                  00005bf4    00000004     release_pem4f.oem4f (.text:xdc_runtime_System_Module_GateProxy_enter__E)
                  00005bf8    0000005c     sysbios.aem4f : BIOS.obj (.text:ti_sysbios_knl_Task_startCore__E)
                  00005c54    00000004     release_pem4f.oem4f (.text:xdc_runtime_System_Module_GateProxy_leave__E)
                  00005c58    0000005c     sysbios.aem4f : BIOS.obj (.text:xdc_runtime_Startup_exec__E)
                  00005cb4    0000005a     msp432p4xx_driverlib.lib : pcm.o (.text:PCM_getPowerMode)
                  00005d0e    00000002     --HOLE-- [fill = 0]
                  00005d10    00000058     rtsv7M4_T_le_v4SPD16_eabi.lib : hostread.c.obj (.text:HOSTread)
                  00005d68    00000058                                   : hostwrite.c.obj (.text:HOSTwrite)
                  00005dc0    00000058     boot.aem4f : boot.oem4f (.text)
                  00005e18    00000058     sysbios.aem4f : m3_Hwi_asm_switch.obj (.text:ti_sysbios_family_arm_m3_Hwi_initStacks__E)
                  00005e70    00000056     rtsv7M4_T_le_v4SPD16_eabi.lib : _printfi.c.obj (.text:_pconv_f)
                  00005ec6    00000056     drivers_msp432p401x.aem4f : I2CMSP432.oem4f (.text:completeTransfer)
                  00005f1c    00000054     msp432p4xx_driverlib.lib : pcm.o (.text:PCM_shutdownDevice)
                  00005f70    00000054     drivers_msp432p401x.aem4f : TimerMSP432.oem4f (.text:TimerMSP432_freeTimerResource)
                  00005fc4    00000054     rtsv7M4_T_le_v4SPD16_eabi.lib : ltoa.c.obj (.text:ltoa)
                  00006018    00000054     release_pem4f.oem4f (.text:ti_sysbios_family_arm_m3_Hwi_create)
                  0000606c    00000004     --HOLE-- [fill = 0]
                  00006070    00000054     sysbios.aem4f : BIOS.obj (.text:ti_sysbios_family_arm_msp432_Timer_initDevice__I)
                  000060c4    00000004     --HOLE-- [fill = 0]
                  000060c8    00000054                   : BIOS.obj (.text:xdc_runtime_Core_assignLabel__I)
                  0000611c    00000052     rtsv7M4_T_le_v4SPD16_eabi.lib : _printfi.c.obj (.text:_ecpy)
                  0000616e    00000002     --HOLE-- [fill = 0]
                  00006170    00000050     msp432_mpu6050.obj (.text:delayMs)
                  000061c0    00000050     sysbios.aem4f : BIOS.obj (.text:ti_sysbios_family_arm_m3_Hwi_Module_startup__E)
                  00006210    00000050     release_pem4f.oem4f (.text:ti_sysbios_knl_Task_create)
                  00006260    0000004c     dpl_msp432p401x.aem4f : PowerMSP432_tirtos.oem4f (.text:PowerMSP432_sleepPolicy)
                  000062ac    0000004c     rtsv7M4_T_le_v4SPD16_eabi.lib : fflush.c.obj (.text:__TI_doflush)
                  000062f8    0000004c                                   : atoi.c.obj (.text:atoi)
                  00006344    0000004c                                   : cpy_tbl.c.obj (.text:copy_in)
                  00006390    0000004c     sysbios.aem4f : BIOS.obj (.text:ti_sysbios_family_arm_msp432_Timer_postInit__I)
                  000063dc    00000004     --HOLE-- [fill = 0]
                  000063e0    0000004c                   : BIOS.obj (.text:ti_sysbios_family_arm_msp432_Timer_start__E)
                  0000642c    00000004     --HOLE-- [fill = 0]
                  00006430    0000004c                   : BIOS.obj (.text:ti_sysbios_heaps_HeapMem_getStats__E)
                  0000647c    00000004     --HOLE-- [fill = 0]
                  00006480    0000004c                   : BIOS.obj (.text:ti_sysbios_knl_Swi_runLoop__I)
                  000064cc    00000004     --HOLE-- [fill = 0]
                  000064d0    0000004c                   : BIOS.obj (.text:ti_sysbios_knl_Task_allBlockedFunction__I)
                  0000651c    00000004     --HOLE-- [fill = 0]
                  00006520    0000004c                   : BIOS.obj (.text:ti_sysbios_knl_Task_schedule__I)
                  0000656c    00000048     drivers_msp432p401x.aem4f : PowerMSP432.oem4f (.text:Power_releaseConstraint)
                  000065b4    00000048     rtsv7M4_T_le_v4SPD16_eabi.lib : fd_toi_t2.asm.obj (.text)
                  000065fc    00000004     --HOLE-- [fill = 0]
                  00006600    00000048     sysbios.aem4f : BIOS.obj (.text:ti_sysbios_family_arm_m3_Hwi_disableInterrupt__E)
                  00006648    00000048                   : BIOS.obj (.text:ti_sysbios_family_arm_m3_Hwi_enableInterrupt__E)
                  00006690    00000048                   : BIOS.obj (.text:ti_sysbios_knl_Mailbox_Module_startup__E)
                  000066d8    00000048                   : BIOS.obj (.text:xdc_runtime_Core_assignParams__I)
                  00006720    00000044     rtsv7M4_T_le_v4SPD16_eabi.lib : hostclose.c.obj (.text:HOSTclose)
                  00006764    00000044                                   : hostunlink.c.obj (.text:HOSTunlink)
                  000067a8    00000044     drivers_msp432p401x.aem4f : I2C.oem4f (.text:I2C_init)
                  000067ec    00000044                               : PWM.oem4f (.text:PWM_init)
                  00006830    00000044     rtsv7M4_T_le_v4SPD16_eabi.lib : getdevice.c.obj (.text:getdevice)
                  00006874    00000044     drivers_msp432p401x.aem4f : I2CMSP432.oem4f (.text:perfChangeNotifyFxn)
                  000068b8    00000044     sysbios.aem4f : BIOS.obj (.text:ti_sysbios_family_arm_m3_Hwi_getStackInfo__E)
                  000068fc    00000004     --HOLE-- [fill = 0]
                  00006900    00000044                   : BIOS.obj (.text:ti_sysbios_knl_Swi_post__E)
                  00006944    00000040     dpl_msp432p401x.aem4f : HwiP_tirtos.oem4f (.text:HwiP_create)
                  00006984    00000040     drivers_msp432p401x.aem4f : I2C.oem4f (.text:I2C_open)
                  000069c4    00000040                               : PWM.oem4f (.text:PWM_open)
                  00006a04    00000040                               : PWMTimerMSP432.oem4f (.text:getDutyCounts)
                  00006a44    00000040                               : PWMTimerMSP432.oem4f (.text:getPeriodCounts)
                  00006a84    00000004     --HOLE-- [fill = 0]
                  00006a88    00000040     sysbios.aem4f : BIOS.obj (.text:ti_sysbios_family_arm_msp432_Timer_Module_startup__E)
                  00006ac8    00000040                   : BIOS.obj (.text:ti_sysbios_family_arm_msp432_Timer_startup__E)
                  00006b08    00000040                   : BIOS.obj (.text:ti_sysbios_heaps_HeapMem_Instance_init__E)
                  00006b48    0000003e     rtsv7M4_T_le_v4SPD16_eabi.lib : _printfi.c.obj (.text:_fcpy)
                  00006b86    00000002     --HOLE-- [fill = 0]
                  00006b88    0000003c     dpl_msp432p401x.aem4f : SemaphoreP_tirtos.oem4f (.text:SemaphoreP_create)
                  00006bc4    00000004     --HOLE-- [fill = 0]
                  00006bc8    0000003c     sysbios.aem4f : BIOS.obj (.text:ti_sysbios_family_arm_m3_Hwi_Instance_finalize__E)
                  00006c04    00000004     --HOLE-- [fill = 0]
                  00006c08    0000003c                   : BIOS.obj (.text:ti_sysbios_family_arm_msp432_Seconds_Module_startup__E)
                  00006c44    00000004     --HOLE-- [fill = 0]
                  00006c48    0000003c                   : BIOS.obj (.text:ti_sysbios_knl_Swi_restore__E)
                  00006c84    00000038     drivers_msp432p401x.aem4f : PowerMSP432.oem4f (.text:Power_setConstraint)
                  00006cbc    00000038     rtsv7M4_T_le_v4SPD16_eabi.lib : trgmsg.c.obj (.text:__TI_writemsg)
                  00006cf4    00000038     msp432_mpu6050.obj (.text:initialiseI2C)
                  00006d2c    00000038     drivers_msp432p401x.aem4f : PowerMSP432.oem4f (.text:notify)
                  00006d64    00000004     --HOLE-- [fill = 0]
                  00006d68    00000038     sysbios.aem4f : BIOS.obj (.text:xdc_runtime_System_atexit__E)
                  00006da0    00000036     rtsv7M4_T_le_v4SPD16_eabi.lib : strncpy.c.obj (.text:strncpy)
                  00006dd6    00000002     --HOLE-- [fill = 0]
                  00006dd8    00000034                                   : fopen.c.obj (.text:__TI_cleanup)
                  00006e0c    00000034                                   : trgmsg.c.obj (.text:__TI_readmsg)
                  00006e40    00000034     release_pem4f.oem4f (.text:ti_sysbios_knl_Semaphore_create)
                  00006e74    00000004     --HOLE-- [fill = 0]
                  00006e78    00000032     sysbios.aem4f : BIOS.obj (.text:ti_sysbios_hal_Hwi_initStack)
                  00006eaa    00000002     --HOLE-- [fill = 0]
                  00006eac    00000030     rtsv7M4_T_le_v4SPD16_eabi.lib : getdevice.c.obj (.text:finddevice)
                  00006edc    00000030     drivers_msp432p401x.aem4f : I2CMSP432.oem4f (.text:mapPin)
                  00006f0c    00000030                               : PWMTimerMSP432.oem4f (.text:mapPin)
                  00006f3c    00000030     release_pem4f.oem4f (.text:ti_sysbios_BIOS_atExitFunc__I)
                  00006f6c    00000030     release_pem4f.oem4f (.text:ti_sysbios_BIOS_startFunc__I)
                  00006f9c    00000004     --HOLE-- [fill = 0]
                  00006fa0    00000030     sysbios.aem4f : BIOS.obj (.text:ti_sysbios_family_arm_m3_TaskSupport_start__E)
                  00006fd0    00000030     release_pem4f.oem4f (.text:ti_sysbios_gates_GateHwi_Object__create__S)
                  00007000    00000030     release_pem4f.oem4f (.text:ti_sysbios_gates_GateMutex_Object__create__S)
                  00007030    00000030     sysbios.aem4f : BIOS.obj (.text:ti_sysbios_gates_GateMutex_enter__E)
                  00007060    00000030     release_pem4f.oem4f (.text:ti_sysbios_heaps_HeapMem_Object__create__S)
                  00007090    00000030     sysbios.aem4f : BIOS.obj (.text:ti_sysbios_knl_Mailbox_postInit__I)
                  000070c0    00000030     release_pem4f.oem4f (.text:ti_sysbios_knl_Semaphore_construct)
                  000070f0    00000030     sysbios.aem4f : BIOS.obj (.text:ti_sysbios_knl_Semaphore_pendTimeout__I)
                  00007120    00000030                   : BIOS.obj (.text:ti_sysbios_knl_Task_processVitalTaskFlag__I)
                  00007150    00000030                   : BIOS.obj (.text:ti_sysbios_knl_Task_restore__E)
                  00007180    00000030                   : BIOS.obj (.text:ti_sysbios_knl_Task_unblockI__E)
                  000071b0    00000030                   : BIOS.obj (.text:xdc_runtime_System_processAtExit__E)
                  000071e0    0000002e     rtsv7M4_T_le_v4SPD16_eabi.lib : i_tofd_t2.asm.obj (.text)
                  0000720e    0000002e     release_pem4f.oem4f (.text:ti_sysbios_rts_MemAlloc_alloc)
                  0000723c    0000002c     dpl_msp432p401x.aem4f : PowerMSP432_tirtos.oem4f (.text:PowerMSP432_updateFreqs)
                  00007268    0000002c     msp432p4xx_driverlib.lib : rtc_c.o (.text:RTC_C_holdClock)
                  00007294    00000004     --HOLE-- [fill = 0]
                  00007298    0000002c     sysbios.aem4f : BIOS.obj (.text:_pthread_cleanupFxn)
                  000072c4    00000004     --HOLE-- [fill = 0]
                  000072c8    0000002c                   : BIOS.obj (.text:_pthread_delete$43)
                  000072f4    0000002c     release_pem4f.oem4f (.text:ti_sysbios_knl_Clock_doTick__I)
                  00007320    0000002c     release_pem4f.oem4f (.text:ti_sysbios_knl_Queue_construct)
                  0000734c    0000002c     rtsv7M4_T_le_v4SPD16_eabi.lib : unlink.c.obj (.text:unlink)
                  00007378    00000028     msp432p4xx_driverlib.lib : pcm.o (.text:PCM_gotoLPM0)
                  000073a0    00000028     drivers_msp432p401x.aem4f : PowerMSP432.oem4f (.text:Power_registerNotify)
                  000073c8    00000028                               : PowerMSP432.oem4f (.text:disableFaultCounter)
                  000073f0    00000028                               : PowerMSP432.oem4f (.text:disableHFXT)
                  00007418    00000028     rtsv7M4_T_le_v4SPD16_eabi.lib : lseek.c.obj (.text:lseek)
                  00007440    00000028     sysbios.aem4f : m3_Hwi_asm.obj (.text:ti_sysbios_family_arm_m3_Hwi_excHandlerAsm__I)
                  00007468    00000028                   : BIOS.obj (.text:ti_sysbios_knl_Clock_addI__E)
                  00007490    00000028                   : BIOS.obj (.text:ti_sysbios_knl_Swi_Module_startup__E)
                  000074b8    00000028     rtsv7M4_T_le_v4SPD16_eabi.lib : write.c.obj (.text:write)
                  000074e0    00000026     drivers_msp432p401x.aem4f : List.oem4f (.text:List_put)
                  00007506    00000026                               : List.oem4f (.text:List_remove)
                  0000752c    00000026                               : PWMTimerMSP432.oem4f (.text:releaseConstraints)
                  00007552    00000026     sysbios.aem4f : m3_Hwi_asm.obj (.text:ti_sysbios_family_arm_m3_Hwi_pendSV__I)
                  00007578    00000024     msp432p4xx_driverlib.lib : wdt_a.o (.text:WDT_A_holdTimer)
                  0000759c    00000004     --HOLE-- [fill = 0]
                  000075a0    00000024     sysbios.aem4f : BIOS.obj (.text:pthread_attr_init)
                  000075c4    00000024     release_pem4f.oem4f (.text:ti_sysbios_BIOS_registerRTSLock__I)
                  000075e8    00000024     release_pem4f.oem4f (.text:ti_sysbios_BIOS_removeRTSLock__I)
                  0000760c    00000004     --HOLE-- [fill = 0]
                  00007610    00000024     sysbios.aem4f : BIOS.obj (.text:ti_sysbios_family_arm_msp432_ClockFreqs_setFrequency__E)
                  00007634    00000024     release_pem4f.oem4f (.text:ti_sysbios_gates_GateMutex_Object__delete__S)
                  00007658    00000024     sysbios.aem4f : BIOS.obj (.text:ti_sysbios_knl_Clock_Module_startup__E)
                  0000767c    00000004     --HOLE-- [fill = 0]
                  00007680    00000024                   : BIOS.obj (.text:ti_sysbios_knl_Semaphore_Instance_init__E)
                  000076a4    00000024     release_pem4f.oem4f (.text:ti_sysbios_knl_Semaphore_Object__delete__S)
                  000076c8    00000024     sysbios.aem4f : BIOS.obj (.text:ti_sysbios_knl_Task_restoreHwi__E)
                  000076ec    00000004     --HOLE-- [fill = 0]
                  000076f0    00000024                   : BIOS.obj (.text:xdc_runtime_Error_policyMin__E)
                  00007714    00000020     msp432p4xx_driverlib.lib : cs.o (.text:CS_setExternalClockSourceFrequency)
                  00007734    00000020     drivers_msp432p401x.aem4f : PowerMSP432.oem4f (.text:Power_unregisterNotify)
                  00007754    00000020     servo.obj (.text:SetTunings)
                  00007774    00000020     rtsv7M4_T_le_v4SPD16_eabi.lib : memchr.c.obj (.text:memchr)
                  00007794    00000020     msp432_mpu6050.obj (.text:setRegister)
                  000077b4    00000020     release_pem4f.oem4f (.text:ti_sysbios_BIOS_rtsLock__I)
                  000077d4    00000020     release_pem4f.oem4f (.text:ti_sysbios_family_arm_m3_Hwi_Object__delete__S)
                  000077f4    00000020     release_pem4f.oem4f (.text:ti_sysbios_gates_GateHwi_Object__delete__S)
                  00007814    00000020     release_pem4f.oem4f (.text:ti_sysbios_heaps_HeapMem_Object__delete__S)
                  00007834    00000004     --HOLE-- [fill = 0]
                  00007838    00000020     sysbios.aem4f : BIOS.obj (.text:ti_sysbios_knl_Idle_run__E)
                  00007858    00000020     release_pem4f.oem4f (.text:ti_sysbios_knl_Semaphore_destruct)
                  00007878    00000020     release_pem4f.oem4f (.text:ti_sysbios_knl_Task_Object__delete__S)
                  00007898    0000001e     drivers_msp432p401x.aem4f : PWMTimerMSP432.oem4f (.text:corroboratePeriod)
                  000078b6    0000001e     msp432_mpu6050.obj (.text:merge8bitTo16bit)
                  000078d4    0000001e     sysbios.aem4f : m3_Hwi_asm_switch.obj (.text:ti_sysbios_family_xxx_Hwi_switchAndRunFunc)
                  000078f2    00000002     --HOLE-- [fill = 0]
                  000078f4    0000001c     msp432_mpu6050.obj (.text:getRegister)
                  00007910    0000001c     rtsv7M4_T_le_v4SPD16_eabi.lib : memccpy.c.obj (.text:memccpy)
                  0000792c    00000004     --HOLE-- [fill = 0]
                  00007930    0000001c     sysbios.aem4f : BIOS.obj (.text:ti_sysbios_family_arm_m3_Hwi_excHandler__I)
                  0000794c    00000004     --HOLE-- [fill = 0]
                  00007950    0000001c                   : BIOS.obj (.text:ti_sysbios_gates_GateMutex_Instance_init__E)
                  0000796c    0000001c     release_pem4f.oem4f (.text:ti_sysbios_knl_Queue_destruct)
                  00007988    0000001c     sysbios.aem4f : BIOS.obj (.text:ti_sysbios_knl_Queue_put__E)
                  000079a4    00000004     --HOLE-- [fill = 0]
                  000079a8    0000001c                   : BIOS.obj (.text:ti_sysbios_knl_Task_enter__I)
                  000079c4    00000004     --HOLE-- [fill = 0]
                  000079c8    0000001c                   : BIOS.obj (.text:ti_sysbios_rts_ti_ReentSupport_getReent__F)
                  000079e4    00000004     --HOLE-- [fill = 0]
                  000079e8    0000001c                   : BIOS.obj (.text:xdc_runtime_Memory_valloc__E)
                  00007a04    00000004     --HOLE-- [fill = 0]
                  00007a08    0000001c                   : BIOS.obj (.text:xdc_runtime_System_abort__E)
                  00007a24    0000001a     rtsv7M4_T_le_v4SPD16_eabi.lib : s_copysign.c.obj (.text:copysign)
                  00007a3e    0000001a     release_pem4f.oem4f (.text:free)
                  00007a58    00000018     release_pem4f.oem4f (.text:.bootCodeSection:ti_sysbios_family_arm_msp432_init_Boot_init__I)
                  00007a70    00000018     drivers_msp432p401x.aem4f : I2C.oem4f (.text:I2C_transfer)
                  00007a88    00000018     msp432p4xx_driverlib.lib : sysctl_a.o (.text:SysCtl_A_disableNMISource)
                  00007aa0    00000018                              : sysctl_a.o (.text:SysCtl_A_enableNMISource)
                  00007ab8    00000018     rtsv7M4_T_le_v4SPD16_eabi.lib : args_main.c.obj (.text:_args_main)
                  00007ad0    00000018     drivers_msp432p401x.aem4f : PWMTimerMSP432.oem4f (.text:corroborateDuty)
                  00007ae8    00000018     rtsv7M4_T_le_v4SPD16_eabi.lib : strcmp.c.obj (.text:strcmp)
                  00007b00    00000018     release_pem4f.oem4f (.text:ti_sysbios_BIOS_rtsUnlock__I)
                  00007b18    00000018     release_pem4f.oem4f (.text:ti_sysbios_family_arm_m3_Hwi_Module__startupDone__F)
                  00007b30    00000018     sysbios.aem4f : m3_TaskSupport_asm.obj (.text:ti_sysbios_family_arm_m3_TaskSupport_swap__E)
                  00007b48    00000018     release_pem4f.oem4f (.text:ti_sysbios_family_arm_msp432_Timer_Module__startupDone__F)
                  00007b60    00000018     release_pem4f.oem4f (.text:ti_sysbios_gates_GateHwi_Handle__label__S)
                  00007b78    00000018     release_pem4f.oem4f (.text:ti_sysbios_gates_GateMutex_Handle__label__S)
                  00007b90    00000018     sysbios.aem4f : BIOS.obj (.text:ti_sysbios_gates_GateMutex_leave__E)
                  00007ba8    00000018     release_pem4f.oem4f (.text:ti_sysbios_heaps_HeapMem_Handle__label__S)
                  00007bc0    00000018     release_pem4f.oem4f (.text:ti_sysbios_rts_ti_ReentSupport_getTlsAddr__I)
                  00007bd8    00000018     sysbios.aem4f : BIOS.obj (.text:xdc_runtime_Error_init__E)
                  00007bf0    00000018                   : BIOS.obj (.text:xdc_runtime_System_exit__E)
                  00007c08    00000016     rtsv7M4_T_le_v4SPD16_eabi.lib : strchr.c.obj (.text:strchr)
                  00007c1e    00000016     release_pem4f.oem4f (.text:ti_sysbios_BIOS_exitFunc__I)
                  00007c34    00000004     --HOLE-- [fill = 0]
                  00007c38    00000016     sysbios.aem4f : BIOS.obj (.text:ti_sysbios_knl_Task_unblock__E)
                  00007c4e    00000002     --HOLE-- [fill = 0]
                  00007c50    00000014     msp432p4xx_driverlib.lib : pcm.o (.text:PCM_getPowerState)
                  00007c64    00000014     drivers_msp432p401x.aem4f : PWM.oem4f (.text:PWM_Params_init)
                  00007c78    00000014                               : PowerMSP432.oem4f (.text:Power_idleFunc)
                  00007c8c    00000004     --HOLE-- [fill = 0]
                  00007c90    00000014     sysbios.aem4f : BIOS.obj (.text:pthread_attr_setschedparam)
                  00007ca4    00000014     rtsv7M4_T_le_v4SPD16_eabi.lib : strcpy.c.obj (.text:strcpy)
                  00007cb8    00000014                                   : strlen.c.obj (.text:strlen)
                  00007ccc    00000014     release_pem4f.oem4f (.text:ti_sysbios_family_arm_m3_Hwi_Object__get__S)
                  00007ce0    00000014     sysbios.aem4f : BIOS.obj (.text:ti_sysbios_family_arm_m3_Hwi_switchFromBootStack__E)
                  00007cf4    00000014     release_pem4f.oem4f (.text:ti_sysbios_heaps_HeapMem_Object__get__S)
                  00007d08    00000014     release_pem4f.oem4f (.text:ti_sysbios_knl_Swi_Object__get__S)
                  00007d1c    00000012     dpl_msp432p401x.aem4f : SemaphoreP_tirtos.oem4f (.text:SemaphoreP_pend)
                  00007d2e    00000002     --HOLE-- [fill = 0]
                  00007d30    00000012     sysbios.aem4f : BIOS.obj (.text:_pthread_cleanup_pop)
                  00007d42    00000006     drivers_msp432p401x.aem4f : I2CMSP432.oem4f (.text:I2CMSP432_control)
                  00007d48    00000012     sysbios.aem4f : BIOS.obj (.text:_pthread_runStub$43)
                  00007d5a    00000006     drivers_msp432p401x.aem4f : PWMTimerMSP432.oem4f (.text:PWMTimerMSP432_control)
                  00007d60    00000012     sysbios.aem4f : BIOS.obj (.text:ti_sysbios_hal_Hwi_Module_startup__E)
                  00007d72    00000012     rtsv7M4_T_le_v4SPD16_eabi.lib : wcslen.c.obj (.text:wcslen)
                  00007d84    00000012     release_pem4f.oem4f (.text:xdc_runtime_Startup_exec__I)
                  00007d96    00000010     dpl_msp432p401x.aem4f : HwiP_tirtos.oem4f (.text:HwiP_Params_init)
                  00007da6    00000002     --HOLE-- [fill = 0]
                  00007da8    00000010     drivers_msp432p401x.aem4f : I2C.oem4f (.text:I2C_Params_init)
                  00007db8    00000010     msp432p4xx_driverlib.lib : pcm.o (.text:PCM_gotoLPM4)
                  00007dc8    00000010                              : pcm.o (.text:PCM_setPowerMode)
                  00007dd8    00000010                              : pcm.o (.text:PCM_setPowerState)
                  00007de8    00000010     drivers_msp432p401x.aem4f : PowerMSP432.oem4f (.text:PowerMSP432_getNumPerfLevels)
                  00007df8    00000010     msp432p4xx_driverlib.lib : sysctl_a.o (.text:SysCtl_A_getNMISourceStatus)
                  00007e08    00000010                              : sysctl.o (.text:SysCtl_getNMISourceStatus)
                  00007e18    00000010     sysbios.aem4f : BIOS.obj (.text:ti_sysbios_BIOS_exit__E)
                  00007e28    00000010                   : BIOS.obj (.text:ti_sysbios_BIOS_setCpuFreq__E)
                  00007e38    00000010                   : BIOS.obj (.text:ti_sysbios_BIOS_setThreadType__E)
                  00007e48    00000010                   : BIOS.obj (.text:ti_sysbios_BIOS_start__E)
                  00007e58    00000010                   : m3_TaskSupport_asm.obj (.text:ti_sysbios_family_arm_m3_TaskSupport_glue)
                  00007e68    00000010                   : BIOS.obj (.text:ti_sysbios_family_arm_msp432_init_Boot_disableWatchdog)
                  00007e78    00000010                   : BIOS.obj (.text:ti_sysbios_gates_GateMutex_Instance_finalize__E)
                  00007e88    00000010     release_pem4f.oem4f (.text:ti_sysbios_knl_Mailbox_Object__get__S)
                  00007e98    00000010     sysbios.aem4f : BIOS.obj (.text:ti_sysbios_knl_Semaphore_Instance_finalize__E)
                  00007ea8    00000010                   : BIOS.obj (.text:ti_sysbios_knl_Swi_disable__E)
                  00007eb8    00000010     release_pem4f.oem4f (.text:ti_sysbios_knl_Task_Object__get__S)
                  00007ec8    00000010     sysbios.aem4f : BIOS.obj (.text:ti_sysbios_knl_Task_disable__E)
                  00007ed8    00000010                   : BIOS.obj (.text:xdc_runtime_Gate_leaveSystem__E)
                  00007ee8    00000010                   : BIOS.obj (.text:xdc_runtime_Memory_free__E)
                  00007ef8    00000010                   : BIOS.obj (.text:xdc_runtime_SysCallback_abort__E)
                  00007f08    00000010                   : BIOS.obj (.text:xdc_runtime_SysCallback_exit__E)
                  00007f18    0000000e     rtsv7M4_T_le_v4SPD16_eabi.lib : copy_decompress_none.c.obj (.text:decompress:none:__TI_decompress_none)
                  00007f26    00000002     --HOLE-- [fill = 0]
                  00007f28    0000000e     sysbios.aem4f : BIOS.obj (.text:pthread_attr_setdetachstate)
                  00007f36    00000002     --HOLE-- [fill = 0]
                  00007f38    0000000e                   : BIOS.obj (.text:ti_sysbios_knl_Idle_loop__E)
                  00007f46    00000002     --HOLE-- [fill = 0]
                  00007f48    0000000e                   : BIOS.obj (.text:ti_sysbios_knl_Queue_empty__E)
                  00007f56    0000000c     ti_drivers_config.obj (.text:Board_init)
                  00007f62    0000000c     msp432p4xx_driverlib.lib : cpu.o (.text:CPU_cpsid)
                  00007f6e    0000000c                              : cpu.o (.text:CPU_cpsie)
                  00007f7a    0000000c     dpl_msp432p401x.aem4f : HwiP_tirtos.oem4f (.text:HwiP_delete)
                  00007f86    00000002     --HOLE-- [fill = 0]
                  00007f88    0000000c     drivers_msp432p401x.aem4f : PowerMSP432.oem4f (.text:Power_getConstraintMask)
                  00007f94    0000000c                               : PowerMSP432.oem4f (.text:Power_getPerformanceLevel)
                  00007fa0    0000000c     dpl_msp432p401x.aem4f : SemaphoreP_tirtos.oem4f (.text:SemaphoreP_delete)
                  00007fac    0000000c     rtsv7M4_T_le_v4SPD16_eabi.lib : _lock.c.obj (.text:_register_lock)
                  00007fb8    0000000c                                   : _lock.c.obj (.text:_register_unlock)
                  00007fc4    0000000c                                   : copy_zero_init.c.obj (.text:decompress:ZI:__TI_zero_init)
                  00007fd0    0000000c     sysbios.aem4f : BIOS.obj (.text:pthread_self)
                  00007fdc    0000000c     release_pem4f.oem4f (.text:ti_sysbios_family_arm_m3_Hwi_Params__init__S)
                  00007fe8    0000000c     sysbios.aem4f : BIOS.obj (.text:ti_sysbios_family_arm_m3_Hwi_disableFxn__E)
                  00007ff4    00000004     --HOLE-- [fill = 0]
                  00007ff8    0000000c                   : BIOS.obj (.text:ti_sysbios_family_arm_m3_TaskSupport_getStackAlignment__E)
                  00008004    00000004     --HOLE-- [fill = 0]
                  00008008    0000000c                   : BIOS.obj (.text:ti_sysbios_family_arm_msp432_Timer_getMaxTicks__E)
                  00008014    00000004     --HOLE-- [fill = 0]
                  00008018    0000000c                   : BIOS.obj (.text:ti_sysbios_gates_GateHwi_enter__E)
                  00008024    0000000c     release_pem4f.oem4f (.text:ti_sysbios_knl_Queue_Object__get__S)
                  00008030    0000000c     release_pem4f.oem4f (.text:ti_sysbios_knl_Semaphore_Params__init__S)
                  0000803c    0000000c     release_pem4f.oem4f (.text:ti_sysbios_knl_Task_Params__init__S)
                  00008048    0000000c     sysbios.aem4f : BIOS.obj (.text:ti_sysbios_knl_Task_self__E)
                  00008054    00000004     --HOLE-- [fill = 0]
                  00008058    0000000c                   : BIOS.obj (.text:ti_sysbios_rts_ti_ReentSupport_taskRegHook__I)
                  00008064    00000004     --HOLE-- [fill = 0]
                  00008068    0000000c                   : BIOS.obj (.text:xdc_runtime_Gate_enterSystem__E)
                  00008074    00000004     --HOLE-- [fill = 0]
                  00008078    0000000c                   : BIOS.obj (.text:xdc_runtime_Memory_calloc__E)
                  00008084    00000004     --HOLE-- [fill = 0]
                  00008088    0000000c                   : BIOS.obj (.text:xdc_runtime_Startup_rtsDone__E)
                  00008094    0000000a     drivers_msp432p401x.aem4f : PWM.oem4f (.text:PWM_setDuty)
                  0000809e    0000000a                               : PWM.oem4f (.text:PWM_start)
                  000080a8    0000000a     msp432_mpu6050.obj (.text:getAccel)
                  000080b2    0000000a     msp432_mpu6050.obj (.text:getGyro)
                  000080bc    0000000a     release_pem4f.oem4f (.text:xdc_runtime_IHeap_alloc)
                  000080c6    0000000a     release_pem4f.oem4f (.text:xdc_runtime_IHeap_free)
                  000080d0    00000008     dpl_msp432p401x.aem4f : SemaphoreP_tirtos.oem4f (.text:SemaphoreP_Params_init)
                  000080d8    00000008     drivers_msp432p401x.aem4f : I2CMSP432.oem4f (.text:blockingTransferCallback)
                  000080e0    00000008     sysbios.aem4f : BIOS.obj (.text:pthread_attr_setstacksize)
                  000080e8    00000008                   : BIOS.obj (.text:ti_sysbios_family_arm_m3_Hwi_doSwiRestore__I)
                  000080f0    00000008                   : BIOS.obj (.text:ti_sysbios_family_arm_m3_Hwi_startup__E)
                  000080f8    00000006     drivers_msp432p401x.aem4f : PWMTimerMSP432.oem4f (.text:PWMTimerMSP432_setDutyAndPeriod)
                  000080fe    00000002     --HOLE-- [fill = 0]
                  00008100    00000006     sysbios.aem4f : BIOS.obj (.text:ti_sysbios_family_arm_m3_Hwi_doTaskRestore__I)
                  00008106    00000002     --HOLE-- [fill = 0]
                  00008108    00000006                   : BIOS.obj (.text:ti_sysbios_family_arm_m3_Hwi_restoreFxn__E)
                  0000810e    00000002     --HOLE-- [fill = 0]
                  00008110    00000006                   : BIOS.obj (.text:ti_sysbios_gates_GateHwi_leave__E)
                  00008116    00000002     --HOLE-- [fill = 0]
                  00008118    00000006                   : BIOS.obj (.text:ti_sysbios_heaps_HeapMem_isBlocking__E)
                  0000811e    00000002     --HOLE-- [fill = 0]
                  00008120    00000006                   : BIOS.obj (.text:ti_sysbios_knl_Queue_Instance_init__E)
                  00008126    00000002     --HOLE-- [fill = 0]
                  00008128    00000006                   : BIOS.obj (.text:ti_sysbios_knl_Swi_startup__E)
                  0000812e    00000002     --HOLE-- [fill = 0]
                  00008130    00000006                   : BIOS.obj (.text:xdc_runtime_System_Module_startup__E)
                  00008136    00000002     --HOLE-- [fill = 0]
                  00008138    00000004                   : BIOS.obj (.text:__aeabi_errno_addr)
                  0000813c    00000004     --HOLE-- [fill = 0]
                  00008140    00000004                   : BIOS.obj (.text:ti_sysbios_gates_GateHwi_query__E)
                  00008144    00000004     --HOLE-- [fill = 0]
                  00008148    00000004                   : BIOS.obj (.text:ti_sysbios_gates_GateMutex_query__E)
                  0000814c    00000004     --HOLE-- [fill = 0]
                  00008150    00000004                   : BIOS.obj (.text:ti_sysbios_knl_Task_startup__E)
                  00008154    00000004     --HOLE-- [fill = 0]
                  00008158    00000002                   : BIOS.obj (.text:ti_sysbios_BIOS_linkedWithIncorrectBootLibrary__E)
                  0000815a    00000006     --HOLE-- [fill = 0]
                  00008160    00000002                   : BIOS.obj (.text:ti_sysbios_gates_GateHwi_Instance_init__E)
                  00008162    00000006     --HOLE-- [fill = 0]
                  00008168    00000002                   : BIOS.obj (.text:ti_sysbios_knl_Clock_logTick__E)
                  0000816a    00000006     --HOLE-- [fill = 0]
                  00008170    00000002                   : BIOS.obj (.text:xdc_runtime_SysCallback_defaultAbort)
                  00008172    00000006     --HOLE-- [fill = 0]
                  00008178    00000002                   : BIOS.obj (.text:xdc_runtime_SysCallback_defaultExit)
                  0000817a    00000006     --HOLE-- [fill = 0]
                  00008180    00000002                   : BIOS.obj (.text:xdc_runtime_System_abortSpin__E)
                  00008182    00000006     --HOLE-- [fill = 0]
                  00008188    00000002                   : BIOS.obj (.text:xdc_runtime_System_exitSpin__E)

.const     0    0000818c    00000603     
                  0000818c    00000101     rtsv7M4_T_le_v4SPD16_eabi.lib : ctype.c.obj (.const:.string:_ctypes_)
                  0000828d    00000001     release_pem4f.oem4f (.const:xdc_runtime_Error_policy__C)
                  0000828e    00000002     release_pem4f.oem4f (.const:ti_sysbios_family_arm_m3_Hwi_Module__id__C)
                  00008290    00000048     release_pem4f.oem4f (.const:.string)
                  000082d8    0000003c     release_pem4f.oem4f (.const:ti_sysbios_knl_Task_Object__PARAMS__C)
                  00008314    00000038     ti_drivers_config.obj (.const:PowerMSP432_config)
                  0000834c    00000030     release_pem4f.oem4f (.const:ti_sysbios_family_arm_m3_Hwi_Object__PARAMS__C)
                  0000837c    00000028     release_pem4f.oem4f (.const:ti_sysbios_heaps_HeapMem_Module__FXNS__C)
                  000083a4    00000024     drivers_msp432p401x.aem4f : PWMTimerMSP432.oem4f (.const:PWMTimerMSP432_fxnTable)
                  000083c8    00000024     release_pem4f.oem4f (.const:ti_sysbios_gates_GateHwi_Module__FXNS__C)
                  000083ec    00000024     release_pem4f.oem4f (.const:ti_sysbios_gates_GateMutex_Module__FXNS__C)
                  00008410    00000024     release_pem4f.oem4f (.const:ti_sysbios_heaps_HeapMem_Object__PARAMS__C)
                  00008434    00000024     release_pem4f.oem4f (.const:ti_sysbios_knl_Semaphore_Object__PARAMS__C)
                  00008458    00000024     release_pem4f.oem4f (.const:xdc_runtime_Startup_sfxnTab__A)
                  0000847c    00000020     release_pem4f.oem4f (.const:ti_sysbios_family_arm_m3_Hwi_Object__DESC__C)
                  0000849c    00000020     release_pem4f.oem4f (.const:ti_sysbios_gates_GateHwi_Object__DESC__C)
                  000084bc    00000020     release_pem4f.oem4f (.const:ti_sysbios_gates_GateMutex_Object__DESC__C)
                  000084dc    00000020     release_pem4f.oem4f (.const:ti_sysbios_heaps_HeapMem_Object__DESC__C)
                  000084fc    00000020     release_pem4f.oem4f (.const:ti_sysbios_knl_Queue_Object__DESC__C)
                  0000851c    00000020     release_pem4f.oem4f (.const:ti_sysbios_knl_Semaphore_Object__DESC__C)
                  0000853c    00000020     release_pem4f.oem4f (.const:ti_sysbios_knl_Task_Object__DESC__C)
                  0000855c    00000018     drivers_msp432p401x.aem4f : I2CMSP432.oem4f (.const:I2CMSP432_fxnTable)
                  00008574    00000018     ti_drivers_config.obj (.const:PWM_config)
                  0000858c    00000018     drivers_msp432p401x.aem4f : PWM.oem4f (.const:PWM_defaultParams)
                  000085a4    00000018     release_pem4f.oem4f (.const:ti_sysbios_gates_GateHwi_Object__PARAMS__C)
                  000085bc    00000018     release_pem4f.oem4f (.const:ti_sysbios_gates_GateMutex_Object__PARAMS__C)
                  000085d4    00000018     release_pem4f.oem4f (.const:ti_sysbios_knl_Queue_Object__PARAMS__C)
                  000085ec    00000018     release_pem4f.oem4f (.const:ti_sysbios_knl_Task_hooks__A)
                  00008604    00000014     ti_drivers_config.obj (.const:i2cMSP432HWAttrs)
                  00008618    00000012     release_pem4f.oem4f (.const:xdc_runtime_Startup_sfxnRts__A)
                  0000862a    00000002     release_pem4f.oem4f (.const:ti_sysbios_family_arm_msp432_init_Boot_bypassHFXT__C)
                  0000862c    00000010     drivers_msp432p401x.aem4f : I2C.oem4f (.const:I2C_defaultParams)
                  0000863c    00000010                               : PWMTimerMSP432.oem4f (.const:pwmTimerBaseAddr)
                  0000864c    00000010     ti_drivers_config.obj (.const:pwmTimerMSP432HWAttrs)
                  0000865c    0000000c     ti_drivers_config.obj (.const:I2C_config)
                  00008668    0000000c     drivers_msp432p401x.aem4f : I2CMSP432.oem4f (.const:bitRates)
                  00008674    0000000c     release_pem4f.oem4f (.const:xdc_runtime_Startup_firstFxns__A)
                  00008680    00000008     release_pem4f.oem4f (.const:ti_sysbios_knl_Idle_funcList__A)
                  00008688    00000008     release_pem4f.oem4f (.const:ti_sysbios_knl_Idle_funcList__C)
                  00008690    00000008     release_pem4f.oem4f (.const:ti_sysbios_knl_Task_hooks__C)
                  00008698    00000008     release_pem4f.oem4f (.const:xdc_runtime_Startup_firstFxns__C)
                  000086a0    00000008     release_pem4f.oem4f (.const:xdc_runtime_Startup_lastFxns__C)
                  000086a8    00000004     ti_drivers_config.obj (.const)
                  000086ac    00000004     release_pem4f.oem4f (.const:ti_sysbios_family_arm_m3_Hwi_E_alreadyDefined__C)
                  000086b0    00000004     release_pem4f.oem4f (.const:ti_sysbios_family_arm_m3_Hwi_E_badIntNum__C)
                  000086b4    00000004     release_pem4f.oem4f (.const:ti_sysbios_family_arm_m3_Hwi_NUM_INTERRUPTS__C)
                  000086b8    00000004     release_pem4f.oem4f (.const:ti_sysbios_family_arm_m3_Hwi_Object__count__C)
                  000086bc    00000004     release_pem4f.oem4f (.const:ti_sysbios_family_arm_m3_Hwi_ccr__C)
                  000086c0    00000004     release_pem4f.oem4f (.const:ti_sysbios_family_arm_m3_Hwi_excHandlerFunc__C)
                  000086c4    00000004     release_pem4f.oem4f (.const:ti_sysbios_family_arm_m3_Hwi_nullIsrFunc__C)
                  000086c8    00000004     release_pem4f.oem4f (.const:ti_sysbios_family_arm_m3_Hwi_priGroup__C)
                  000086cc    00000004     release_pem4f.oem4f (.const:ti_sysbios_family_arm_m3_Hwi_swiDisable__C)
                  000086d0    00000004     release_pem4f.oem4f (.const:ti_sysbios_family_arm_m3_Hwi_swiRestore__C)
                  000086d4    00000004     release_pem4f.oem4f (.const:ti_sysbios_family_arm_m3_TaskSupport_stackAlignment__C)
                  000086d8    00000004     release_pem4f.oem4f (.const:ti_sysbios_family_arm_msp432_Timer_numTimerDevices__C)
                  000086dc    00000004     release_pem4f.oem4f (.const:ti_sysbios_family_arm_msp432_Timer_startupNeeded__C)
                  000086e0    00000004     release_pem4f.oem4f (.const:ti_sysbios_gates_GateMutex_Instance_State_sem__O)
                  000086e4    00000004     release_pem4f.oem4f (.const:ti_sysbios_heaps_HeapMem_E_memory__C)
                  000086e8    00000004     release_pem4f.oem4f (.const:ti_sysbios_heaps_HeapMem_Module__gateObj__C)
                  000086ec    00000004     release_pem4f.oem4f (.const:ti_sysbios_heaps_HeapMem_Object__count__C)
                  000086f0    00000004     release_pem4f.oem4f (.const:ti_sysbios_heaps_HeapMem_primaryHeapBaseAddr__C)
                  000086f4    00000004     release_pem4f.oem4f (.const:ti_sysbios_heaps_HeapMem_primaryHeapEndAddr__C)
                  000086f8    00000004     release_pem4f.oem4f (.const:ti_sysbios_heaps_HeapMem_reqAlign__C)
                  000086fc    00000004     release_pem4f.oem4f (.const:ti_sysbios_knl_Clock_Module_State_clockQ__O)
                  00008700    00000004     release_pem4f.oem4f (.const:ti_sysbios_knl_Mailbox_Instance_State_freeQue__O)
                  00008704    00000004     release_pem4f.oem4f (.const:ti_sysbios_knl_Mailbox_Object__count__C)
                  00008708    00000004     release_pem4f.oem4f (.const:ti_sysbios_knl_Mailbox_maxTypeAlign__C)
                  0000870c    00000004     release_pem4f.oem4f (.const:ti_sysbios_knl_Semaphore_Instance_State_pendQ__O)
                  00008710    00000004     release_pem4f.oem4f (.const:ti_sysbios_knl_Swi_Object__count__C)
                  00008714    00000004     release_pem4f.oem4f (.const:ti_sysbios_knl_Task_Module_State_inactiveQ__O)
                  00008718    00000004     release_pem4f.oem4f (.const:ti_sysbios_knl_Task_Object__count__C)
                  0000871c    00000004     release_pem4f.oem4f (.const:ti_sysbios_knl_Task_Object__heap__C)
                  00008720    00000004     release_pem4f.oem4f (.const:ti_sysbios_knl_Task_allBlockedFunc__C)
                  00008724    00000004     release_pem4f.oem4f (.const:ti_sysbios_knl_Task_defaultStackHeap__C)
                  00008728    00000004     release_pem4f.oem4f (.const:ti_sysbios_knl_Task_defaultStackSize__C)
                  0000872c    00000004     release_pem4f.oem4f (.const:ti_sysbios_knl_Task_numConstructedTasks__C)
                  00008730    00000004     release_pem4f.oem4f (.const:xdc_runtime_Error_E_memory__C)
                  00008734    00000004     release_pem4f.oem4f (.const:xdc_runtime_Error_policyFxn__C)
                  00008738    00000004     release_pem4f.oem4f (.const:xdc_runtime_IGateProvider_Interface__BASE__C)
                  0000873c    00000004     release_pem4f.oem4f (.const:xdc_runtime_IHeap_Interface__BASE__C)
                  00008740    00000004     release_pem4f.oem4f (.const:xdc_runtime_IModule_Interface__BASE__C)
                  00008744    00000004     release_pem4f.oem4f (.const:xdc_runtime_Memory_defaultHeapInstance__C)
                  00008748    00000004     release_pem4f.oem4f (.const:xdc_runtime_Startup_execImpl__C)
                  0000874c    00000004     release_pem4f.oem4f (.const:xdc_runtime_Startup_maxPasses__C)
                  00008750    00000004     release_pem4f.oem4f (.const:xdc_runtime_Startup_sfxnRts__C)
                  00008754    00000004     release_pem4f.oem4f (.const:xdc_runtime_Startup_sfxnTab__C)
                  00008758    00000004     release_pem4f.oem4f (.const:xdc_runtime_SysCallback_abortFxn__C)
                  0000875c    00000004     release_pem4f.oem4f (.const:xdc_runtime_SysCallback_exitFxn__C)
                  00008760    00000004     release_pem4f.oem4f (.const:xdc_runtime_System_Module__gateObj__C)
                  00008764    00000004     release_pem4f.oem4f (.const:xdc_runtime_System_abortFxn__C)
                  00008768    00000004     release_pem4f.oem4f (.const:xdc_runtime_System_exitFxn__C)
                  0000876c    00000004     release_pem4f.oem4f (.const:xdc_runtime_System_maxAtexitHandlers__C)
                  00008770    00000004     release_pem4f.oem4f (.const:xdc_runtime_Text_charTab__C)
                  00008774    00000004     release_pem4f.oem4f (.const:xdc_runtime_Text_nameEmpty__C)
                  00008778    00000004     release_pem4f.oem4f (.const:xdc_runtime_Text_nameStatic__C)
                  0000877c    00000004     release_pem4f.oem4f (.const:xdc_runtime_Text_nameUnknown__C)
                  00008780    00000002     release_pem4f.oem4f (.const:ti_sysbios_family_arm_msp432_init_Boot_bypassLFXT__C)
                  00008782    00000002     release_pem4f.oem4f (.const:ti_sysbios_family_arm_msp432_init_Boot_enableHFXT__C)
                  00008784    00000002     release_pem4f.oem4f (.const:ti_sysbios_family_arm_msp432_init_Boot_enableLFXT__C)
                  00008786    00000002     release_pem4f.oem4f (.const:ti_sysbios_heaps_HeapMem_Module__id__C)
                  00008788    00000002     release_pem4f.oem4f (.const:xdc_runtime_Memory_Module__id__C)
                  0000878a    00000002     release_pem4f.oem4f (.const:xdc_runtime_Text_charCnt__C)
                  0000878c    00000002     release_pem4f.oem4f (.const:xdc_runtime_Text_isLoaded__C)
                  0000878e    00000001     release_pem4f.oem4f (.const:xdc_runtime_Text_charTab__A)

.cinit     0    00008790    00000280     
                  00008790    0000025c     (.cinit..data.load) [load image, compression = lzss]
                  000089ec    0000000c     (__TI_handler_table)
                  000089f8    00000008     (.cinit..bss.load) [load image, compression = zero_init]
                  00008a00    00000010     (__TI_cinit_table)

.init_array 
*          0    00000000    00000000     UNINITIALIZED

.data      0    20008140    000008e8     UNINITIALIZED
                  20008140    00000140     drivers_msp432p401x.aem4f : PowerMSP432.oem4f (.data:PowerMSP432_perfLevels)
                  20008280    00000110                               : PWMTimerMSP432.oem4f (.data:pwmTimerStatus)
                  20008390    000000f0     rtsv7M4_T_le_v4SPD16_eabi.lib : defs.c.obj (.data:_ftable)
                  20008480    00000088     sysbios.aem4f : BIOS.obj (.data:$O1$$)
                  20008508    00000080     release_pem4f.oem4f (.data:ti_sysbios_knl_Swi_Module_State_0_readyQ__A)
                  20008588    00000080     release_pem4f.oem4f (.data:ti_sysbios_knl_Task_Module_State_0_readyQ__A)
                  20008608    00000078     rtsv7M4_T_le_v4SPD16_eabi.lib : host_device.c.obj (.data:_device)
                  20008680    00000054     release_pem4f.oem4f (.data:ti_sysbios_gates_GateMutex_Object__table__V)
                  200086d4    00000050     rtsv7M4_T_le_v4SPD16_eabi.lib : host_device.c.obj (.data:_stream)
                  20008724    0000004c     release_pem4f.oem4f (.data:ti_sysbios_knl_Task_Object__table__V)
                  20008770    00000044     release_pem4f.oem4f (.data:ti_sysbios_family_arm_msp432_Timer_Object__table__V)
                  200087b4    00000044     release_pem4f.oem4f (.data:ti_sysbios_knl_Task_Module__state__V)
                  200087f8    00000034     release_pem4f.oem4f (.data:ti_sysbios_family_arm_m3_Hwi_Module__state__V)
                  2000882c    00000030     release_pem4f.oem4f (.data:ti_sysbios_knl_Swi_Object__table__V)
                  2000885c    0000002c     drivers_msp432p401x.aem4f : PowerMSP432.oem4f (.data:PowerMSP432_module)
                  20008888    0000002c     release_pem4f.oem4f (.data:ti_sysbios_knl_Clock_Module__state__V)
                  200088b4    00000024     release_pem4f.oem4f (.data:ti_sysbios_BIOS_Module__state__V)
                  200088d8    00000020     release_pem4f.oem4f (.data:ti_sysbios_family_arm_msp432_Timer_Module_State_0_device__A)
                  200088f8    00000020     release_pem4f.oem4f (.data:xdc_runtime_Error_IgnoreBlock)
                  20008918    0000001c     release_pem4f.oem4f (.data:ti_sysbios_knl_Swi_Module__state__V)
                  20008934    00000018     release_pem4f.oem4f (.data:ti_sysbios_family_arm_m3_Hwi_Object__table__V)
                  2000894c    00000018     release_pem4f.oem4f (.data:ti_sysbios_heaps_HeapMem_Object__table__V)
                  20008964    00000010     rtsv7M4_T_le_v4SPD16_eabi.lib : defs.c.obj (.data)
                  20008974    00000010     release_pem4f.oem4f (.data:ti_sysbios_family_arm_msp432_Timer_Module_State_0_handles__A)
                  20008984    0000000c     rtsv7M4_T_le_v4SPD16_eabi.lib : exit.c.obj (.data:$O1$$)
                  20008990    0000000c     release_pem4f.oem4f (.data:ti_sysbios_family_arm_msp432_ClockFreqs_Module__state__V)
                  2000899c    0000000c     release_pem4f.oem4f (.data:ti_sysbios_family_arm_msp432_Timer_Module__state__V)
                  200089a8    00000008     rtsv7M4_T_le_v4SPD16_eabi.lib : _lock.c.obj (.data:$O1$$)
                  200089b0    00000008     servo.obj (.data)
                  200089b8    00000008     release_pem4f.oem4f (.data:ti_sysbios_family_arm_m3_Hwi_Module__root__V)
                  200089c0    00000008     release_pem4f.oem4f (.data:ti_sysbios_gates_GateHwi_Module__root__V)
                  200089c8    00000008     release_pem4f.oem4f (.data:ti_sysbios_gates_GateMutex_Module__root__V)
                  200089d0    00000008     release_pem4f.oem4f (.data:ti_sysbios_heaps_HeapMem_Module__root__V)
                  200089d8    00000008     release_pem4f.oem4f (.data:ti_sysbios_knl_Queue_Module__root__V)
                  200089e0    00000008     release_pem4f.oem4f (.data:ti_sysbios_knl_Semaphore_Module__root__V)
                  200089e8    00000008     release_pem4f.oem4f (.data:ti_sysbios_knl_Task_Module__root__V)
                  200089f0    00000008     release_pem4f.oem4f (.data:xdc_runtime_Startup_Module__state__V)
                  200089f8    00000008     release_pem4f.oem4f (.data:xdc_runtime_System_Module_State_0_atexitHandlers__A)
                  20008a00    00000008     release_pem4f.oem4f (.data:xdc_runtime_System_Module__state__V)
                  20008a08    00000004     rtsv7M4_T_le_v4SPD16_eabi.lib : stkdepth_vars.c.obj (.data)
                  20008a0c    00000004     release_pem4f.oem4f (.data:ti_sysbios_family_arm_m3_Hwi_Module_State_0_excContext__A)
                  20008a10    00000004     release_pem4f.oem4f (.data:ti_sysbios_family_arm_m3_Hwi_Module_State_0_excStack__A)
                  20008a14    00000004     release_pem4f.oem4f (.data:ti_sysbios_gates_GateHwi_Object__table__V)
                  20008a18    00000004     release_pem4f.oem4f (.data:ti_sysbios_knl_Task_Module_State_0_idleTask__A)
                  20008a1c    00000004     release_pem4f.oem4f (.data:ti_sysbios_rts_ti_ReentSupport_Module__state__V)
                  20008a20    00000004     release_pem4f.oem4f (.data:xdc_runtime_Memory_Module__state__V)
                  20008a24    00000002     release_pem4f.oem4f (.data:ti_sysbios_family_arm_m3_Hwi_Module_State_0_excActive__A)
                  20008a26    00000001     drivers_msp432p401x.aem4f : I2C.oem4f (.data)
                  20008a27    00000001                               : PWM.oem4f (.data)

.bss       0    20008a28    0000060c     UNINITIALIZED
                  20008a28    00000200     release_pem4f.oem4f (.bss:taskStackSection)
                  20008c28    00000140     (.common:ti_sysbios_family_arm_m3_Hwi_dispatchTable)
                  20008d68    00000120     rtsv7M4_T_le_v4SPD16_eabi.lib : trgmsg.c.obj (.bss:_CIOBUF_)
                  20008e88    000000a0     (.common:__TI_tmpnams)
                  20008f28    00000050     (.common:i2cMSP432Objects)
                  20008f78    0000001c     (.common:i2cTransaction)
                  20008f94    00000018     (.common:params)
                  20008fac    00000018     (.common:pwmTimerMSP432Objects)
                  20008fc4    00000014     msp432_mpu6050.obj (.bss:rxBuffer)
                  20008fd8    00000010     (.common:i2cParams)
                  20008fe8    0000000c     (.common:txBuffer)
                  20008ff4    00000008     msp432_mpu6050.obj (.bss:axisData$1)
                  20008ffc    00000008     msp432p4xx_driverlib.lib : cs.o (.bss)
                  20009004    00000004     drivers_msp432p401x.aem4f : TimerMSP432.oem4f (.bss:timerState)
                  20009008    00000008     (.common:Output)
                  20009010    00000008     (.common:kp)
                  20009018    00000008     (.common:parmbuf)
                  20009020    00000008     (.common:setPoint)
                  20009028    00000004     (.common:finalPWM)
                  2000902c    00000004     (.common:i2c)
                  20009030    00000004     (.common:ti_sysbios_knl_Task_Instance_State_0_hookEnv__A)

.priheap   0    20000140    00008000     UNINITIALIZED
                  20000140    00008000     --HOLE--

.stack     0    2000fc00    00000400     UNINITIALIZED
                  2000fc00    00000400     --HOLE--

.bootVecs 
*          0    00000000    00000008     DSECT
                  00000000    00000008     boot.aem4f : boot.oem4f (.bootVecs)

.resetVecs 
*          0    00000000    0000003c     
                  00000000    0000003c     release_pem4f.oem4f (.resetVecs)

.vecs      0    20000000    00000140     NOLOAD SECTION
                  20000000    00000140     release_pem4f.oem4f (.vecs)

xdc.meta   0    00000000    00000105     COPY SECTION
                  00000000    00000105     release_pem4f.oem4f (xdc.meta)

xdc.noload 
*          0    00000000    00000000     COPY SECTION

.binit     0    00000000    00000000     

MODULE SUMMARY

       Module                       code    ro data   rw data
       ------                       ----    -------   -------
    .\
       msp432_mpu6050.obj           891     0         176    
       servo.obj                    864     0         64     
       i2cmasterexample1.obj        312     0         56     
       main_tirtos.obj              100     0         0      
    +--+----------------------------+-------+---------+---------+
       Total:                       2167    0         296    
                                                             
    .\syscfg\
       ti_drivers_config.obj        14      132       208    
    +--+----------------------------+-------+---------+---------+
       Total:                       14      132       208    
                                                             
    C:\Users\sjhDA\workspace_v9\MPU6050\tirtos_builds_MSP_EXP432P401R_release_ccs\Debug\configPkg\package\cfg\
       release_pem4f.oem4f          1466    1082      4348   
    +--+----------------------------+-------+---------+---------+
       Total:                       1466    1082      4348   
                                                             
    C:/ti/simplelink_msp432p4_sdk_3_30_00_13/kernel/tirtos/packages/ti/dpl/lib/dpl_msp432p401x.aem4f
       PowerMSP432_tirtos.oem4f     122     0         0      
       SemaphoreP_tirtos.oem4f      102     0         0      
       HwiP_tirtos.oem4f            96      0         0      
    +--+----------------------------+-------+---------+---------+
       Total:                       320     0         0      
                                                             
    C:/ti/simplelink_msp432p4_sdk_3_30_00_13/source/ti/devices/msp432p4xx/driverlib/ccs/msp432p4xx_driverlib.lib
       pcm.o                        1770    0         0      
       cs.o                         704     0         16     
       i2c.o                        108     0         0      
       sysctl_a.o                   64      0         0      
       rtc_c.o                      44      0         0      
       wdt_a.o                      36      0         0      
       cpu.o                        28      0         0      
       sysctl.o                     16      0         0      
    +--+----------------------------+-------+---------+---------+
       Total:                       2770    0         16     
                                                             
    C:/ti/simplelink_msp432p4_sdk_3_30_00_13/source/ti/drivers/lib/drivers_msp432p401x.aem4f
       PowerMSP432.oem4f            2196    0         728    
       PWMTimerMSP432.oem4f         1992    52        544    
       I2CMSP432.oem4f              2028    36        0      
       TimerMSP432.oem4f            204     0         8      
       PWM.oem4f                    172     24        2      
       I2C.oem4f                    172     16        2      
       List.oem4f                   76      0         0      
    +--+----------------------------+-------+---------+---------+
       Total:                       6840    128       1284   
                                                             
    C:\Users\sjhDA\workspace_v9\MPU6050\tirtos_builds_MSP_EXP432P401R_release_ccs\src\sysbios\sysbios.aem4f
       BIOS.obj                     8198    0         272    
       m3_Hwi_asm.obj               318     0         0      
       m3_TaskSupport_asm.obj       180     0         0      
       m3_Hwi_asm_switch.obj        118     0         0      
    +--+----------------------------+-------+---------+---------+
       Total:                       8814    0         272    
                                                             
    C:\ti\ccs910\ccs\tools\compiler\ti-cgt-arm_18.12.2.LTS\lib\rtsv7M4_T_le_v4SPD16_eabi.lib
       _printfi.c.obj               4851    0         0      
       defs.c.obj                   0       0         832    
       trgmsg.c.obj                 108     0         576    
       fd_add_t2.asm.obj            438     0         0      
       host_device.c.obj            0       0         400    
       fd_div_t2.asm.obj            310     0         0      
       fputs.c.obj                  276     0         0      
       s_scalbn.c.obj               272     0         0      
       fd_cmp_t2.asm.obj            268     0         0      
       ctype.c.obj                  0       257       0      
       fd_mul_t2.asm.obj            252     0         0      
       s_floor.c.obj                248     0         0      
       setvbuf.c.obj                220     0         0      
       memcpy_t2.asm.obj            156     0         0      
       ull_div_t2.asm.obj           150     0         0      
       fputc.c.obj                  140     0         0      
       memset_t2.asm.obj            122     0         0      
       fclose.c.obj                 116     0         0      
       getdevice.c.obj              116     0         0      
       hostopen.c.obj               96      0         16     
       printf.c.obj                 112     0         0      
       copy_decompress_lzss.c.obj   104     0         0      
       hostlseek.c.obj              104     0         0      
       hostrename.c.obj             104     0         0      
       fseek.c.obj                  100     0         0      
       s_frexp.c.obj                100     0         0      
       _io_perm.c.obj               98      0         0      
       close.c.obj                  92      0         0      
       hostread.c.obj               88      0         0      
       hostwrite.c.obj              88      0         0      
       ltoa.c.obj                   84      0         0      
       atoi.c.obj                   76      0         0      
       cpy_tbl.c.obj                76      0         0      
       fflush.c.obj                 76      0         0      
       fd_toi_t2.asm.obj            72      0         0      
       hostclose.c.obj              68      0         0      
       hostunlink.c.obj             68      0         0      
       strncpy.c.obj                54      0         0      
       fopen.c.obj                  52      0         0      
       i_tofd_t2.asm.obj            46      0         0      
       unlink.c.obj                 44      0         0      
       _lock.c.obj                  26      0         16     
       lseek.c.obj                  40      0         0      
       write.c.obj                  40      0         0      
       memchr.c.obj                 32      0         0      
       memccpy.c.obj                28      0         0      
       s_copysign.c.obj             26      0         0      
       args_main.c.obj              24      0         0      
       exit.c.obj                   0       0         24     
       strcmp.c.obj                 24      0         0      
       strchr.c.obj                 22      0         0      
       strcpy.c.obj                 20      0         0      
       strlen.c.obj                 20      0         0      
       wcslen.c.obj                 18      0         0      
       copy_decompress_none.c.obj   14      0         0      
       copy_zero_init.c.obj         12      0         0      
       stkdepth_vars.c.obj          0       0         8      
       div0.asm.obj                 2       0         0      
    +--+----------------------------+-------+---------+---------+
       Total:                       10193   257       1872   
                                                             
    C:\ti\simplelink_msp432p4_sdk_3_30_00_13\kernel\tirtos\packages\ti\targets\arm\rtsarm\lib\auto_init.aem4f
       auto_init.oem4f              160     0         0      
    +--+----------------------------+-------+---------+---------+
       Total:                       160     0         0      
                                                             
    C:\ti\simplelink_msp432p4_sdk_3_30_00_13\kernel\tirtos\packages\ti\targets\arm\rtsarm\lib\boot.aem4f
       boot.oem4f                   88      0         0      
    +--+----------------------------+-------+---------+---------+
       Total:                       88      0         0      
                                                             
       Stack:                       0       0         2048   
       Linker Generated:            0       640       0      
    +--+----------------------------+-------+---------+---------+
       Grand Total:                 32832   2239      10344  


LINKER GENERATED COPY TABLES

__TI_cinit_table @ 00008a00 records: 2, size/record: 8, table size: 16
	.data: load addr=00008790, load size=0000025c bytes, run addr=20008140, run size=000008e8 bytes, compression=lzss
	.bss: load addr=000089f8, load size=00000008 bytes, run addr=20008a28, run size=0000060c bytes, compression=zero_init


LINKER GENERATED HANDLER TABLE

__TI_handler_table @ 000089ec records: 3, size/record: 4, table size: 12
	index: 0, handler: __TI_decompress_lzss
	index: 1, handler: __TI_decompress_none
	index: 2, handler: __TI_zero_init


GLOBAL SYMBOLS: SORTED ALPHABETICALLY BY Name 

address   name                                                            
-------   ----                                                            
00007f57  Board_init                                                      
00000a8f  Board_initHook                                                  
00006ceb  C$$IO$$                                                         
00007f63  CPU_cpsid                                                       
00007f6f  CPU_cpsie                                                       
00003485  CPU_wfi                                                         
00007715  CS_setExternalClockSourceFrequency                              
000033a1  CS_startHFXTWithTimeout                                         
0000356d  CS_startLFXTWithTimeout                                         
000086a8  Display_count                                                   
00008000  HEAPSIZE                                                        
00006721  HOSTclose                                                       
000053c1  HOSTlseek                                                       
00005961  HOSTopen                                                        
00005d11  HOSTread                                                        
00005429  HOSTrename                                                      
00006765  HOSTunlink                                                      
00005d69  HOSTwrite                                                       
[...]
00007ef9  xdc_runtime_SysCallback_abort__E                                
00007ef9  xdc_runtime_System_SupportProxy_abort__E                        
00007f09  xdc_runtime_SysCallback_exit__E                                 
00007f09  xdc_runtime_System_SupportProxy_exit__E                         
00007f19  __TI_decompress_none                                            
00007f29  pthread_attr_setdetachstate                                     
00007f39  ti_sysbios_knl_Idle_loop__E                                     
00007f49  ti_sysbios_knl_Queue_empty__E                                   
00007f57  Board_init                                                      
00007f63  CPU_cpsid                                                       
00007f6f  CPU_cpsie                                                       
00007f7b  HwiP_delete                                                     
00007f89  Power_getConstraintMask                                         
00007f95  Power_getPerformanceLevel                                       
00007fa1  SemaphoreP_delete                                               
00007fad  _register_lock                                                  
00007fb9  _register_unlock                                                
00007fc5  __TI_zero_init                                                  
00007fd1  pthread_self                                                    
00007fdd  ti_sysbios_family_arm_m3_Hwi_Params__init__S                    
00007fdd  ti_sysbios_hal_Hwi_HwiProxy_Params__init__S                     
00007fe9  ti_sysbios_family_arm_m3_Hwi_disableFxn__E                      
00007fe9  ti_sysbios_hal_Hwi_HwiProxy_disable__E                          
00007ff9  ti_sysbios_family_arm_m3_TaskSupport_getStackAlignment__E       
00007ff9  ti_sysbios_knl_Task_SupportProxy_getStackAlignment__E           
00008000  HEAPSIZE                                                        
00008009  ti_sysbios_family_arm_msp432_Timer_getMaxTicks__E               
00008019  ti_sysbios_gates_GateHwi_enter__E                               
00008025  ti_sysbios_knl_Queue_Object__get__S                             
00008031  ti_sysbios_knl_Semaphore_Params__init__S                        
0000803d  ti_sysbios_knl_Task_Params__init__S                             
00008049  ti_sysbios_knl_Task_self__E                                     
00008059  ti_sysbios_rts_ti_ReentSupport_taskRegHook__I                   
00008069  xdc_runtime_Gate_enterSystem__E                                 
00008079  xdc_runtime_Memory_calloc__E                                    
00008089  xdc_runtime_Startup_rtsDone__E                                  
00008095  PWM_setDuty                                                     
0000809f  PWM_start                                                       
000080a9  getAccel                                                        
000080b3  getGyro                                                         
000080bd  xdc_runtime_Memory_HeapProxy_alloc__E                           
000080c7  xdc_runtime_Memory_HeapProxy_free__E                            
000080d1  SemaphoreP_Params_init                                          
000080e1  pthread_attr_setstacksize                                       
000080e9  ti_sysbios_family_arm_m3_Hwi_doSwiRestore__I                    
000080f1  ti_sysbios_family_arm_m3_Hwi_startup__E                         
000080f1  ti_sysbios_hal_Hwi_HwiProxy_startup__E                          
000080f1  ti_sysbios_hal_Hwi_startup__E                                   
000080f9  PWMTimerMSP432_setDutyAndPeriod                                 
00008101  ti_sysbios_family_arm_m3_Hwi_doTaskRestore__I                   
00008109  HwiP_restore                                                    
00008109  ti_sysbios_family_arm_m3_Hwi_restoreFxn__E                      
00008109  ti_sysbios_hal_Hwi_HwiProxy_restore__E                          
00008111  ti_sysbios_gates_GateHwi_leave__E                               
00008119  ti_sysbios_heaps_HeapMem_isBlocking__E                          
00008121  ti_sysbios_knl_Queue_Instance_init__E                           
00008129  ti_sysbios_knl_Swi_startup__E                                   
00008131  xdc_runtime_System_Module_startup__E                            
00008139  __aeabi_errno_addr                                              
00008141  ti_sysbios_gates_GateHwi_query__E                               
00008141  xdc_runtime_Main_Module_GateProxy_query__E                      
00008141  xdc_runtime_System_Module_GateProxy_query__E                    
00008149  ti_sysbios_BIOS_RtsGateProxy_query__E                           
00008149  ti_sysbios_gates_GateMutex_query__E                             
00008149  ti_sysbios_heaps_HeapMem_Module_GateProxy_query__E              
00008151  ti_sysbios_knl_Task_startup__E                                  
00008159  ti_sysbios_BIOS_linkedWithIncorrectBootLibrary__E               
00008161  ti_sysbios_gates_GateHwi_Instance_init__E                       
00008169  ti_sysbios_knl_Clock_logTick__E                                 
00008171  xdc_runtime_SysCallback_defaultAbort                            
00008179  xdc_runtime_SysCallback_defaultExit                             
00008181  xdc_runtime_System_abortSpin__E                                 
00008189  xdc_runtime_System_exitSpin__E                                  
0000818c  _ctypes_                                                        
0000828d  xdc_runtime_Error_policy__C                                     
0000828e  ti_sysbios_family_arm_m3_Hwi_Module__id__C                      
000082d8  ti_sysbios_knl_Task_Object__PARAMS__C                           
00008314  PowerMSP432_config                                              
0000834c  ti_sysbios_family_arm_m3_Hwi_Object__PARAMS__C                  
0000837c  ti_sysbios_heaps_HeapMem_Module__FXNS__C                        
000083a4  PWMTimerMSP432_fxnTable                                         
000083c8  ti_sysbios_gates_GateHwi_Module__FXNS__C                        
000083ec  ti_sysbios_gates_GateMutex_Module__FXNS__C                      
00008410  ti_sysbios_heaps_HeapMem_Object__PARAMS__C                      
00008434  ti_sysbios_knl_Semaphore_Object__PARAMS__C                      
00008458  xdc_runtime_Startup_sfxnTab__A                                  
0000847c  ti_sysbios_family_arm_m3_Hwi_Object__DESC__C                    
0000849c  ti_sysbios_gates_GateHwi_Object__DESC__C                        
000084bc  ti_sysbios_gates_GateMutex_Object__DESC__C                      
000084dc  ti_sysbios_heaps_HeapMem_Object__DESC__C                        
000084fc  ti_sysbios_knl_Queue_Object__DESC__C                            
0000851c  ti_sysbios_knl_Semaphore_Object__DESC__C                        
0000853c  ti_sysbios_knl_Task_Object__DESC__C                             
0000855c  I2CMSP432_fxnTable                                              
00008574  PWM_config                                                      
0000858c  PWM_defaultParams                                               
000085a4  ti_sysbios_gates_GateHwi_Object__PARAMS__C                      
000085bc  ti_sysbios_gates_GateMutex_Object__PARAMS__C                    
000085d4  ti_sysbios_knl_Queue_Object__PARAMS__C                          
000085ec  ti_sysbios_knl_Task_hooks__A                                    
00008604  i2cMSP432HWAttrs                                                
00008618  xdc_runtime_Startup_sfxnRts__A                                  
0000862a  ti_sysbios_family_arm_msp432_init_Boot_bypassHFXT__C            
0000862c  I2C_defaultParams                                               
0000864c  pwmTimerMSP432HWAttrs                                           
0000865c  I2C_config                                                      
00008674  xdc_runtime_Startup_firstFxns__A                                
00008680  ti_sysbios_knl_Idle_funcList__A                                 
00008688  ti_sysbios_knl_Idle_funcList__C                                 
00008690  ti_sysbios_knl_Task_hooks__C                                    
00008698  xdc_runtime_Startup_firstFxns__C                                
000086a0  xdc_runtime_Startup_lastFxns__C                                 
000086a8  Display_count                                                   
000086a9  I2C_count                                                       
000086aa  PWM_count                                                       
000086ab  UART_count                                                      
000086ac  ti_sysbios_family_arm_m3_Hwi_E_alreadyDefined__C                
000086b0  ti_sysbios_family_arm_m3_Hwi_E_badIntNum__C                     
000086b4  ti_sysbios_family_arm_m3_Hwi_NUM_INTERRUPTS__C                  
000086b8  ti_sysbios_family_arm_m3_Hwi_Object__count__C                   
000086bc  ti_sysbios_family_arm_m3_Hwi_ccr__C                             
000086c0  ti_sysbios_family_arm_m3_Hwi_excHandlerFunc__C                  
000086c4  ti_sysbios_family_arm_m3_Hwi_nullIsrFunc__C                     
000086c8  ti_sysbios_family_arm_m3_Hwi_priGroup__C                        
000086cc  ti_sysbios_family_arm_m3_Hwi_swiDisable__C                      
000086d0  ti_sysbios_family_arm_m3_Hwi_swiRestore__C                      
000086d4  ti_sysbios_family_arm_m3_TaskSupport_stackAlignment__C          
000086d8  ti_sysbios_family_arm_msp432_Timer_numTimerDevices__C           
000086dc  ti_sysbios_family_arm_msp432_Timer_startupNeeded__C             
000086e0  ti_sysbios_gates_GateMutex_Instance_State_sem__O                
000086e4  ti_sysbios_heaps_HeapMem_E_memory__C                            
000086e8  ti_sysbios_heaps_HeapMem_Module__gateObj__C                     
000086ec  ti_sysbios_heaps_HeapMem_Object__count__C                       
000086f0  ti_sysbios_heaps_HeapMem_primaryHeapBaseAddr__C                 
000086f4  ti_sysbios_heaps_HeapMem_primaryHeapEndAddr__C                  
000086f8  ti_sysbios_heaps_HeapMem_reqAlign__C                            
000086fc  ti_sysbios_knl_Clock_Module_State_clockQ__O                     
00008700  ti_sysbios_knl_Mailbox_Instance_State_freeQue__O                
00008704  ti_sysbios_knl_Mailbox_Object__count__C                         
00008708  ti_sysbios_knl_Mailbox_maxTypeAlign__C                          
0000870c  ti_sysbios_knl_Semaphore_Instance_State_pendQ__O                
00008710  ti_sysbios_knl_Swi_Object__count__C                             
00008714  ti_sysbios_knl_Task_Module_State_inactiveQ__O                   
00008718  ti_sysbios_knl_Task_Object__count__C                            
0000871c  ti_sysbios_knl_Task_Object__heap__C                             
00008720  ti_sysbios_knl_Task_allBlockedFunc__C                           
00008724  ti_sysbios_knl_Task_defaultStackHeap__C                         
00008728  ti_sysbios_knl_Task_defaultStackSize__C                         
0000872c  ti_sysbios_knl_Task_numConstructedTasks__C                      
00008730  xdc_runtime_Error_E_memory__C                                   
00008734  xdc_runtime_Error_policyFxn__C                                  
00008738  xdc_runtime_IGateProvider_Interface__BASE__C                    
0000873c  xdc_runtime_IHeap_Interface__BASE__C                            
00008740  xdc_runtime_IModule_Interface__BASE__C                          
00008744  xdc_runtime_Memory_defaultHeapInstance__C                       
00008748  xdc_runtime_Startup_execImpl__C                                 
0000874c  xdc_runtime_Startup_maxPasses__C                                
00008750  xdc_runtime_Startup_sfxnRts__C                                  
00008754  xdc_runtime_Startup_sfxnTab__C                                  
00008758  xdc_runtime_SysCallback_abortFxn__C                             
0000875c  xdc_runtime_SysCallback_exitFxn__C                              
00008760  xdc_runtime_System_Module__gateObj__C                           
00008764  xdc_runtime_System_abortFxn__C                                  
00008768  xdc_runtime_System_exitFxn__C                                   
0000876c  xdc_runtime_System_maxAtexitHandlers__C                         
00008770  xdc_runtime_Text_charTab__C                                     
00008774  xdc_runtime_Text_nameEmpty__C                                   
00008778  xdc_runtime_Text_nameStatic__C                                  
0000877c  xdc_runtime_Text_nameUnknown__C                                 
00008780  ti_sysbios_family_arm_msp432_init_Boot_bypassLFXT__C            
00008782  ti_sysbios_family_arm_msp432_init_Boot_enableHFXT__C            
00008784  ti_sysbios_family_arm_msp432_init_Boot_enableLFXT__C            
00008786  ti_sysbios_heaps_HeapMem_Module__id__C                          
00008788  xdc_runtime_Memory_Module__id__C                                
0000878a  xdc_runtime_Text_charCnt__C                                     
0000878c  xdc_runtime_Text_isLoaded__C                                    
0000878e  xdc_runtime_Text_charTab__A                                     
00008790  __TI_static_base__                                              
000089ec  __TI_Handler_Table_Base                                         
000089f8  __TI_Handler_Table_Limit                                        
00008a00  __TI_CINIT_Base                                                 
00008a10  __TI_CINIT_Limit                                                
20000000  ti_sysbios_family_arm_m3_Hwi_ramVectors                         
20000140  __primary_heap_start__                                          
20008140  PowerMSP432_perfLevels                                          
20008140  __primary_heap_end__                                            
20008390  _ftable                                                         
20008508  ti_sysbios_knl_Swi_Module_State_0_readyQ__A                     
20008588  ti_sysbios_knl_Task_Module_State_0_readyQ__A                    
20008608  _device                                                         
20008680  ti_sysbios_gates_GateMutex_Object__table__V                     
200086d4  _stream                                                         
20008724  ti_sysbios_knl_Task_Object__table__V                            
20008770  ti_sysbios_family_arm_msp432_Timer_Object__table__V             
200087b4  ti_sysbios_knl_Task_Module__state__V                            
200087f8  ti_sysbios_family_arm_m3_Hwi_Module__state__V                   
2000882c  ti_sysbios_knl_Swi_Object__table__V                             
2000885c  PowerMSP432_module                                              
20008888  ti_sysbios_knl_Clock_Module__state__V                           
200088b4  ti_sysbios_BIOS_Module__state__V                                
200088d8  ti_sysbios_family_arm_msp432_Timer_Module_State_0_device__A     
200088f8  xdc_runtime_Error_IgnoreBlock                                   
20008918  ti_sysbios_knl_Swi_Module__state__V                             
20008934  ti_sysbios_family_arm_m3_Hwi_Object__table__V                   
2000894c  ti_sysbios_heaps_HeapMem_Object__table__V                       
20008964  __TI_ft_end                                                     
20008968  __aeabi_stdin                                                   
2000896c  __aeabi_stdout                                                  
20008970  __aeabi_stderr                                                  
20008974  ti_sysbios_family_arm_msp432_Timer_Module_State_0_handles__A    
20008984  __TI_cleanup_ptr                                                
20008988  __TI_dtors_ptr                                                  
2000898c  __TI_enable_exit_profile_output                                 
20008990  ti_sysbios_family_arm_msp432_ClockFreqs_Module__state__V        
2000899c  ti_sysbios_family_arm_msp432_Timer_Module__state__V             
200089a8  _lock                                                           
200089ac  _unlock                                                         
200089b0  pwm2                                                            
200089b4  delayTime                                                       
200089b8  ti_sysbios_family_arm_m3_Hwi_Module__root__V                    
200089c0  ti_sysbios_gates_GateHwi_Module__root__V                        
200089c8  ti_sysbios_gates_GateMutex_Module__root__V                      
200089d0  ti_sysbios_heaps_HeapMem_Module__root__V                        
200089d8  ti_sysbios_knl_Queue_Module__root__V                            
200089e0  ti_sysbios_knl_Semaphore_Module__root__V                        
200089e8  ti_sysbios_knl_Task_Module__root__V                             
200089f0  xdc_runtime_Startup_Module__state__V                            
200089f8  xdc_runtime_System_Module_State_0_atexitHandlers__A             
20008a00  xdc_runtime_System_Module__state__V                             
20008a08  main_func_sp                                                    
20008a0c  ti_sysbios_family_arm_m3_Hwi_Module_State_0_excContext__A       
20008a10  ti_sysbios_family_arm_m3_Hwi_Module_State_0_excStack__A         
20008a14  ti_sysbios_gates_GateHwi_Object__table__V                       
20008a18  ti_sysbios_knl_Task_Module_State_0_idleTask__A                  
20008a1c  ti_sysbios_rts_ti_ReentSupport_Module__state__V                 
20008a20  xdc_runtime_Memory_Module__state__V                             
20008a24  ti_sysbios_family_arm_m3_Hwi_Module_State_0_excActive__A        
20008a28  ti_sysbios_knl_Task_Instance_State_0_stack__A                   
20008c28  ti_sysbios_family_arm_m3_Hwi_dispatchTable                      
20008d68  __CIOBUF_                                                       
20008e88  __TI_tmpnams                                                    
20008f28  i2cMSP432Objects                                                
20008f78  i2cTransaction                                                  
20008f94  params                                                          
20008fac  pwmTimerMSP432Objects                                           
20008fd8  i2cParams                                                       
20008fe8  txBuffer                                                        
20009008  Output                                                          
20009010  kp                                                              
20009018  parmbuf                                                         
20009020  setPoint                                                        
20009028  finalPWM                                                        
2000902c  i2c                                                             
20009030  ti_sysbios_knl_Task_Instance_State_0_hookEnv__A                 
2000fc00  __stack                                                         
20010000  __STACK_END                                                     
4000480c  WDTCTL_SYM                                                      
e000e000  ti_sysbios_family_arm_m3_Hwi_nvic                               
ffffffff  __TI_pprof_out_hndl                                             
ffffffff  __TI_prof_data_size                                             
ffffffff  __TI_prof_data_start                                            
ffffffff  __binit__                                                       
ffffffff  __c_args__                                                      
ffffffff  binit                                                           
UNDEFED   SHT$$INIT_ARRAY$$Base                                           
UNDEFED   SHT$$INIT_ARRAY$$Limit                                          

[619 symbols]
