******************************************************************************
                  TI ARM Linker PC v18.12.2                    
******************************************************************************
>> Linked Tue Nov 19 17:39:00 2019

OUTPUT FILE NAME:   <servo_mpu6050_tirtos_ccs.out>
ENTRY POINT SYMBOL: "_c_int00"  address: 00005cc1


MEMORY CONFIGURATION

         name            origin    length      used     unused   attr    fill
----------------------  --------  ---------  --------  --------  ----  --------
  MAIN                  00000000   00040000  000089b5  0003764b  R  X
  INFO                  00200000   00004000  00000000  00004000  R  X
  SRAM_CODE             01000000   00010000  00009400  00006c00  RW X
  SRAM_DATA             20000000   00010000  00009400  00006c00  RW  


SEGMENT ALLOCATION MAP

run origin  load origin   length   init length attrs members
----------  ----------- ---------- ----------- ----- -------
00000000    00000000    000089c0   000089c0    r-x
  00000000    00000000    0000003c   0000003c    r-- .resetVecs
  00000040    00000040    000080f2   000080f2    r-x .text
  00008134    00008134    00000607   00000607    r-- .const
  00008740    00008740    00000280   00000280    r-- .cinit
20000140    20000140    00008000   00000000    r--
  20000140    20000140    00008000   00000000    r-- .priheap
20008140    20008140    00000ec0   00000000    rw-
  20008140    20008140    000008e0   00000000    rw- .data
  20008a20    20008a20    000005e0   00000000    rw- .bss
2000fc00    2000fc00    00000400   00000000    rw-
  2000fc00    2000fc00    00000400   00000000    rw- .stack


SECTION ALLOCATION MAP

 output                                  attributes/
section   page    origin      length       input sections
--------  ----  ----------  ----------   ----------------
.text      0    00000040    000080f2     
                  00000040    00000a4e     rtsv7M4_T_le_v4SPD16_eabi.lib : _printfi.c.obj (.text:__TI_printfi)
                  00000a8e    00000002     ti_drivers_config.obj (.text:Board_initHook)
                  00000a90    000002f8     drivers_msp432p401x.aem4f : PowerMSP432.oem4f (.text:Power_sleep)
                  00000d88    0000028a     msp432p4xx_driverlib.lib : pcm.o (.text:__PCM_setPowerStateAdvanced)
                  00001012    00000002     drivers_msp432p401x.aem4f : I2CMSP432.oem4f (.text:I2CMSP432_init)
                  00001014    00000288                               : PowerMSP432.oem4f (.text:initPerfControl)
                  0000129c    00000270     rtsv7M4_T_le_v4SPD16_eabi.lib : _printfi.c.obj (.text:_pconv_a)
                  0000150c    00000208     drivers_msp432p401x.aem4f : PWMTimerMSP432.oem4f (.text:PWMTimerMSP432_open)
                  00001714    000001f8                               : I2CMSP432.oem4f (.text:I2CMSP432_open)
                  0000190c    000001d8     i2cmasterexample1.obj (.text:mainThread)
                  00001ae4    000001d0     rtsv7M4_T_le_v4SPD16_eabi.lib : _printfi.c.obj (.text:_pconv_g)
                  00001cb4    000001b6                                   : fd_add_t2.asm.obj (.text)
                  00001e6a    00000184     drivers_msp432p401x.aem4f : I2CMSP432.oem4f (.text:I2CMSP432_hwiIntFxn)
                  00001fee    00000002                               : PWMTimerMSP432.oem4f (.text:PWMTimerMSP432_init)
                  00001ff0    0000015c     msp432p4xx_driverlib.lib : pcm.o (.text:__PCM_setPowerModeAdvanced)
                  0000214c    0000013c     rtsv7M4_T_le_v4SPD16_eabi.lib : _printfi.c.obj (.text:_pconv_e)
                  00002288    00000136                                   : fd_div_t2.asm.obj (.text)
                  000023be    00000002     dpl_msp432p401x.aem4f : PowerMSP432_tirtos.oem4f (.text:PowerMSP432_initPolicy)
                  000023c0    00000130     sysbios.aem4f : BIOS.obj (.text:ti_sysbios_knl_Semaphore_pend__E)
                  000024f0    00000124     rtsv7M4_T_le_v4SPD16_eabi.lib : _printfi.c.obj (.text:fcvt)
                  00002614    0000011c     drivers_msp432p401x.aem4f : I2CMSP432.oem4f (.text:primeTransfer)
                  00002730    00000114                               : PWMTimerMSP432.oem4f (.text:PWMTimerMSP432_setPeriod)
                  00002844    00000114     rtsv7M4_T_le_v4SPD16_eabi.lib : fputs.c.obj (.text:fputs)
                  00002958    00000110                                   : s_scalbn.c.obj (.text:scalbn)
                  00002a68    00000108     msp432p4xx_driverlib.lib : pcm.o (.text:__PCM_setCoreVoltageLevelAdvanced)
                  00002b70    00000108     sysbios.aem4f : BIOS.obj (.text:ti_sysbios_knl_Task_postInit__I)
                  00002c78    00000108                   : BIOS.obj (.text:xdc_runtime_Startup_startMods__I)
                  00002d80    00000104                   : BIOS.obj (.text:ti_sysbios_knl_Task_Instance_finalize__E)
                  00002e84    000000fc     rtsv7M4_T_le_v4SPD16_eabi.lib : fd_mul_t2.asm.obj (.text)
                  00002f80    000000f8     sysbios.aem4f : BIOS.obj (.text:ti_sysbios_family_arm_msp432_init_Boot_configureClocksHigh)
                  00003078    000000f0     drivers_msp432p401x.aem4f : I2CMSP432.oem4f (.text:I2CMSP432_transfer)
                  00003168    000000f0     sysbios.aem4f : BIOS.obj (.text:pthread_create)
                  00003258    000000f0                   : m3_Hwi_asm.obj (.text:ti_sysbios_family_arm_m3_Hwi_dispatch__I)
                  00003348    000000e4     msp432p4xx_driverlib.lib : cs.o (.text:CS_startHFXTWithTimeout)
                  0000342c    00000004                              : cpu.o (.text:CPU_wfi)
                  00003430    000000e4     sysbios.aem4f : BIOS.obj (.text:ti_sysbios_knl_Task_Instance_init__E)
                  00003514    000000e0     msp432p4xx_driverlib.lib : cs.o (.text:CS_startLFXTWithTimeout)
                  000035f4    000000dc                              : cs.o (.text:_CSGetHFXTFrequency)
                  000036d0    000000dc     rtsv7M4_T_le_v4SPD16_eabi.lib : setvbuf.c.obj (.text:setvbuf)
                  000037ac    000000d4     msp432_mpu6050.obj (.text:startMPU6050)
                  00003880    000000d0     sysbios.aem4f : BIOS.obj (.text:ti_sysbios_heaps_HeapMem_alloc__E)
                  00003950    000000c8     pwmservo.obj (.text:servoThread)
                  00003a18    000000c4     sysbios.aem4f : BIOS.obj (.text:ti_sysbios_knl_Task_sleep__E)
                  00003adc    000000c0     msp432_mpu6050.obj (.text:getFinalAngle)
                  00003b9c    00000004     dpl_msp432p401x.aem4f : HwiP_tirtos.oem4f (.text:HwiP_disable)
                  00003ba0    000000b8     sysbios.aem4f : BIOS.obj (.text:ti_sysbios_family_arm_m3_Hwi_Instance_init__E)
                  00003c58    000000b4     main_tirtos.obj (.text:main)
                  00003d0c    000000b1     rtsv7M4_T_le_v4SPD16_eabi.lib : _printfi.c.obj (.text:_ltostr)
                  00003dbd    00000001     --HOLE-- [fill = 0]
                  00003dbe    000000ac     drivers_msp432p401x.aem4f : I2CMSP432.oem4f (.text:I2CMSP432_cancel)
                  00003e6a    00000006                               : I2CMSP432.oem4f (.text:I2CMSP432_control)
                  00003e70    000000a8     sysbios.aem4f : BIOS.obj (.text:ti_sysbios_family_arm_msp432_Timer_periodicStub__E)
                  00003f18    000000a6                   : BIOS.obj (.text:xdc_runtime_Core_createObject__I)
                  00003fbe    00000002     rtsv7M4_T_le_v4SPD16_eabi.lib : _lock.c.obj (.text:_nop)
                  00003fc0    000000a4     drivers_msp432p401x.aem4f : PWMTimerMSP432.oem4f (.text:PWMTimerMSP432_stop)
                  00004064    00000004     dpl_msp432p401x.aem4f : SemaphoreP_tirtos.oem4f (.text:SemaphoreP_post)
                  00004068    000000a4     sysbios.aem4f : BIOS.obj (.text:ti_sysbios_knl_Task_setPri__E)
                  0000410c    000000a0     auto_init.aem4f : auto_init.oem4f (.text)
                  000041ac    0000009c     drivers_msp432p401x.aem4f : PowerMSP432.oem4f (.text:Power_init)
                  00004248    0000009c     rtsv7M4_T_le_v4SPD16_eabi.lib : memcpy_t2.asm.obj (.text)
                  000042e4    00000096                                   : ull_div_t2.asm.obj (.text)
                  0000437a    00000002                                   : div0.asm.obj (.text)
                  0000437c    00000094     drivers_msp432p401x.aem4f : PWMTimerMSP432.oem4f (.text:PWMTimerMSP432_setDuty)
                  00004410    00000094     sysbios.aem4f : BIOS.obj (.text:_pthread_removeThreadKeys)
                  000044a4    00000004     rtsv7M4_T_le_v4SPD16_eabi.lib : printf.c.obj (.text:_outc)
                  000044a8    00000094     sysbios.aem4f : BIOS.obj (.text:ti_sysbios_family_arm_m3_Hwi_initNVIC__E)
                  0000453c    00000004     rtsv7M4_T_le_v4SPD16_eabi.lib : printf.c.obj (.text:_outs)
                  00004540    00000094     sysbios.aem4f : BIOS.obj (.text:ti_sysbios_knl_Task_exit__E)
                  000045d4    00000004     release_pem4f.oem4f (.text:ti_sysbios_BIOS_RtsGateProxy_enter__E)
                  000045d8    00000090     sysbios.aem4f : BIOS.obj (.text:ti_sysbios_knl_Task_Module_startup__E)
                  00004668    0000008c     rtsv7M4_T_le_v4SPD16_eabi.lib : fputc.c.obj (.text:fputc)
                  000046f4    0000008c     sysbios.aem4f : m3_TaskSupport_asm.obj (.text:ti_sysbios_family_arm_m3_TaskSupport_buildTaskStack)
                  00004780    0000008c                   : BIOS.obj (.text:xdc_runtime_Memory_alloc__E)
                  0000480c    00000088     drivers_msp432p401x.aem4f : PWMTimerMSP432.oem4f (.text:PWMTimerMSP432_close)
                  00004894    00000086     rtsv7M4_T_le_v4SPD16_eabi.lib : fd_cmp_t2.asm.obj (.text:__aeabi_cdcmple)
                  0000491a    00000086                                   : fd_cmp_t2.asm.obj (.text:__aeabi_cdrcmple)
                  000049a0    00000086     sysbios.aem4f : BIOS.obj (.text:xdc_runtime_Core_constructObject__I)
                  00004a26    00000002     release_pem4f.oem4f (.text:ti_sysbios_BIOS_nullFunc__I)
                  00004a28    00000084     msp432p4xx_driverlib.lib : pcm.o (.text:PCM_gotoLPM3)
                  00004aac    00000084     drivers_msp432p401x.aem4f : PWMTimerMSP432.oem4f (.text:PWMTimerMSP432_start)
                  00004b30    00000084                               : PowerMSP432.oem4f (.text:restartHFXT)
                  00004bb4    00000004     release_pem4f.oem4f (.text:ti_sysbios_BIOS_RtsGateProxy_leave__E)
                  00004bb8    00000084     sysbios.aem4f : BIOS.obj (.text:ti_sysbios_family_arm_m3_Hwi_postInit__I)
                  00004c3c    00000004     release_pem4f.oem4f (.text:ti_sysbios_family_arm_m3_Hwi_delete)
                  00004c40    00000084     sysbios.aem4f : BIOS.obj (.text:ti_sysbios_heaps_HeapMem_free__E)
                  00004cc4    00000004     release_pem4f.oem4f (.text:ti_sysbios_family_arm_m3_TaskSupport_Module__startupDone__S)
                  00004cc8    00000080     sysbios.aem4f : BIOS.obj (.text:ti_sysbios_knl_Clock_workFunc__E)
                  00004d48    0000007c     drivers_msp432p401x.aem4f : PWMTimerMSP432.oem4f (.text:setConstraints)
                  00004dc4    0000007a     rtsv7M4_T_le_v4SPD16_eabi.lib : memset_t2.asm.obj (.text)
                  00004e3e    00000002     --HOLE-- [fill = 0]
                  00004e40    00000078     drivers_msp432p401x.aem4f : TimerMSP432.oem4f (.text:TimerMSP432_allocateTimerResource)
                  00004eb8    00000078     msp432_mpu6050.obj (.text:i2cWrite)
                  00004f30    00000076     drivers_msp432p401x.aem4f : I2CMSP432.oem4f (.text:I2CMSP432_close)
                  00004fa6    00000002     --HOLE-- [fill = 0]
                  00004fa8    00000074     rtsv7M4_T_le_v4SPD16_eabi.lib : fclose.c.obj (.text:__TI_closefile)
                  0000501c    00000070     msp432_mpu6050.obj (.text:i2cRead)
                  0000508c    00000004     release_pem4f.oem4f (.text:ti_sysbios_heaps_HeapMem_Module_GateProxy_enter__E)
                  00005090    00000070     sysbios.aem4f : BIOS.obj (.text:ti_sysbios_heaps_HeapMem_initPrimary__I)
                  00005100    0000006e     rtsv7M4_T_le_v4SPD16_eabi.lib : _printfi.c.obj (.text:_mcpy)
                  0000516e    00000002     --HOLE-- [fill = 0]
                  00005170    0000006d     msp432_mpu6050.obj (.text:wakeMPU6050)
                  000051dd    00000003     --HOLE-- [fill = 0]
                  000051e0    0000006c     msp432p4xx_driverlib.lib : i2c.o (.text:I2C_masterSendMultiByteFinish)
                  0000524c    00000004     release_pem4f.oem4f (.text:ti_sysbios_heaps_HeapMem_Module_GateProxy_leave__E)
                  00005250    0000006c     sysbios.aem4f : BIOS.obj (.text:ti_sysbios_knl_Swi_restoreHwi__E)
                  000052bc    0000006a     drivers_msp432p401x.aem4f : PWMTimerMSP432.oem4f (.text:perfChangeNotifyFxn)
                  00005326    00000002     --HOLE-- [fill = 0]
                  00005328    00000068     rtsv7M4_T_le_v4SPD16_eabi.lib : hostlseek.c.obj (.text:HOSTlseek)
                  00005390    00000068                                   : hostrename.c.obj (.text:HOSTrename)
                  000053f8    00000068     drivers_msp432p401x.aem4f : PowerMSP432.oem4f (.text:PowerMSP432_getFreqs)
                  00005460    00000068     rtsv7M4_T_le_v4SPD16_eabi.lib : copy_decompress_lzss.c.obj (.text:decompress:lzss:__TI_decompress_lzss)
                  000054c8    00000068     drivers_msp432p401x.aem4f : I2CMSP432.oem4f (.text:initHw)
                  00005530    00000068                               : PWMTimerMSP432.oem4f (.text:initHw)
                  00005598    00000068     rtsv7M4_T_le_v4SPD16_eabi.lib : printf.c.obj (.text:printf)
                  00005600    00000066     sysbios.aem4f : BIOS.obj (.text:xdc_runtime_Core_deleteObject__I)
                  00005666    00000002     --HOLE-- [fill = 0]
                  00005668    00000064     rtsv7M4_T_le_v4SPD16_eabi.lib : s_frexp.c.obj (.text:frexp)
                  000056cc    00000064                                   : fseek.c.obj (.text:fseek)
                  00005730    00000064     sysbios.aem4f : BIOS.obj (.text:pthread_exit)
                  00005794    00000004     release_pem4f.oem4f (.text:ti_sysbios_knl_Clock_TimerProxy_getMaxTicks__E)
                  00005798    00000064     sysbios.aem4f : BIOS.obj (.text:ti_sysbios_family_arm_m3_Hwi_dispatchC__I)
                  000057fc    00000062     rtsv7M4_T_le_v4SPD16_eabi.lib : _io_perm.c.obj (.text:__TI_wrt_ok)
                  0000585e    00000002     --HOLE-- [fill = 0]
                  00005860    00000060                                   : hostopen.c.obj (.text:HOSTopen)
                  000058c0    00000060     sysbios.aem4f : BIOS.obj (.text:ti_sysbios_knl_Semaphore_post__E)
                  00005920    00000060                   : BIOS.obj (.text:ti_sysbios_knl_Swi_run__I)
                  00005980    0000005e     msp432p4xx_driverlib.lib : pcm.o (.text:PCM_getCoreVoltageLevel)
                  000059de    00000002     --HOLE-- [fill = 0]
                  000059e0    0000005c     rtsv7M4_T_le_v4SPD16_eabi.lib : close.c.obj (.text:close)
                  00005a3c    0000005c     msp432_mpu6050.obj (.text:get3AxisData)
                  00005a98    0000005c     sysbios.aem4f : BIOS.obj (.text:ti_sysbios_knl_Swi_schedule__I)
                  00005af4    00000004     release_pem4f.oem4f (.text:ti_sysbios_knl_Semaphore_delete)
                  00005af8    0000005c     sysbios.aem4f : BIOS.obj (.text:ti_sysbios_knl_Task_startCore__E)
                  00005b54    00000004     release_pem4f.oem4f (.text:ti_sysbios_knl_Task_delete)
                  00005b58    0000005c     sysbios.aem4f : BIOS.obj (.text:xdc_runtime_Startup_exec__E)
                  00005bb4    0000005a     msp432p4xx_driverlib.lib : pcm.o (.text:PCM_getPowerMode)
                  00005c0e    00000002     --HOLE-- [fill = 0]
                  00005c10    00000058     rtsv7M4_T_le_v4SPD16_eabi.lib : hostread.c.obj (.text:HOSTread)
                  00005c68    00000058                                   : hostwrite.c.obj (.text:HOSTwrite)
                  00005cc0    00000058     boot.aem4f : boot.oem4f (.text)
                  00005d18    00000058     sysbios.aem4f : m3_Hwi_asm_switch.obj (.text:ti_sysbios_family_arm_m3_Hwi_initStacks__E)
                  00005d70    00000056     rtsv7M4_T_le_v4SPD16_eabi.lib : _printfi.c.obj (.text:_pconv_f)
                  00005dc6    00000056     drivers_msp432p401x.aem4f : I2CMSP432.oem4f (.text:completeTransfer)
                  00005e1c    00000054     msp432p4xx_driverlib.lib : pcm.o (.text:PCM_shutdownDevice)
                  00005e70    00000054     drivers_msp432p401x.aem4f : TimerMSP432.oem4f (.text:TimerMSP432_freeTimerResource)
                  00005ec4    00000054     rtsv7M4_T_le_v4SPD16_eabi.lib : ltoa.c.obj (.text:ltoa)
                  00005f18    00000054     msp432_mpu6050.obj (.text:setDegree)
                  00005f6c    00000054     release_pem4f.oem4f (.text:ti_sysbios_family_arm_m3_Hwi_create)
                  00005fc0    00000054     sysbios.aem4f : BIOS.obj (.text:ti_sysbios_family_arm_msp432_Timer_initDevice__I)
                  00006014    00000004     release_pem4f.oem4f (.text:xdc_runtime_System_Module_GateProxy_enter__E)
                  00006018    00000054     sysbios.aem4f : BIOS.obj (.text:xdc_runtime_Core_assignLabel__I)
                  0000606c    00000052     rtsv7M4_T_le_v4SPD16_eabi.lib : _printfi.c.obj (.text:_ecpy)
                  000060be    00000002     --HOLE-- [fill = 0]
                  000060c0    00000050     msp432_mpu6050.obj (.text:delayMs)
                  00006110    00000050     sysbios.aem4f : BIOS.obj (.text:ti_sysbios_family_arm_m3_Hwi_Module_startup__E)
                  00006160    00000050     release_pem4f.oem4f (.text:ti_sysbios_knl_Task_create)
                  000061b0    0000004c     dpl_msp432p401x.aem4f : PowerMSP432_tirtos.oem4f (.text:PowerMSP432_sleepPolicy)
                  000061fc    0000004c     rtsv7M4_T_le_v4SPD16_eabi.lib : fflush.c.obj (.text:__TI_doflush)
                  00006248    0000004c                                   : atoi.c.obj (.text:atoi)
                  00006294    0000004c                                   : cpy_tbl.c.obj (.text:copy_in)
                  000062e0    0000004c     sysbios.aem4f : BIOS.obj (.text:ti_sysbios_family_arm_msp432_Timer_postInit__I)
                  0000632c    00000004     release_pem4f.oem4f (.text:xdc_runtime_System_Module_GateProxy_leave__E)
                  00006330    0000004c     sysbios.aem4f : BIOS.obj (.text:ti_sysbios_family_arm_msp432_Timer_start__E)
                  0000637c    00000004     --HOLE-- [fill = 0]
                  00006380    0000004c                   : BIOS.obj (.text:ti_sysbios_heaps_HeapMem_getStats__E)
                  000063cc    00000004     --HOLE-- [fill = 0]
                  000063d0    0000004c                   : BIOS.obj (.text:ti_sysbios_knl_Swi_runLoop__I)
                  0000641c    00000004     --HOLE-- [fill = 0]
                  00006420    0000004c                   : BIOS.obj (.text:ti_sysbios_knl_Task_allBlockedFunction__I)
                  0000646c    00000004     --HOLE-- [fill = 0]
                  00006470    0000004c                   : BIOS.obj (.text:ti_sysbios_knl_Task_schedule__I)
                  000064bc    00000048     drivers_msp432p401x.aem4f : PowerMSP432.oem4f (.text:Power_releaseConstraint)
                  00006504    00000048     rtsv7M4_T_le_v4SPD16_eabi.lib : fd_toi_t2.asm.obj (.text)
                  0000654c    00000004     --HOLE-- [fill = 0]
                  00006550    00000048     sysbios.aem4f : BIOS.obj (.text:ti_sysbios_family_arm_m3_Hwi_disableInterrupt__E)
                  00006598    00000048                   : BIOS.obj (.text:ti_sysbios_family_arm_m3_Hwi_enableInterrupt__E)
                  000065e0    00000048                   : BIOS.obj (.text:ti_sysbios_knl_Mailbox_Module_startup__E)
                  00006628    00000048                   : BIOS.obj (.text:xdc_runtime_Core_assignParams__I)
                  00006670    00000044     rtsv7M4_T_le_v4SPD16_eabi.lib : hostclose.c.obj (.text:HOSTclose)
                  000066b4    00000044                                   : hostunlink.c.obj (.text:HOSTunlink)
                  000066f8    00000044     drivers_msp432p401x.aem4f : I2C.oem4f (.text:I2C_init)
                  0000673c    00000044                               : PWM.oem4f (.text:PWM_init)
                  00006780    00000044     rtsv7M4_T_le_v4SPD16_eabi.lib : getdevice.c.obj (.text:getdevice)
                  000067c4    00000044     drivers_msp432p401x.aem4f : I2CMSP432.oem4f (.text:perfChangeNotifyFxn)
                  00006808    00000044     sysbios.aem4f : BIOS.obj (.text:ti_sysbios_family_arm_m3_Hwi_getStackInfo__E)
                  0000684c    00000004     --HOLE-- [fill = 0]
                  00006850    00000044                   : BIOS.obj (.text:ti_sysbios_knl_Swi_post__E)
                  00006894    00000040     dpl_msp432p401x.aem4f : HwiP_tirtos.oem4f (.text:HwiP_create)
                  000068d4    00000040     drivers_msp432p401x.aem4f : I2C.oem4f (.text:I2C_open)
                  00006914    00000040                               : PWM.oem4f (.text:PWM_open)
                  00006954    00000040                               : PWMTimerMSP432.oem4f (.text:getDutyCounts)
                  00006994    00000040                               : PWMTimerMSP432.oem4f (.text:getPeriodCounts)
                  000069d4    00000004     --HOLE-- [fill = 0]
                  000069d8    00000040     sysbios.aem4f : BIOS.obj (.text:ti_sysbios_family_arm_msp432_Timer_Module_startup__E)
                  00006a18    00000040                   : BIOS.obj (.text:ti_sysbios_family_arm_msp432_Timer_startup__E)
                  00006a58    00000040                   : BIOS.obj (.text:ti_sysbios_heaps_HeapMem_Instance_init__E)
                  00006a98    0000003e     rtsv7M4_T_le_v4SPD16_eabi.lib : _printfi.c.obj (.text:_fcpy)
                  00006ad6    00000002     --HOLE-- [fill = 0]
                  00006ad8    0000003c     dpl_msp432p401x.aem4f : SemaphoreP_tirtos.oem4f (.text:SemaphoreP_create)
                  00006b14    00000004     --HOLE-- [fill = 0]
                  00006b18    0000003c     sysbios.aem4f : BIOS.obj (.text:ti_sysbios_family_arm_m3_Hwi_Instance_finalize__E)
                  00006b54    00000004     --HOLE-- [fill = 0]
                  00006b58    0000003c                   : BIOS.obj (.text:ti_sysbios_family_arm_msp432_Seconds_Module_startup__E)
                  00006b94    00000004     --HOLE-- [fill = 0]
                  00006b98    0000003c                   : BIOS.obj (.text:ti_sysbios_knl_Swi_restore__E)
                  00006bd4    00000004     --HOLE-- [fill = 0]
                  00006bd8    0000003c                   : BIOS.obj (.text:usleep)
                  00006c14    00000038     drivers_msp432p401x.aem4f : PowerMSP432.oem4f (.text:Power_setConstraint)
                  00006c4c    00000038     rtsv7M4_T_le_v4SPD16_eabi.lib : trgmsg.c.obj (.text:__TI_writemsg)
                  00006c84    00000038     msp432_mpu6050.obj (.text:initialiseI2C)
                  00006cbc    00000038     drivers_msp432p401x.aem4f : PowerMSP432.oem4f (.text:notify)
                  00006cf4    00000004     --HOLE-- [fill = 0]
                  00006cf8    00000038     sysbios.aem4f : BIOS.obj (.text:xdc_runtime_System_atexit__E)
                  00006d30    00000036     rtsv7M4_T_le_v4SPD16_eabi.lib : strncpy.c.obj (.text:strncpy)
                  00006d66    00000002     --HOLE-- [fill = 0]
                  00006d68    00000034                                   : fopen.c.obj (.text:__TI_cleanup)
                  00006d9c    00000034                                   : trgmsg.c.obj (.text:__TI_readmsg)
                  00006dd0    00000034     release_pem4f.oem4f (.text:ti_sysbios_knl_Semaphore_create)
                  00006e04    00000004     --HOLE-- [fill = 0]
                  00006e08    00000032     sysbios.aem4f : BIOS.obj (.text:ti_sysbios_hal_Hwi_initStack)
                  00006e3a    00000002     --HOLE-- [fill = 0]
                  00006e3c    00000030     rtsv7M4_T_le_v4SPD16_eabi.lib : getdevice.c.obj (.text:finddevice)
                  00006e6c    00000030     drivers_msp432p401x.aem4f : I2CMSP432.oem4f (.text:mapPin)
                  00006e9c    00000030                               : PWMTimerMSP432.oem4f (.text:mapPin)
                  00006ecc    00000030     release_pem4f.oem4f (.text:ti_sysbios_BIOS_atExitFunc__I)
                  00006efc    00000030     release_pem4f.oem4f (.text:ti_sysbios_BIOS_startFunc__I)
                  00006f2c    00000004     --HOLE-- [fill = 0]
                  00006f30    00000030     sysbios.aem4f : BIOS.obj (.text:ti_sysbios_family_arm_m3_TaskSupport_start__E)
                  00006f60    00000030     release_pem4f.oem4f (.text:ti_sysbios_gates_GateHwi_Object__create__S)
                  00006f90    00000030     release_pem4f.oem4f (.text:ti_sysbios_gates_GateMutex_Object__create__S)
                  00006fc0    00000030     sysbios.aem4f : BIOS.obj (.text:ti_sysbios_gates_GateMutex_enter__E)
                  00006ff0    00000030     release_pem4f.oem4f (.text:ti_sysbios_heaps_HeapMem_Object__create__S)
                  00007020    00000030     sysbios.aem4f : BIOS.obj (.text:ti_sysbios_knl_Mailbox_postInit__I)
                  00007050    00000030     release_pem4f.oem4f (.text:ti_sysbios_knl_Semaphore_construct)
                  00007080    00000030     sysbios.aem4f : BIOS.obj (.text:ti_sysbios_knl_Semaphore_pendTimeout__I)
                  000070b0    00000030                   : BIOS.obj (.text:ti_sysbios_knl_Task_processVitalTaskFlag__I)
                  000070e0    00000030                   : BIOS.obj (.text:ti_sysbios_knl_Task_restore__E)
                  00007110    00000030                   : BIOS.obj (.text:ti_sysbios_knl_Task_unblockI__E)
                  00007140    00000030                   : BIOS.obj (.text:xdc_runtime_System_processAtExit__E)
                  00007170    0000002e     rtsv7M4_T_le_v4SPD16_eabi.lib : i_tofd_t2.asm.obj (.text)
                  0000719e    0000002e     release_pem4f.oem4f (.text:ti_sysbios_rts_MemAlloc_alloc)
                  000071cc    0000002c     dpl_msp432p401x.aem4f : PowerMSP432_tirtos.oem4f (.text:PowerMSP432_updateFreqs)
                  000071f8    0000002c     msp432p4xx_driverlib.lib : rtc_c.o (.text:RTC_C_holdClock)
                  00007224    00000004     --HOLE-- [fill = 0]
                  00007228    0000002c     sysbios.aem4f : BIOS.obj (.text:_pthread_cleanupFxn)
                  00007254    00000004     --HOLE-- [fill = 0]
                  00007258    0000002c                   : BIOS.obj (.text:_pthread_delete$43)
                  00007284    0000002c     release_pem4f.oem4f (.text:ti_sysbios_knl_Clock_doTick__I)
                  000072b0    0000002c     release_pem4f.oem4f (.text:ti_sysbios_knl_Queue_construct)
                  000072dc    0000002c     rtsv7M4_T_le_v4SPD16_eabi.lib : unlink.c.obj (.text:unlink)
                  00007308    00000028     msp432p4xx_driverlib.lib : pcm.o (.text:PCM_gotoLPM0)
                  00007330    00000028     drivers_msp432p401x.aem4f : PowerMSP432.oem4f (.text:Power_registerNotify)
                  00007358    00000028                               : PowerMSP432.oem4f (.text:disableFaultCounter)
                  00007380    00000028                               : PowerMSP432.oem4f (.text:disableHFXT)
                  000073a8    00000028     rtsv7M4_T_le_v4SPD16_eabi.lib : lseek.c.obj (.text:lseek)
                  000073d0    00000028     sysbios.aem4f : m3_Hwi_asm.obj (.text:ti_sysbios_family_arm_m3_Hwi_excHandlerAsm__I)
                  000073f8    00000028                   : BIOS.obj (.text:ti_sysbios_knl_Clock_addI__E)
                  00007420    00000028                   : BIOS.obj (.text:ti_sysbios_knl_Swi_Module_startup__E)
                  00007448    00000028     rtsv7M4_T_le_v4SPD16_eabi.lib : write.c.obj (.text:write)
                  00007470    00000026     drivers_msp432p401x.aem4f : List.oem4f (.text:List_put)
                  00007496    00000026                               : List.oem4f (.text:List_remove)
                  000074bc    00000026                               : PWMTimerMSP432.oem4f (.text:releaseConstraints)
                  000074e2    00000026     sysbios.aem4f : m3_Hwi_asm.obj (.text:ti_sysbios_family_arm_m3_Hwi_pendSV__I)
                  00007508    00000024     msp432_mpu6050.obj (.text:SysTick_init)
                  0000752c    00000024     msp432p4xx_driverlib.lib : wdt_a.o (.text:WDT_A_holdTimer)
                  00007550    00000024     sysbios.aem4f : BIOS.obj (.text:pthread_attr_init)
                  00007574    00000024     release_pem4f.oem4f (.text:ti_sysbios_BIOS_registerRTSLock__I)
                  00007598    00000024     release_pem4f.oem4f (.text:ti_sysbios_BIOS_removeRTSLock__I)
                  000075bc    00000004     --HOLE-- [fill = 0]
                  000075c0    00000024     sysbios.aem4f : BIOS.obj (.text:ti_sysbios_family_arm_msp432_ClockFreqs_setFrequency__E)
                  000075e4    00000024     release_pem4f.oem4f (.text:ti_sysbios_gates_GateMutex_Object__delete__S)
                  00007608    00000024     sysbios.aem4f : BIOS.obj (.text:ti_sysbios_knl_Clock_Module_startup__E)
                  0000762c    00000004     --HOLE-- [fill = 0]
                  00007630    00000024                   : BIOS.obj (.text:ti_sysbios_knl_Semaphore_Instance_init__E)
                  00007654    00000024     release_pem4f.oem4f (.text:ti_sysbios_knl_Semaphore_Object__delete__S)
                  00007678    00000024     sysbios.aem4f : BIOS.obj (.text:ti_sysbios_knl_Task_restoreHwi__E)
                  0000769c    00000004     --HOLE-- [fill = 0]
                  000076a0    00000024                   : BIOS.obj (.text:xdc_runtime_Error_policyMin__E)
                  000076c4    00000020     msp432p4xx_driverlib.lib : cs.o (.text:CS_setExternalClockSourceFrequency)
                  000076e4    00000020     drivers_msp432p401x.aem4f : PowerMSP432.oem4f (.text:Power_unregisterNotify)
                  00007704    00000020     rtsv7M4_T_le_v4SPD16_eabi.lib : memchr.c.obj (.text:memchr)
                  00007724    00000020     msp432_mpu6050.obj (.text:setRegister)
                  00007744    00000020     release_pem4f.oem4f (.text:ti_sysbios_BIOS_rtsLock__I)
                  00007764    00000020     release_pem4f.oem4f (.text:ti_sysbios_family_arm_m3_Hwi_Object__delete__S)
                  00007784    00000020     release_pem4f.oem4f (.text:ti_sysbios_gates_GateHwi_Object__delete__S)
                  000077a4    00000020     release_pem4f.oem4f (.text:ti_sysbios_heaps_HeapMem_Object__delete__S)
                  000077c4    00000004     --HOLE-- [fill = 0]
                  000077c8    00000020     sysbios.aem4f : BIOS.obj (.text:ti_sysbios_knl_Idle_run__E)
                  000077e8    00000020     release_pem4f.oem4f (.text:ti_sysbios_knl_Semaphore_destruct)
                  00007808    00000020     release_pem4f.oem4f (.text:ti_sysbios_knl_Task_Object__delete__S)
                  00007828    0000001e     drivers_msp432p401x.aem4f : PWMTimerMSP432.oem4f (.text:corroboratePeriod)
                  00007846    0000001e     msp432_mpu6050.obj (.text:merge8bitTo16bit)
                  00007864    0000001e     sysbios.aem4f : m3_Hwi_asm_switch.obj (.text:ti_sysbios_family_xxx_Hwi_switchAndRunFunc)
                  00007882    00000002     --HOLE-- [fill = 0]
                  00007884    0000001c     msp432_mpu6050.obj (.text:getRegister)
                  000078a0    0000001c     rtsv7M4_T_le_v4SPD16_eabi.lib : memccpy.c.obj (.text:memccpy)
                  000078bc    00000004     --HOLE-- [fill = 0]
                  000078c0    0000001c     sysbios.aem4f : BIOS.obj (.text:ti_sysbios_family_arm_m3_Hwi_excHandler__I)
                  000078dc    00000004     --HOLE-- [fill = 0]
                  000078e0    0000001c                   : BIOS.obj (.text:ti_sysbios_gates_GateMutex_Instance_init__E)
                  000078fc    0000001c     release_pem4f.oem4f (.text:ti_sysbios_knl_Queue_destruct)
                  00007918    0000001c     sysbios.aem4f : BIOS.obj (.text:ti_sysbios_knl_Queue_put__E)
                  00007934    00000004     --HOLE-- [fill = 0]
                  00007938    0000001c                   : BIOS.obj (.text:ti_sysbios_knl_Task_enter__I)
                  00007954    00000004     --HOLE-- [fill = 0]
                  00007958    0000001c                   : BIOS.obj (.text:ti_sysbios_rts_ti_ReentSupport_getReent__F)
                  00007974    00000004     --HOLE-- [fill = 0]
                  00007978    0000001c                   : BIOS.obj (.text:xdc_runtime_Memory_valloc__E)
                  00007994    00000004     --HOLE-- [fill = 0]
                  00007998    0000001c                   : BIOS.obj (.text:xdc_runtime_System_abort__E)
                  000079b4    0000001a     rtsv7M4_T_le_v4SPD16_eabi.lib : s_copysign.c.obj (.text:copysign)
                  000079ce    0000001a     release_pem4f.oem4f (.text:free)
                  000079e8    00000018     release_pem4f.oem4f (.text:.bootCodeSection:ti_sysbios_family_arm_msp432_init_Boot_init__I)
                  00007a00    00000018     drivers_msp432p401x.aem4f : I2C.oem4f (.text:I2C_transfer)
                  00007a18    00000018     msp432p4xx_driverlib.lib : sysctl_a.o (.text:SysCtl_A_disableNMISource)
                  00007a30    00000018                              : sysctl_a.o (.text:SysCtl_A_enableNMISource)
                  00007a48    00000018     rtsv7M4_T_le_v4SPD16_eabi.lib : args_main.c.obj (.text:_args_main)
                  00007a60    00000018     drivers_msp432p401x.aem4f : PWMTimerMSP432.oem4f (.text:corroborateDuty)
                  00007a78    00000018     rtsv7M4_T_le_v4SPD16_eabi.lib : strcmp.c.obj (.text:strcmp)
                  00007a90    00000018     release_pem4f.oem4f (.text:ti_sysbios_BIOS_rtsUnlock__I)
                  00007aa8    00000018     release_pem4f.oem4f (.text:ti_sysbios_family_arm_m3_Hwi_Module__startupDone__F)
                  00007ac0    00000018     sysbios.aem4f : m3_TaskSupport_asm.obj (.text:ti_sysbios_family_arm_m3_TaskSupport_swap__E)
                  00007ad8    00000018     release_pem4f.oem4f (.text:ti_sysbios_family_arm_msp432_Timer_Module__startupDone__F)
                  00007af0    00000018     release_pem4f.oem4f (.text:ti_sysbios_gates_GateHwi_Handle__label__S)
                  00007b08    00000018     release_pem4f.oem4f (.text:ti_sysbios_gates_GateMutex_Handle__label__S)
                  00007b20    00000018     sysbios.aem4f : BIOS.obj (.text:ti_sysbios_gates_GateMutex_leave__E)
                  00007b38    00000018     release_pem4f.oem4f (.text:ti_sysbios_heaps_HeapMem_Handle__label__S)
                  00007b50    00000018     sysbios.aem4f : BIOS.obj (.text:ti_sysbios_knl_Task_sleepTimeout__I)
                  00007b68    00000018     release_pem4f.oem4f (.text:ti_sysbios_rts_ti_ReentSupport_getTlsAddr__I)
                  00007b80    00000018     sysbios.aem4f : BIOS.obj (.text:xdc_runtime_Error_init__E)
                  00007b98    00000018                   : BIOS.obj (.text:xdc_runtime_System_exit__E)
                  00007bb0    00000016     rtsv7M4_T_le_v4SPD16_eabi.lib : strchr.c.obj (.text:strchr)
                  00007bc6    00000016     release_pem4f.oem4f (.text:ti_sysbios_BIOS_exitFunc__I)
                  00007bdc    00000004     --HOLE-- [fill = 0]
                  00007be0    00000016     sysbios.aem4f : BIOS.obj (.text:ti_sysbios_knl_Task_unblock__E)
                  00007bf6    00000002     --HOLE-- [fill = 0]
                  00007bf8    00000014     msp432p4xx_driverlib.lib : pcm.o (.text:PCM_getPowerState)
                  00007c0c    00000014     drivers_msp432p401x.aem4f : PWM.oem4f (.text:PWM_Params_init)
                  00007c20    00000014                               : PowerMSP432.oem4f (.text:Power_idleFunc)
                  00007c34    00000004     --HOLE-- [fill = 0]
                  00007c38    00000014     sysbios.aem4f : BIOS.obj (.text:pthread_attr_setschedparam)
                  00007c4c    00000014     rtsv7M4_T_le_v4SPD16_eabi.lib : strcpy.c.obj (.text:strcpy)
                  00007c60    00000014                                   : strlen.c.obj (.text:strlen)
                  00007c74    00000014     release_pem4f.oem4f (.text:ti_sysbios_family_arm_m3_Hwi_Object__get__S)
                  00007c88    00000014     sysbios.aem4f : BIOS.obj (.text:ti_sysbios_family_arm_m3_Hwi_switchFromBootStack__E)
                  00007c9c    00000014     release_pem4f.oem4f (.text:ti_sysbios_heaps_HeapMem_Object__get__S)
                  00007cb0    00000014     release_pem4f.oem4f (.text:ti_sysbios_knl_Swi_Object__get__S)
                  00007cc4    00000012     dpl_msp432p401x.aem4f : SemaphoreP_tirtos.oem4f (.text:SemaphoreP_pend)
                  00007cd6    00000002     --HOLE-- [fill = 0]
                  00007cd8    00000012     sysbios.aem4f : BIOS.obj (.text:_pthread_cleanup_pop)
                  00007cea    00000006     drivers_msp432p401x.aem4f : PWMTimerMSP432.oem4f (.text:PWMTimerMSP432_control)
                  00007cf0    00000012     sysbios.aem4f : BIOS.obj (.text:_pthread_runStub$43)
                  00007d02    00000006     drivers_msp432p401x.aem4f : PWMTimerMSP432.oem4f (.text:PWMTimerMSP432_setDutyAndPeriod)
                  00007d08    00000012     sysbios.aem4f : BIOS.obj (.text:ti_sysbios_hal_Hwi_Module_startup__E)
                  00007d1a    00000012     rtsv7M4_T_le_v4SPD16_eabi.lib : wcslen.c.obj (.text:wcslen)
                  00007d2c    00000012     release_pem4f.oem4f (.text:xdc_runtime_Startup_exec__I)
                  00007d3e    00000010     dpl_msp432p401x.aem4f : HwiP_tirtos.oem4f (.text:HwiP_Params_init)
                  00007d4e    00000002     --HOLE-- [fill = 0]
                  00007d50    00000010     drivers_msp432p401x.aem4f : I2C.oem4f (.text:I2C_Params_init)
                  00007d60    00000010     msp432p4xx_driverlib.lib : pcm.o (.text:PCM_gotoLPM4)
                  00007d70    00000010                              : pcm.o (.text:PCM_setPowerMode)
                  00007d80    00000010                              : pcm.o (.text:PCM_setPowerState)
                  00007d90    00000010     drivers_msp432p401x.aem4f : PowerMSP432.oem4f (.text:PowerMSP432_getNumPerfLevels)
                  00007da0    00000010     msp432p4xx_driverlib.lib : sysctl_a.o (.text:SysCtl_A_getNMISourceStatus)
                  00007db0    00000010                              : sysctl.o (.text:SysCtl_getNMISourceStatus)
                  00007dc0    00000010     sysbios.aem4f : BIOS.obj (.text:ti_sysbios_BIOS_exit__E)
                  00007dd0    00000010                   : BIOS.obj (.text:ti_sysbios_BIOS_setCpuFreq__E)
                  00007de0    00000010                   : BIOS.obj (.text:ti_sysbios_BIOS_setThreadType__E)
                  00007df0    00000010                   : BIOS.obj (.text:ti_sysbios_BIOS_start__E)
                  00007e00    00000010                   : m3_TaskSupport_asm.obj (.text:ti_sysbios_family_arm_m3_TaskSupport_glue)
                  00007e10    00000010                   : BIOS.obj (.text:ti_sysbios_family_arm_msp432_init_Boot_disableWatchdog)
                  00007e20    00000010                   : BIOS.obj (.text:ti_sysbios_gates_GateMutex_Instance_finalize__E)
                  00007e30    00000010     release_pem4f.oem4f (.text:ti_sysbios_knl_Mailbox_Object__get__S)
                  00007e40    00000010     sysbios.aem4f : BIOS.obj (.text:ti_sysbios_knl_Semaphore_Instance_finalize__E)
                  00007e50    00000010                   : BIOS.obj (.text:ti_sysbios_knl_Swi_disable__E)
                  00007e60    00000010     release_pem4f.oem4f (.text:ti_sysbios_knl_Task_Object__get__S)
                  00007e70    00000010     sysbios.aem4f : BIOS.obj (.text:ti_sysbios_knl_Task_disable__E)
                  00007e80    00000010                   : BIOS.obj (.text:xdc_runtime_Gate_leaveSystem__E)
                  00007e90    00000010                   : BIOS.obj (.text:xdc_runtime_Memory_free__E)
                  00007ea0    00000010                   : BIOS.obj (.text:xdc_runtime_SysCallback_abort__E)
                  00007eb0    00000010                   : BIOS.obj (.text:xdc_runtime_SysCallback_exit__E)
                  00007ec0    0000000e     rtsv7M4_T_le_v4SPD16_eabi.lib : copy_decompress_none.c.obj (.text:decompress:none:__TI_decompress_none)
                  00007ece    00000002     --HOLE-- [fill = 0]
                  00007ed0    0000000e     sysbios.aem4f : BIOS.obj (.text:pthread_attr_setdetachstate)
                  00007ede    00000002     --HOLE-- [fill = 0]
                  00007ee0    0000000e                   : BIOS.obj (.text:ti_sysbios_knl_Idle_loop__E)
                  00007eee    00000002     --HOLE-- [fill = 0]
                  00007ef0    0000000e                   : BIOS.obj (.text:ti_sysbios_knl_Queue_empty__E)
                  00007efe    0000000c     ti_drivers_config.obj (.text:Board_init)
                  00007f0a    0000000c     msp432p4xx_driverlib.lib : cpu.o (.text:CPU_cpsid)
                  00007f16    0000000c                              : cpu.o (.text:CPU_cpsie)
                  00007f22    0000000c     dpl_msp432p401x.aem4f : HwiP_tirtos.oem4f (.text:HwiP_delete)
                  00007f2e    00000002     --HOLE-- [fill = 0]
                  00007f30    0000000c     drivers_msp432p401x.aem4f : PowerMSP432.oem4f (.text:Power_getConstraintMask)
                  00007f3c    0000000c                               : PowerMSP432.oem4f (.text:Power_getPerformanceLevel)
                  00007f48    0000000c     dpl_msp432p401x.aem4f : SemaphoreP_tirtos.oem4f (.text:SemaphoreP_delete)
                  00007f54    0000000c     rtsv7M4_T_le_v4SPD16_eabi.lib : _lock.c.obj (.text:_register_lock)
                  00007f60    0000000c                                   : _lock.c.obj (.text:_register_unlock)
                  00007f6c    0000000c                                   : copy_zero_init.c.obj (.text:decompress:ZI:__TI_zero_init)
                  00007f78    0000000c     sysbios.aem4f : BIOS.obj (.text:pthread_self)
                  00007f84    0000000c     release_pem4f.oem4f (.text:ti_sysbios_family_arm_m3_Hwi_Params__init__S)
                  00007f90    0000000c     sysbios.aem4f : BIOS.obj (.text:ti_sysbios_family_arm_m3_Hwi_disableFxn__E)
                  00007f9c    00000004     --HOLE-- [fill = 0]
                  00007fa0    0000000c                   : BIOS.obj (.text:ti_sysbios_family_arm_m3_TaskSupport_getStackAlignment__E)
                  00007fac    00000004     --HOLE-- [fill = 0]
                  00007fb0    0000000c                   : BIOS.obj (.text:ti_sysbios_family_arm_msp432_Timer_getMaxTicks__E)
                  00007fbc    00000004     --HOLE-- [fill = 0]
                  00007fc0    0000000c                   : BIOS.obj (.text:ti_sysbios_gates_GateHwi_enter__E)
                  00007fcc    0000000c     release_pem4f.oem4f (.text:ti_sysbios_knl_Queue_Object__get__S)
                  00007fd8    0000000c     release_pem4f.oem4f (.text:ti_sysbios_knl_Semaphore_Params__init__S)
                  00007fe4    0000000c     release_pem4f.oem4f (.text:ti_sysbios_knl_Task_Params__init__S)
                  00007ff0    0000000c     sysbios.aem4f : BIOS.obj (.text:ti_sysbios_knl_Task_self__E)
                  00007ffc    00000004     --HOLE-- [fill = 0]
                  00008000    0000000c                   : BIOS.obj (.text:ti_sysbios_rts_ti_ReentSupport_taskRegHook__I)
                  0000800c    00000004     --HOLE-- [fill = 0]
                  00008010    0000000c                   : BIOS.obj (.text:xdc_runtime_Gate_enterSystem__E)
                  0000801c    00000004     --HOLE-- [fill = 0]
                  00008020    0000000c                   : BIOS.obj (.text:xdc_runtime_Memory_calloc__E)
                  0000802c    00000004     --HOLE-- [fill = 0]
                  00008030    0000000c                   : BIOS.obj (.text:xdc_runtime_Startup_rtsDone__E)
                  0000803c    0000000a     drivers_msp432p401x.aem4f : PWM.oem4f (.text:PWM_setDuty)
                  00008046    0000000a                               : PWM.oem4f (.text:PWM_start)
                  00008050    0000000a     msp432_mpu6050.obj (.text:getAccel)
                  0000805a    0000000a     msp432_mpu6050.obj (.text:getGyro)
                  00008064    0000000a     release_pem4f.oem4f (.text:xdc_runtime_IHeap_alloc)
                  0000806e    0000000a     release_pem4f.oem4f (.text:xdc_runtime_IHeap_free)
                  00008078    00000008     dpl_msp432p401x.aem4f : SemaphoreP_tirtos.oem4f (.text:SemaphoreP_Params_init)
                  00008080    00000008     drivers_msp432p401x.aem4f : I2CMSP432.oem4f (.text:blockingTransferCallback)
                  00008088    00000008     msp432_mpu6050.obj (.text:getDegree)
                  00008090    00000008     sysbios.aem4f : BIOS.obj (.text:pthread_attr_setstacksize)
                  00008098    00000008                   : BIOS.obj (.text:ti_sysbios_family_arm_m3_Hwi_doSwiRestore__I)
                  000080a0    00000008                   : BIOS.obj (.text:ti_sysbios_family_arm_m3_Hwi_startup__E)
                  000080a8    00000006                   : BIOS.obj (.text:ti_sysbios_family_arm_m3_Hwi_doTaskRestore__I)
                  000080ae    00000002     --HOLE-- [fill = 0]
                  000080b0    00000006                   : BIOS.obj (.text:ti_sysbios_family_arm_m3_Hwi_restoreFxn__E)
                  000080b6    00000002     --HOLE-- [fill = 0]
                  000080b8    00000006                   : BIOS.obj (.text:ti_sysbios_gates_GateHwi_leave__E)
                  000080be    00000002     --HOLE-- [fill = 0]
                  000080c0    00000006                   : BIOS.obj (.text:ti_sysbios_heaps_HeapMem_isBlocking__E)
                  000080c6    00000002     --HOLE-- [fill = 0]
                  000080c8    00000006                   : BIOS.obj (.text:ti_sysbios_knl_Queue_Instance_init__E)
                  000080ce    00000002     --HOLE-- [fill = 0]
                  000080d0    00000006                   : BIOS.obj (.text:ti_sysbios_knl_Swi_startup__E)
                  000080d6    00000002     --HOLE-- [fill = 0]
                  000080d8    00000006                   : BIOS.obj (.text:xdc_runtime_System_Module_startup__E)
                  000080de    00000002     --HOLE-- [fill = 0]
                  000080e0    00000004                   : BIOS.obj (.text:__aeabi_errno_addr)
                  000080e4    00000004     --HOLE-- [fill = 0]
                  000080e8    00000004                   : BIOS.obj (.text:ti_sysbios_gates_GateHwi_query__E)
                  000080ec    00000004     --HOLE-- [fill = 0]
                  000080f0    00000004                   : BIOS.obj (.text:ti_sysbios_gates_GateMutex_query__E)
                  000080f4    00000004     --HOLE-- [fill = 0]
                  000080f8    00000004                   : BIOS.obj (.text:ti_sysbios_knl_Task_startup__E)
                  000080fc    00000004     --HOLE-- [fill = 0]
                  00008100    00000002                   : BIOS.obj (.text:ti_sysbios_BIOS_linkedWithIncorrectBootLibrary__E)
                  00008102    00000006     --HOLE-- [fill = 0]
                  00008108    00000002                   : BIOS.obj (.text:ti_sysbios_gates_GateHwi_Instance_init__E)
                  0000810a    00000006     --HOLE-- [fill = 0]
                  00008110    00000002                   : BIOS.obj (.text:ti_sysbios_knl_Clock_logTick__E)
                  00008112    00000006     --HOLE-- [fill = 0]
                  00008118    00000002                   : BIOS.obj (.text:xdc_runtime_SysCallback_defaultAbort)
                  0000811a    00000006     --HOLE-- [fill = 0]
                  00008120    00000002                   : BIOS.obj (.text:xdc_runtime_SysCallback_defaultExit)
                  00008122    00000006     --HOLE-- [fill = 0]
                  00008128    00000002                   : BIOS.obj (.text:xdc_runtime_System_abortSpin__E)
                  0000812a    00000006     --HOLE-- [fill = 0]
                  00008130    00000002                   : BIOS.obj (.text:xdc_runtime_System_exitSpin__E)

.const     0    00008134    00000607     
                  00008134    00000101     rtsv7M4_T_le_v4SPD16_eabi.lib : ctype.c.obj (.const:.string:_ctypes_)
                  00008235    00000001     release_pem4f.oem4f (.const:xdc_runtime_Error_policy__C)
                  00008236    00000002     release_pem4f.oem4f (.const:ti_sysbios_family_arm_m3_Hwi_Module__id__C)
                  00008238    00000048     release_pem4f.oem4f (.const:.string)
                  00008280    0000003c     release_pem4f.oem4f (.const:ti_sysbios_knl_Task_Object__PARAMS__C)
                  000082bc    00000038     ti_drivers_config.obj (.const:PowerMSP432_config)
                  000082f4    00000030     release_pem4f.oem4f (.const:ti_sysbios_family_arm_m3_Hwi_Object__PARAMS__C)
                  00008324    00000028     release_pem4f.oem4f (.const:ti_sysbios_heaps_HeapMem_Module__FXNS__C)
                  0000834c    00000024     drivers_msp432p401x.aem4f : PWMTimerMSP432.oem4f (.const:PWMTimerMSP432_fxnTable)
                  00008370    00000024     release_pem4f.oem4f (.const:ti_sysbios_gates_GateHwi_Module__FXNS__C)
                  00008394    00000024     release_pem4f.oem4f (.const:ti_sysbios_gates_GateMutex_Module__FXNS__C)
                  000083b8    00000024     release_pem4f.oem4f (.const:ti_sysbios_heaps_HeapMem_Object__PARAMS__C)
                  000083dc    00000024     release_pem4f.oem4f (.const:ti_sysbios_knl_Semaphore_Object__PARAMS__C)
                  00008400    00000024     release_pem4f.oem4f (.const:xdc_runtime_Startup_sfxnTab__A)
                  00008424    00000020     release_pem4f.oem4f (.const:ti_sysbios_family_arm_m3_Hwi_Object__DESC__C)
                  00008444    00000020     release_pem4f.oem4f (.const:ti_sysbios_gates_GateHwi_Object__DESC__C)
                  00008464    00000020     release_pem4f.oem4f (.const:ti_sysbios_gates_GateMutex_Object__DESC__C)
                  00008484    00000020     release_pem4f.oem4f (.const:ti_sysbios_heaps_HeapMem_Object__DESC__C)
                  000084a4    00000020     release_pem4f.oem4f (.const:ti_sysbios_knl_Queue_Object__DESC__C)
                  000084c4    00000020     release_pem4f.oem4f (.const:ti_sysbios_knl_Semaphore_Object__DESC__C)
                  000084e4    00000020     release_pem4f.oem4f (.const:ti_sysbios_knl_Task_Object__DESC__C)
                  00008504    00000018     drivers_msp432p401x.aem4f : I2CMSP432.oem4f (.const:I2CMSP432_fxnTable)
                  0000851c    00000018     ti_drivers_config.obj (.const:PWM_config)
                  00008534    00000018     drivers_msp432p401x.aem4f : PWM.oem4f (.const:PWM_defaultParams)
                  0000854c    00000018     release_pem4f.oem4f (.const:ti_sysbios_gates_GateHwi_Object__PARAMS__C)
                  00008564    00000018     release_pem4f.oem4f (.const:ti_sysbios_gates_GateMutex_Object__PARAMS__C)
                  0000857c    00000018     release_pem4f.oem4f (.const:ti_sysbios_knl_Queue_Object__PARAMS__C)
                  00008594    00000018     release_pem4f.oem4f (.const:ti_sysbios_knl_Task_hooks__A)
                  000085ac    00000014     ti_drivers_config.obj (.const:i2cMSP432HWAttrs)
                  000085c0    00000012     release_pem4f.oem4f (.const:xdc_runtime_Startup_sfxnRts__A)
                  000085d2    00000002     release_pem4f.oem4f (.const:ti_sysbios_family_arm_msp432_init_Boot_bypassHFXT__C)
                  000085d4    00000010     drivers_msp432p401x.aem4f : I2C.oem4f (.const:I2C_defaultParams)
                  000085e4    00000010                               : PWMTimerMSP432.oem4f (.const:pwmTimerBaseAddr)
                  000085f4    00000010     ti_drivers_config.obj (.const:pwmTimerMSP432HWAttrs)
                  00008604    0000000c     ti_drivers_config.obj (.const:I2C_config)
                  00008610    0000000c     drivers_msp432p401x.aem4f : I2CMSP432.oem4f (.const:bitRates)
                  0000861c    0000000c     release_pem4f.oem4f (.const:xdc_runtime_Startup_firstFxns__A)
                  00008628    00000008     release_pem4f.oem4f (.const:ti_sysbios_knl_Idle_funcList__A)
                  00008630    00000008     release_pem4f.oem4f (.const:ti_sysbios_knl_Idle_funcList__C)
                  00008638    00000008     release_pem4f.oem4f (.const:ti_sysbios_knl_Task_hooks__C)
                  00008640    00000008     release_pem4f.oem4f (.const:xdc_runtime_Startup_firstFxns__C)
                  00008648    00000008     release_pem4f.oem4f (.const:xdc_runtime_Startup_lastFxns__C)
                  00008650    00000004     ti_drivers_config.obj (.const)
                  00008654    00000004     release_pem4f.oem4f (.const:ti_sysbios_family_arm_m3_Hwi_E_alreadyDefined__C)
                  00008658    00000004     release_pem4f.oem4f (.const:ti_sysbios_family_arm_m3_Hwi_E_badIntNum__C)
                  0000865c    00000004     release_pem4f.oem4f (.const:ti_sysbios_family_arm_m3_Hwi_NUM_INTERRUPTS__C)
                  00008660    00000004     release_pem4f.oem4f (.const:ti_sysbios_family_arm_m3_Hwi_Object__count__C)
                  00008664    00000004     release_pem4f.oem4f (.const:ti_sysbios_family_arm_m3_Hwi_ccr__C)
                  00008668    00000004     release_pem4f.oem4f (.const:ti_sysbios_family_arm_m3_Hwi_excHandlerFunc__C)
                  0000866c    00000004     release_pem4f.oem4f (.const:ti_sysbios_family_arm_m3_Hwi_nullIsrFunc__C)
                  00008670    00000004     release_pem4f.oem4f (.const:ti_sysbios_family_arm_m3_Hwi_priGroup__C)
                  00008674    00000004     release_pem4f.oem4f (.const:ti_sysbios_family_arm_m3_Hwi_swiDisable__C)
                  00008678    00000004     release_pem4f.oem4f (.const:ti_sysbios_family_arm_m3_Hwi_swiRestore__C)
                  0000867c    00000004     release_pem4f.oem4f (.const:ti_sysbios_family_arm_m3_TaskSupport_stackAlignment__C)
                  00008680    00000004     release_pem4f.oem4f (.const:ti_sysbios_family_arm_msp432_Timer_numTimerDevices__C)
                  00008684    00000004     release_pem4f.oem4f (.const:ti_sysbios_family_arm_msp432_Timer_startupNeeded__C)
                  00008688    00000004     release_pem4f.oem4f (.const:ti_sysbios_gates_GateMutex_Instance_State_sem__O)
                  0000868c    00000004     release_pem4f.oem4f (.const:ti_sysbios_heaps_HeapMem_E_memory__C)
                  00008690    00000004     release_pem4f.oem4f (.const:ti_sysbios_heaps_HeapMem_Module__gateObj__C)
                  00008694    00000004     release_pem4f.oem4f (.const:ti_sysbios_heaps_HeapMem_Object__count__C)
                  00008698    00000004     release_pem4f.oem4f (.const:ti_sysbios_heaps_HeapMem_primaryHeapBaseAddr__C)
                  0000869c    00000004     release_pem4f.oem4f (.const:ti_sysbios_heaps_HeapMem_primaryHeapEndAddr__C)
                  000086a0    00000004     release_pem4f.oem4f (.const:ti_sysbios_heaps_HeapMem_reqAlign__C)
                  000086a4    00000004     release_pem4f.oem4f (.const:ti_sysbios_knl_Clock_Module_State_clockQ__O)
                  000086a8    00000004     release_pem4f.oem4f (.const:ti_sysbios_knl_Clock_tickPeriod__C)
                  000086ac    00000004     release_pem4f.oem4f (.const:ti_sysbios_knl_Mailbox_Instance_State_freeQue__O)
                  000086b0    00000004     release_pem4f.oem4f (.const:ti_sysbios_knl_Mailbox_Object__count__C)
                  000086b4    00000004     release_pem4f.oem4f (.const:ti_sysbios_knl_Mailbox_maxTypeAlign__C)
                  000086b8    00000004     release_pem4f.oem4f (.const:ti_sysbios_knl_Semaphore_Instance_State_pendQ__O)
                  000086bc    00000004     release_pem4f.oem4f (.const:ti_sysbios_knl_Swi_Object__count__C)
                  000086c0    00000004     release_pem4f.oem4f (.const:ti_sysbios_knl_Task_Module_State_inactiveQ__O)
                  000086c4    00000004     release_pem4f.oem4f (.const:ti_sysbios_knl_Task_Object__count__C)
                  000086c8    00000004     release_pem4f.oem4f (.const:ti_sysbios_knl_Task_Object__heap__C)
                  000086cc    00000004     release_pem4f.oem4f (.const:ti_sysbios_knl_Task_allBlockedFunc__C)
                  000086d0    00000004     release_pem4f.oem4f (.const:ti_sysbios_knl_Task_defaultStackHeap__C)
                  000086d4    00000004     release_pem4f.oem4f (.const:ti_sysbios_knl_Task_defaultStackSize__C)
                  000086d8    00000004     release_pem4f.oem4f (.const:ti_sysbios_knl_Task_numConstructedTasks__C)
                  000086dc    00000004     release_pem4f.oem4f (.const:xdc_runtime_Error_E_memory__C)
                  000086e0    00000004     release_pem4f.oem4f (.const:xdc_runtime_Error_policyFxn__C)
                  000086e4    00000004     release_pem4f.oem4f (.const:xdc_runtime_IGateProvider_Interface__BASE__C)
                  000086e8    00000004     release_pem4f.oem4f (.const:xdc_runtime_IHeap_Interface__BASE__C)
                  000086ec    00000004     release_pem4f.oem4f (.const:xdc_runtime_IModule_Interface__BASE__C)
                  000086f0    00000004     release_pem4f.oem4f (.const:xdc_runtime_Memory_defaultHeapInstance__C)
                  000086f4    00000004     release_pem4f.oem4f (.const:xdc_runtime_Startup_execImpl__C)
                  000086f8    00000004     release_pem4f.oem4f (.const:xdc_runtime_Startup_maxPasses__C)
                  000086fc    00000004     release_pem4f.oem4f (.const:xdc_runtime_Startup_sfxnRts__C)
                  00008700    00000004     release_pem4f.oem4f (.const:xdc_runtime_Startup_sfxnTab__C)
                  00008704    00000004     release_pem4f.oem4f (.const:xdc_runtime_SysCallback_abortFxn__C)
                  00008708    00000004     release_pem4f.oem4f (.const:xdc_runtime_SysCallback_exitFxn__C)
                  0000870c    00000004     release_pem4f.oem4f (.const:xdc_runtime_System_Module__gateObj__C)
                  00008710    00000004     release_pem4f.oem4f (.const:xdc_runtime_System_abortFxn__C)
                  00008714    00000004     release_pem4f.oem4f (.const:xdc_runtime_System_exitFxn__C)
                  00008718    00000004     release_pem4f.oem4f (.const:xdc_runtime_System_maxAtexitHandlers__C)
                  0000871c    00000004     release_pem4f.oem4f (.const:xdc_runtime_Text_charTab__C)
                  00008720    00000004     release_pem4f.oem4f (.const:xdc_runtime_Text_nameEmpty__C)
                  00008724    00000004     release_pem4f.oem4f (.const:xdc_runtime_Text_nameStatic__C)
                  00008728    00000004     release_pem4f.oem4f (.const:xdc_runtime_Text_nameUnknown__C)
                  0000872c    00000002     release_pem4f.oem4f (.const:ti_sysbios_family_arm_msp432_init_Boot_bypassLFXT__C)
                  0000872e    00000002     release_pem4f.oem4f (.const:ti_sysbios_family_arm_msp432_init_Boot_enableHFXT__C)
                  00008730    00000002     release_pem4f.oem4f (.const:ti_sysbios_family_arm_msp432_init_Boot_enableLFXT__C)
                  00008732    00000002     release_pem4f.oem4f (.const:ti_sysbios_heaps_HeapMem_Module__id__C)
                  00008734    00000002     release_pem4f.oem4f (.const:xdc_runtime_Memory_Module__id__C)
                  00008736    00000002     release_pem4f.oem4f (.const:xdc_runtime_Text_charCnt__C)
                  00008738    00000002     release_pem4f.oem4f (.const:xdc_runtime_Text_isLoaded__C)
                  0000873a    00000001     release_pem4f.oem4f (.const:xdc_runtime_Text_charTab__A)

.cinit     0    00008740    00000280     
                  00008740    0000025a     (.cinit..data.load) [load image, compression = lzss]
                  0000899a    00000002     --HOLE-- [fill = 0]
                  0000899c    0000000c     (__TI_handler_table)
                  000089a8    00000008     (.cinit..bss.load) [load image, compression = zero_init]
                  000089b0    00000010     (__TI_cinit_table)

.init_array 
*          0    00000000    00000000     UNINITIALIZED

.data      0    20008140    000008e0     UNINITIALIZED
                  20008140    00000140     drivers_msp432p401x.aem4f : PowerMSP432.oem4f (.data:PowerMSP432_perfLevels)
                  20008280    00000110                               : PWMTimerMSP432.oem4f (.data:pwmTimerStatus)
                  20008390    000000f0     rtsv7M4_T_le_v4SPD16_eabi.lib : defs.c.obj (.data:_ftable)
                  20008480    00000088     sysbios.aem4f : BIOS.obj (.data:$O1$$)
                  20008508    00000080     release_pem4f.oem4f (.data:ti_sysbios_knl_Swi_Module_State_0_readyQ__A)
                  20008588    00000080     release_pem4f.oem4f (.data:ti_sysbios_knl_Task_Module_State_0_readyQ__A)
                  20008608    00000078     rtsv7M4_T_le_v4SPD16_eabi.lib : host_device.c.obj (.data:_device)
                  20008680    00000054     release_pem4f.oem4f (.data:ti_sysbios_gates_GateMutex_Object__table__V)
                  200086d4    00000050     rtsv7M4_T_le_v4SPD16_eabi.lib : host_device.c.obj (.data:_stream)
                  20008724    0000004c     release_pem4f.oem4f (.data:ti_sysbios_knl_Task_Object__table__V)
                  20008770    00000044     release_pem4f.oem4f (.data:ti_sysbios_family_arm_msp432_Timer_Object__table__V)
                  200087b4    00000044     release_pem4f.oem4f (.data:ti_sysbios_knl_Task_Module__state__V)
                  200087f8    00000034     release_pem4f.oem4f (.data:ti_sysbios_family_arm_m3_Hwi_Module__state__V)
                  2000882c    00000030     release_pem4f.oem4f (.data:ti_sysbios_knl_Swi_Object__table__V)
                  2000885c    0000002c     drivers_msp432p401x.aem4f : PowerMSP432.oem4f (.data:PowerMSP432_module)
                  20008888    0000002c     release_pem4f.oem4f (.data:ti_sysbios_knl_Clock_Module__state__V)
                  200088b4    00000024     release_pem4f.oem4f (.data:ti_sysbios_BIOS_Module__state__V)
                  200088d8    00000020     release_pem4f.oem4f (.data:ti_sysbios_family_arm_msp432_Timer_Module_State_0_device__A)
                  200088f8    00000020     release_pem4f.oem4f (.data:xdc_runtime_Error_IgnoreBlock)
                  20008918    0000001c     release_pem4f.oem4f (.data:ti_sysbios_knl_Swi_Module__state__V)
                  20008934    00000018     release_pem4f.oem4f (.data:ti_sysbios_family_arm_m3_Hwi_Object__table__V)
                  2000894c    00000018     release_pem4f.oem4f (.data:ti_sysbios_heaps_HeapMem_Object__table__V)
                  20008964    00000010     rtsv7M4_T_le_v4SPD16_eabi.lib : defs.c.obj (.data)
                  20008974    00000010     release_pem4f.oem4f (.data:ti_sysbios_family_arm_msp432_Timer_Module_State_0_handles__A)
                  20008984    0000000c     rtsv7M4_T_le_v4SPD16_eabi.lib : exit.c.obj (.data:$O1$$)
                  20008990    0000000c     release_pem4f.oem4f (.data:ti_sysbios_family_arm_msp432_ClockFreqs_Module__state__V)
                  2000899c    0000000c     release_pem4f.oem4f (.data:ti_sysbios_family_arm_msp432_Timer_Module__state__V)
                  200089a8    00000008     rtsv7M4_T_le_v4SPD16_eabi.lib : _lock.c.obj (.data:$O1$$)
                  200089b0    00000008     release_pem4f.oem4f (.data:ti_sysbios_family_arm_m3_Hwi_Module__root__V)
                  200089b8    00000008     release_pem4f.oem4f (.data:ti_sysbios_gates_GateHwi_Module__root__V)
                  200089c0    00000008     release_pem4f.oem4f (.data:ti_sysbios_gates_GateMutex_Module__root__V)
                  200089c8    00000008     release_pem4f.oem4f (.data:ti_sysbios_heaps_HeapMem_Module__root__V)
                  200089d0    00000008     release_pem4f.oem4f (.data:ti_sysbios_knl_Queue_Module__root__V)
                  200089d8    00000008     release_pem4f.oem4f (.data:ti_sysbios_knl_Semaphore_Module__root__V)
                  200089e0    00000008     release_pem4f.oem4f (.data:ti_sysbios_knl_Task_Module__root__V)
                  200089e8    00000008     release_pem4f.oem4f (.data:xdc_runtime_Startup_Module__state__V)
                  200089f0    00000008     release_pem4f.oem4f (.data:xdc_runtime_System_Module_State_0_atexitHandlers__A)
                  200089f8    00000008     release_pem4f.oem4f (.data:xdc_runtime_System_Module__state__V)
                  20008a00    00000004     rtsv7M4_T_le_v4SPD16_eabi.lib : stkdepth_vars.c.obj (.data)
                  20008a04    00000004     release_pem4f.oem4f (.data:ti_sysbios_family_arm_m3_Hwi_Module_State_0_excContext__A)
                  20008a08    00000004     release_pem4f.oem4f (.data:ti_sysbios_family_arm_m3_Hwi_Module_State_0_excStack__A)
                  20008a0c    00000004     release_pem4f.oem4f (.data:ti_sysbios_gates_GateHwi_Object__table__V)
                  20008a10    00000004     release_pem4f.oem4f (.data:ti_sysbios_knl_Task_Module_State_0_idleTask__A)
                  20008a14    00000004     release_pem4f.oem4f (.data:ti_sysbios_rts_ti_ReentSupport_Module__state__V)
                  20008a18    00000004     release_pem4f.oem4f (.data:xdc_runtime_Memory_Module__state__V)
                  20008a1c    00000002     release_pem4f.oem4f (.data:ti_sysbios_family_arm_m3_Hwi_Module_State_0_excActive__A)
                  20008a1e    00000001     drivers_msp432p401x.aem4f : I2C.oem4f (.data)
                  20008a1f    00000001                               : PWM.oem4f (.data)

.bss       0    20008a20    000005e0     UNINITIALIZED
                  20008a20    00000200     release_pem4f.oem4f (.bss:taskStackSection)
                  20008c20    00000140     (.common:ti_sysbios_family_arm_m3_Hwi_dispatchTable)
                  20008d60    00000120     rtsv7M4_T_le_v4SPD16_eabi.lib : trgmsg.c.obj (.bss:_CIOBUF_)
                  20008e80    000000a0     (.common:__TI_tmpnams)
                  20008f20    00000050     (.common:i2cMSP432Objects)
                  20008f70    0000001c     (.common:i2cTransaction)
                  20008f8c    00000018     (.common:pwmTimerMSP432Objects)
                  20008fa4    00000014     msp432_mpu6050.obj (.bss:rxBuffer)
                  20008fb8    00000010     (.common:i2cParams)
                  20008fc8    0000000c     (.common:txBuffer)
                  20008fd4    00000008     msp432_mpu6050.obj (.bss:axisData$1)
                  20008fdc    00000008     msp432_mpu6050.obj (.bss:degree)
                  20008fe4    00000008     msp432p4xx_driverlib.lib : cs.o (.bss)
                  20008fec    00000008     (.common:parmbuf)
                  20008ff4    00000004     drivers_msp432p401x.aem4f : TimerMSP432.oem4f (.bss:timerState)
                  20008ff8    00000004     (.common:i2c)
                  20008ffc    00000004     (.common:ti_sysbios_knl_Task_Instance_State_0_hookEnv__A)

.priheap   0    20000140    00008000     UNINITIALIZED
                  20000140    00008000     --HOLE--

.stack     0    2000fc00    00000400     UNINITIALIZED
                  2000fc00    00000400     --HOLE--

.bootVecs 
*          0    00000000    00000008     DSECT
                  00000000    00000008     boot.aem4f : boot.oem4f (.bootVecs)

.resetVecs 
*          0    00000000    0000003c     
                  00000000    0000003c     release_pem4f.oem4f (.resetVecs)

.vecs      0    20000000    00000140     NOLOAD SECTION
                  20000000    00000140     release_pem4f.oem4f (.vecs)

xdc.meta   0    00000000    00000105     COPY SECTION
                  00000000    00000105     release_pem4f.oem4f (xdc.meta)

xdc.noload 
*          0    00000000    00000000     COPY SECTION

.binit     0    00000000    00000000     

MODULE SUMMARY

       Module                       code    ro data   rw data
       ------                       ----    -------   -------
    .\
       msp432_mpu6050.obj           1211    0         192    
       i2cmasterexample1.obj        472     0         0      
       pwmservo.obj                 200     0         0      
       main_tirtos.obj              180     0         0      
    +--+----------------------------+-------+---------+---------+
       Total:                       2063    0         192    
                                                             
    .\syscfg\
       ti_drivers_config.obj        14      132       208    
    +--+----------------------------+-------+---------+---------+
       Total:                       14      132       208    
                                                             
    C:\Users\sjhDA\workspace_v9\MPU6050\tirtos_builds_MSP_EXP432P401R_release_ccs\Debug\configPkg\package\cfg\
       release_pem4f.oem4f          1466    1086      4348   
    +--+----------------------------+-------+---------+---------+
       Total:                       1466    1086      4348   
                                                             
    C:/ti/simplelink_msp432p4_sdk_3_30_00_13/kernel/tirtos/packages/ti/dpl/lib/dpl_msp432p401x.aem4f
       PowerMSP432_tirtos.oem4f     122     0         0      
       SemaphoreP_tirtos.oem4f      102     0         0      
       HwiP_tirtos.oem4f            96      0         0      
    +--+----------------------------+-------+---------+---------+
       Total:                       320     0         0      
                                                             
    C:/ti/simplelink_msp432p4_sdk_3_30_00_13/source/ti/devices/msp432p4xx/driverlib/ccs/msp432p4xx_driverlib.lib
       pcm.o                        1770    0         0      
       cs.o                         704     0         16     
       i2c.o                        108     0         0      
       sysctl_a.o                   64      0         0      
       rtc_c.o                      44      0         0      
       wdt_a.o                      36      0         0      
       cpu.o                        28      0         0      
       sysctl.o                     16      0         0      
    +--+----------------------------+-------+---------+---------+
       Total:                       2770    0         16     
                                                             
    C:/ti/simplelink_msp432p4_sdk_3_30_00_13/source/ti/drivers/lib/drivers_msp432p401x.aem4f
       PowerMSP432.oem4f            2196    0         728    
       PWMTimerMSP432.oem4f         1992    52        544    
       I2CMSP432.oem4f              2028    36        0      
       TimerMSP432.oem4f            204     0         8      
       PWM.oem4f                    172     24        2      
       I2C.oem4f                    172     16        2      
       List.oem4f                   76      0         0      
    +--+----------------------------+-------+---------+---------+
       Total:                       6840    128       1284   
                                                             
    C:\Users\sjhDA\workspace_v9\MPU6050\tirtos_builds_MSP_EXP432P401R_release_ccs\src\sysbios\sysbios.aem4f
       BIOS.obj                     8478    0         272    
       m3_Hwi_asm.obj               318     0         0      
       m3_TaskSupport_asm.obj       180     0         0      
       m3_Hwi_asm_switch.obj        118     0         0      
    +--+----------------------------+-------+---------+---------+
       Total:                       9094    0         272    
                                                             
    C:\ti\ccs910\ccs\tools\compiler\ti-cgt-arm_18.12.2.LTS\lib\rtsv7M4_T_le_v4SPD16_eabi.lib
       _printfi.c.obj               4851    0         0      
       defs.c.obj                   0       0         832    
       trgmsg.c.obj                 108     0         576    
       fd_add_t2.asm.obj            438     0         0      
       host_device.c.obj            0       0         400    
       fd_div_t2.asm.obj            310     0         0      
       fputs.c.obj                  276     0         0      
       s_scalbn.c.obj               272     0         0      
       fd_cmp_t2.asm.obj            268     0         0      
       ctype.c.obj                  0       257       0      
       fd_mul_t2.asm.obj            252     0         0      
       setvbuf.c.obj                220     0         0      
       memcpy_t2.asm.obj            156     0         0      
       ull_div_t2.asm.obj           150     0         0      
       fputc.c.obj                  140     0         0      
       memset_t2.asm.obj            122     0         0      
       fclose.c.obj                 116     0         0      
       getdevice.c.obj              116     0         0      
       hostopen.c.obj               96      0         16     
       printf.c.obj                 112     0         0      
       copy_decompress_lzss.c.obj   104     0         0      
       hostlseek.c.obj              104     0         0      
       hostrename.c.obj             104     0         0      
       fseek.c.obj                  100     0         0      
       s_frexp.c.obj                100     0         0      
       _io_perm.c.obj               98      0         0      
       close.c.obj                  92      0         0      
       hostread.c.obj               88      0         0      
       hostwrite.c.obj              88      0         0      
       ltoa.c.obj                   84      0         0      
       atoi.c.obj                   76      0         0      
       cpy_tbl.c.obj                76      0         0      
       fflush.c.obj                 76      0         0      
       fd_toi_t2.asm.obj            72      0         0      
       hostclose.c.obj              68      0         0      
       hostunlink.c.obj             68      0         0      
       strncpy.c.obj                54      0         0      
       fopen.c.obj                  52      0         0      
       i_tofd_t2.asm.obj            46      0         0      
       unlink.c.obj                 44      0         0      
       _lock.c.obj                  26      0         16     
       lseek.c.obj                  40      0         0      
       write.c.obj                  40      0         0      
       memchr.c.obj                 32      0         0      
       memccpy.c.obj                28      0         0      
       s_copysign.c.obj             26      0         0      
       args_main.c.obj              24      0         0      
       exit.c.obj                   0       0         24     
       strcmp.c.obj                 24      0         0      
       strchr.c.obj                 22      0         0      
       strcpy.c.obj                 20      0         0      
       strlen.c.obj                 20      0         0      
       wcslen.c.obj                 18      0         0      
       copy_decompress_none.c.obj   14      0         0      
       copy_zero_init.c.obj         12      0         0      
       stkdepth_vars.c.obj          0       0         8      
       div0.asm.obj                 2       0         0      
    +--+----------------------------+-------+---------+---------+
       Total:                       9945    257       1872   
                                                             
    C:\ti\simplelink_msp432p4_sdk_3_30_00_13\kernel\tirtos\packages\ti\targets\arm\rtsarm\lib\auto_init.aem4f
       auto_init.oem4f              160     0         0      
    +--+----------------------------+-------+---------+---------+
       Total:                       160     0         0      
                                                             
    C:\ti\simplelink_msp432p4_sdk_3_30_00_13\kernel\tirtos\packages\ti\targets\arm\rtsarm\lib\boot.aem4f
       boot.oem4f                   88      0         0      
    +--+----------------------------+-------+---------+---------+
       Total:                       88      0         0      
                                                             
       Stack:                       0       0         2048   
       Linker Generated:            0       638       0      
    +--+----------------------------+-------+---------+---------+
       Grand Total:                 32760   2241      10240  


LINKER GENERATED COPY TABLES

__TI_cinit_table @ 000089b0 records: 2, size/record: 8, table size: 16
	.data: load addr=00008740, load size=0000025a bytes, run addr=20008140, run size=000008e0 bytes, compression=lzss
	.bss: load addr=000089a8, load size=00000008 bytes, run addr=20008a20, run size=000005e0 bytes, compression=zero_init


LINKER GENERATED HANDLER TABLE

__TI_handler_table @ 0000899c records: 3, size/record: 4, table size: 12
	index: 0, handler: __TI_decompress_lzss
	index: 1, handler: __TI_decompress_none
	index: 2, handler: __TI_zero_init


GLOBAL SYMBOLS: SORTED ALPHABETICALLY BY Name 

address   name                                                            
-------   ----                                                            
00007eff  Board_init                                                      
00000a8f  Board_initHook                                                  
00006c7b  C$$IO$$                                                         
00007f0b  CPU_cpsid                                                       
00007f17  CPU_cpsie                                                       
0000342d  CPU_wfi                                                         
000076c5  CS_setExternalClockSourceFrequency                              
00003349  CS_startHFXTWithTimeout                                         
00003515  CS_startLFXTWithTimeout                                         
00008650  Display_count                                                   
00008000  HEAPSIZE                                                        
00006671  HOSTclose                                                       
00005329  HOSTlseek                                                       
00005861  HOSTopen                                                        
00005c11  HOSTread                                                        
00005391  HOSTrename                                                      
000066b5  HOSTunlink                                                      
00005c69  HOSTwrite                                                       
00007d3f  HwiP_Params_init                                                
00006895  HwiP_create                                                     
00007f23  HwiP_delete                                                     
[...]
00007e41  ti_sysbios_knl_Semaphore_Instance_finalize__E                   
00007e51  ti_sysbios_knl_Swi_disable__E                                   
00007e61  ti_sysbios_knl_Task_Object__get__S                              
00007e71  ti_sysbios_knl_Task_disable__E                                  
00007e81  xdc_runtime_Gate_leaveSystem__E                                 
00007e91  xdc_runtime_Memory_free__E                                      
00007ea1  xdc_runtime_SysCallback_abort__E                                
00007ea1  xdc_runtime_System_SupportProxy_abort__E                        
00007eb1  xdc_runtime_SysCallback_exit__E                                 
00007eb1  xdc_runtime_System_SupportProxy_exit__E                         
00007ec1  __TI_decompress_none                                            
00007ed1  pthread_attr_setdetachstate                                     
00007ee1  ti_sysbios_knl_Idle_loop__E                                     
00007ef1  ti_sysbios_knl_Queue_empty__E                                   
00007eff  Board_init                                                      
00007f0b  CPU_cpsid                                                       
00007f17  CPU_cpsie                                                       
00007f23  HwiP_delete                                                     
00007f31  Power_getConstraintMask                                         
00007f3d  Power_getPerformanceLevel                                       
00007f49  SemaphoreP_delete                                               
00007f55  _register_lock                                                  
00007f61  _register_unlock                                                
00007f6d  __TI_zero_init                                                  
00007f79  pthread_self                                                    
00007f85  ti_sysbios_family_arm_m3_Hwi_Params__init__S                    
00007f85  ti_sysbios_hal_Hwi_HwiProxy_Params__init__S                     
00007f91  ti_sysbios_family_arm_m3_Hwi_disableFxn__E                      
00007f91  ti_sysbios_hal_Hwi_HwiProxy_disable__E                          
00007fa1  ti_sysbios_family_arm_m3_TaskSupport_getStackAlignment__E       
00007fa1  ti_sysbios_knl_Task_SupportProxy_getStackAlignment__E           
00007fb1  ti_sysbios_family_arm_msp432_Timer_getMaxTicks__E               
00007fc1  ti_sysbios_gates_GateHwi_enter__E                               
00007fcd  ti_sysbios_knl_Queue_Object__get__S                             
00007fd9  ti_sysbios_knl_Semaphore_Params__init__S                        
00007fe5  ti_sysbios_knl_Task_Params__init__S                             
00007ff1  ti_sysbios_knl_Task_self__E                                     
00008000  HEAPSIZE                                                        
00008001  ti_sysbios_rts_ti_ReentSupport_taskRegHook__I                   
00008011  xdc_runtime_Gate_enterSystem__E                                 
00008021  xdc_runtime_Memory_calloc__E                                    
00008031  xdc_runtime_Startup_rtsDone__E                                  
0000803d  PWM_setDuty                                                     
00008047  PWM_start                                                       
00008051  getAccel                                                        
0000805b  getGyro                                                         
00008065  xdc_runtime_Memory_HeapProxy_alloc__E                           
0000806f  xdc_runtime_Memory_HeapProxy_free__E                            
00008079  SemaphoreP_Params_init                                          
00008089  getDegree                                                       
00008091  pthread_attr_setstacksize                                       
00008099  ti_sysbios_family_arm_m3_Hwi_doSwiRestore__I                    
000080a1  ti_sysbios_family_arm_m3_Hwi_startup__E                         
000080a1  ti_sysbios_hal_Hwi_HwiProxy_startup__E                          
000080a1  ti_sysbios_hal_Hwi_startup__E                                   
000080a9  ti_sysbios_family_arm_m3_Hwi_doTaskRestore__I                   
000080b1  HwiP_restore                                                    
000080b1  ti_sysbios_family_arm_m3_Hwi_restoreFxn__E                      
000080b1  ti_sysbios_hal_Hwi_HwiProxy_restore__E                          
000080b9  ti_sysbios_gates_GateHwi_leave__E                               
000080c1  ti_sysbios_heaps_HeapMem_isBlocking__E                          
000080c9  ti_sysbios_knl_Queue_Instance_init__E                           
000080d1  ti_sysbios_knl_Swi_startup__E                                   
000080d9  xdc_runtime_System_Module_startup__E                            
000080e1  __aeabi_errno_addr                                              
000080e9  ti_sysbios_gates_GateHwi_query__E                               
000080e9  xdc_runtime_Main_Module_GateProxy_query__E                      
000080e9  xdc_runtime_System_Module_GateProxy_query__E                    
000080f1  ti_sysbios_BIOS_RtsGateProxy_query__E                           
000080f1  ti_sysbios_gates_GateMutex_query__E                             
000080f1  ti_sysbios_heaps_HeapMem_Module_GateProxy_query__E              
000080f9  ti_sysbios_knl_Task_startup__E                                  
00008101  ti_sysbios_BIOS_linkedWithIncorrectBootLibrary__E               
00008109  ti_sysbios_gates_GateHwi_Instance_init__E                       
00008111  ti_sysbios_knl_Clock_logTick__E                                 
00008119  xdc_runtime_SysCallback_defaultAbort                            
00008121  xdc_runtime_SysCallback_defaultExit                             
00008129  xdc_runtime_System_abortSpin__E                                 
00008131  xdc_runtime_System_exitSpin__E                                  
00008134  _ctypes_                                                        
00008235  xdc_runtime_Error_policy__C                                     
00008236  ti_sysbios_family_arm_m3_Hwi_Module__id__C                      
00008280  ti_sysbios_knl_Task_Object__PARAMS__C                           
000082bc  PowerMSP432_config                                              
000082f4  ti_sysbios_family_arm_m3_Hwi_Object__PARAMS__C                  
00008324  ti_sysbios_heaps_HeapMem_Module__FXNS__C                        
0000834c  PWMTimerMSP432_fxnTable                                         
00008370  ti_sysbios_gates_GateHwi_Module__FXNS__C                        
00008394  ti_sysbios_gates_GateMutex_Module__FXNS__C                      
000083b8  ti_sysbios_heaps_HeapMem_Object__PARAMS__C                      
000083dc  ti_sysbios_knl_Semaphore_Object__PARAMS__C                      
00008400  xdc_runtime_Startup_sfxnTab__A                                  
00008424  ti_sysbios_family_arm_m3_Hwi_Object__DESC__C                    
00008444  ti_sysbios_gates_GateHwi_Object__DESC__C                        
00008464  ti_sysbios_gates_GateMutex_Object__DESC__C                      
00008484  ti_sysbios_heaps_HeapMem_Object__DESC__C                        
000084a4  ti_sysbios_knl_Queue_Object__DESC__C                            
000084c4  ti_sysbios_knl_Semaphore_Object__DESC__C                        
000084e4  ti_sysbios_knl_Task_Object__DESC__C                             
00008504  I2CMSP432_fxnTable                                              
0000851c  PWM_config                                                      
00008534  PWM_defaultParams                                               
0000854c  ti_sysbios_gates_GateHwi_Object__PARAMS__C                      
00008564  ti_sysbios_gates_GateMutex_Object__PARAMS__C                    
0000857c  ti_sysbios_knl_Queue_Object__PARAMS__C                          
00008594  ti_sysbios_knl_Task_hooks__A                                    
000085ac  i2cMSP432HWAttrs                                                
000085c0  xdc_runtime_Startup_sfxnRts__A                                  
000085d2  ti_sysbios_family_arm_msp432_init_Boot_bypassHFXT__C            
000085d4  I2C_defaultParams                                               
000085f4  pwmTimerMSP432HWAttrs                                           
00008604  I2C_config                                                      
0000861c  xdc_runtime_Startup_firstFxns__A                                
00008628  ti_sysbios_knl_Idle_funcList__A                                 
00008630  ti_sysbios_knl_Idle_funcList__C                                 
00008638  ti_sysbios_knl_Task_hooks__C                                    
00008640  xdc_runtime_Startup_firstFxns__C                                
00008648  xdc_runtime_Startup_lastFxns__C                                 
00008650  Display_count                                                   
00008651  I2C_count                                                       
00008652  PWM_count                                                       
00008653  UART_count                                                      
00008654  ti_sysbios_family_arm_m3_Hwi_E_alreadyDefined__C                
00008658  ti_sysbios_family_arm_m3_Hwi_E_badIntNum__C                     
0000865c  ti_sysbios_family_arm_m3_Hwi_NUM_INTERRUPTS__C                  
00008660  ti_sysbios_family_arm_m3_Hwi_Object__count__C                   
00008664  ti_sysbios_family_arm_m3_Hwi_ccr__C                             
00008668  ti_sysbios_family_arm_m3_Hwi_excHandlerFunc__C                  
0000866c  ti_sysbios_family_arm_m3_Hwi_nullIsrFunc__C                     
00008670  ti_sysbios_family_arm_m3_Hwi_priGroup__C                        
00008674  ti_sysbios_family_arm_m3_Hwi_swiDisable__C                      
00008678  ti_sysbios_family_arm_m3_Hwi_swiRestore__C                      
0000867c  ti_sysbios_family_arm_m3_TaskSupport_stackAlignment__C          
00008680  ti_sysbios_family_arm_msp432_Timer_numTimerDevices__C           
00008684  ti_sysbios_family_arm_msp432_Timer_startupNeeded__C             
00008688  ti_sysbios_gates_GateMutex_Instance_State_sem__O                
0000868c  ti_sysbios_heaps_HeapMem_E_memory__C                            
00008690  ti_sysbios_heaps_HeapMem_Module__gateObj__C                     
00008694  ti_sysbios_heaps_HeapMem_Object__count__C                       
00008698  ti_sysbios_heaps_HeapMem_primaryHeapBaseAddr__C                 
0000869c  ti_sysbios_heaps_HeapMem_primaryHeapEndAddr__C                  
000086a0  ti_sysbios_heaps_HeapMem_reqAlign__C                            
000086a4  ti_sysbios_knl_Clock_Module_State_clockQ__O                     
000086a8  ti_sysbios_knl_Clock_tickPeriod__C                              
000086ac  ti_sysbios_knl_Mailbox_Instance_State_freeQue__O                
000086b0  ti_sysbios_knl_Mailbox_Object__count__C                         
000086b4  ti_sysbios_knl_Mailbox_maxTypeAlign__C                          
000086b8  ti_sysbios_knl_Semaphore_Instance_State_pendQ__O                
000086bc  ti_sysbios_knl_Swi_Object__count__C                             
000086c0  ti_sysbios_knl_Task_Module_State_inactiveQ__O                   
000086c4  ti_sysbios_knl_Task_Object__count__C                            
000086c8  ti_sysbios_knl_Task_Object__heap__C                             
000086cc  ti_sysbios_knl_Task_allBlockedFunc__C                           
000086d0  ti_sysbios_knl_Task_defaultStackHeap__C                         
000086d4  ti_sysbios_knl_Task_defaultStackSize__C                         
000086d8  ti_sysbios_knl_Task_numConstructedTasks__C                      
000086dc  xdc_runtime_Error_E_memory__C                                   
000086e0  xdc_runtime_Error_policyFxn__C                                  
000086e4  xdc_runtime_IGateProvider_Interface__BASE__C                    
000086e8  xdc_runtime_IHeap_Interface__BASE__C                            
000086ec  xdc_runtime_IModule_Interface__BASE__C                          
000086f0  xdc_runtime_Memory_defaultHeapInstance__C                       
000086f4  xdc_runtime_Startup_execImpl__C                                 
000086f8  xdc_runtime_Startup_maxPasses__C                                
000086fc  xdc_runtime_Startup_sfxnRts__C                                  
00008700  xdc_runtime_Startup_sfxnTab__C                                  
00008704  xdc_runtime_SysCallback_abortFxn__C                             
00008708  xdc_runtime_SysCallback_exitFxn__C                              
0000870c  xdc_runtime_System_Module__gateObj__C                           
00008710  xdc_runtime_System_abortFxn__C                                  
00008714  xdc_runtime_System_exitFxn__C                                   
00008718  xdc_runtime_System_maxAtexitHandlers__C                         
0000871c  xdc_runtime_Text_charTab__C                                     
00008720  xdc_runtime_Text_nameEmpty__C                                   
00008724  xdc_runtime_Text_nameStatic__C                                  
00008728  xdc_runtime_Text_nameUnknown__C                                 
0000872c  ti_sysbios_family_arm_msp432_init_Boot_bypassLFXT__C            
0000872e  ti_sysbios_family_arm_msp432_init_Boot_enableHFXT__C            
00008730  ti_sysbios_family_arm_msp432_init_Boot_enableLFXT__C            
00008732  ti_sysbios_heaps_HeapMem_Module__id__C                          
00008734  xdc_runtime_Memory_Module__id__C                                
00008736  xdc_runtime_Text_charCnt__C                                     
00008738  xdc_runtime_Text_isLoaded__C                                    
0000873a  xdc_runtime_Text_charTab__A                                     
00008740  __TI_static_base__                                              
0000899c  __TI_Handler_Table_Base                                         
000089a8  __TI_Handler_Table_Limit                                        
000089b0  __TI_CINIT_Base                                                 
000089c0  __TI_CINIT_Limit                                                
20000000  ti_sysbios_family_arm_m3_Hwi_ramVectors                         
20000140  __primary_heap_start__                                          
20008140  PowerMSP432_perfLevels                                          
20008140  __primary_heap_end__                                            
20008390  _ftable                                                         
20008508  ti_sysbios_knl_Swi_Module_State_0_readyQ__A                     
20008588  ti_sysbios_knl_Task_Module_State_0_readyQ__A                    
20008608  _device                                                         
20008680  ti_sysbios_gates_GateMutex_Object__table__V                     
200086d4  _stream                                                         
20008724  ti_sysbios_knl_Task_Object__table__V                            
20008770  ti_sysbios_family_arm_msp432_Timer_Object__table__V             
200087b4  ti_sysbios_knl_Task_Module__state__V                            
200087f8  ti_sysbios_family_arm_m3_Hwi_Module__state__V                   
2000882c  ti_sysbios_knl_Swi_Object__table__V                             
2000885c  PowerMSP432_module                                              
20008888  ti_sysbios_knl_Clock_Module__state__V                           
200088b4  ti_sysbios_BIOS_Module__state__V                                
200088d8  ti_sysbios_family_arm_msp432_Timer_Module_State_0_device__A     
200088f8  xdc_runtime_Error_IgnoreBlock                                   
20008918  ti_sysbios_knl_Swi_Module__state__V                             
20008934  ti_sysbios_family_arm_m3_Hwi_Object__table__V                   
2000894c  ti_sysbios_heaps_HeapMem_Object__table__V                       
20008964  __TI_ft_end                                                     
20008968  __aeabi_stdin                                                   
2000896c  __aeabi_stdout                                                  
20008970  __aeabi_stderr                                                  
20008974  ti_sysbios_family_arm_msp432_Timer_Module_State_0_handles__A    
20008984  __TI_cleanup_ptr                                                
20008988  __TI_dtors_ptr                                                  
2000898c  __TI_enable_exit_profile_output                                 
20008990  ti_sysbios_family_arm_msp432_ClockFreqs_Module__state__V        
2000899c  ti_sysbios_family_arm_msp432_Timer_Module__state__V             
200089a8  _lock                                                           
200089ac  _unlock                                                         
200089b0  ti_sysbios_family_arm_m3_Hwi_Module__root__V                    
200089b8  ti_sysbios_gates_GateHwi_Module__root__V                        
200089c0  ti_sysbios_gates_GateMutex_Module__root__V                      
200089c8  ti_sysbios_heaps_HeapMem_Module__root__V                        
200089d0  ti_sysbios_knl_Queue_Module__root__V                            
200089d8  ti_sysbios_knl_Semaphore_Module__root__V                        
200089e0  ti_sysbios_knl_Task_Module__root__V                             
200089e8  xdc_runtime_Startup_Module__state__V                            
200089f0  xdc_runtime_System_Module_State_0_atexitHandlers__A             
200089f8  xdc_runtime_System_Module__state__V                             
20008a00  main_func_sp                                                    
20008a04  ti_sysbios_family_arm_m3_Hwi_Module_State_0_excContext__A       
20008a08  ti_sysbios_family_arm_m3_Hwi_Module_State_0_excStack__A         
20008a0c  ti_sysbios_gates_GateHwi_Object__table__V                       
20008a10  ti_sysbios_knl_Task_Module_State_0_idleTask__A                  
20008a14  ti_sysbios_rts_ti_ReentSupport_Module__state__V                 
20008a18  xdc_runtime_Memory_Module__state__V                             
20008a1c  ti_sysbios_family_arm_m3_Hwi_Module_State_0_excActive__A        
20008a20  ti_sysbios_knl_Task_Instance_State_0_stack__A                   
20008c20  ti_sysbios_family_arm_m3_Hwi_dispatchTable                      
20008d60  __CIOBUF_                                                       
20008e80  __TI_tmpnams                                                    
20008f20  i2cMSP432Objects                                                
20008f70  i2cTransaction                                                  
20008f8c  pwmTimerMSP432Objects                                           
20008fb8  i2cParams                                                       
20008fc8  txBuffer                                                        
20008fec  parmbuf                                                         
20008ff8  i2c                                                             
20008ffc  ti_sysbios_knl_Task_Instance_State_0_hookEnv__A                 
2000fc00  __stack                                                         
20010000  __STACK_END                                                     
4000480c  WDTCTL_SYM                                                      
e000e000  ti_sysbios_family_arm_m3_Hwi_nvic                               
ffffffff  __TI_pprof_out_hndl                                             
ffffffff  __TI_prof_data_size                                             
ffffffff  __TI_prof_data_start                                            
ffffffff  __binit__                                                       
ffffffff  __c_args__                                                      
ffffffff  binit                                                           
UNDEFED   SHT$$INIT_ARRAY$$Base                                           
UNDEFED   SHT$$INIT_ARRAY$$Limit                                          

[614 symbols]
