******************************************************************************
                  TI ARM Linker PC v18.12.2                    
******************************************************************************
>> Linked Tue Oct 29 22:00:20 2019

OUTPUT FILE NAME:   <timer_a_pwm_mode_MSP_EXP432P401R_nortos_ccs.out>
ENTRY POINT SYMBOL: "_c_int00_noargs"  address: 00000bd1


MEMORY CONFIGURATION

         name            origin    length      used     unused   attr    fill
----------------------  --------  ---------  --------  --------  ----  --------
  MAIN                  00000000   00040000  00000c80  0003f380  R  X
  INFO                  00200000   00004000  00000000  00004000  R  X
  SRAM_CODE             01000000   00010000  00000218  0000fde8  RW X
  SRAM_DATA             20000000   00010000  00000218  0000fde8  RW  


SEGMENT ALLOCATION MAP

run origin  load origin   length   init length attrs members
----------  ----------- ---------- ----------- ----- -------
00000000    00000000    00000c84   00000c84    r-x
  00000000    00000000    000000e4   000000e4    r-- .intvecs
  000000e4    000000e4    00000b70   00000b70    r-x .text
  00000c58    00000c58    0000002c   0000002c    r-- .cinit
20000000    20000000    00000018   00000000    rw-
  20000000    20000000    00000018   00000000    rw- .data
2000fe00    2000fe00    00000200   00000000    rw-
  2000fe00    2000fe00    00000200   00000000    rw- .stack


SECTION ALLOCATION MAP

 output                                  attributes/
section   page    origin      length       input sections
--------  ----  ----------  ----------   ----------------
.intvecs   0    00000000    000000e4     
                  00000000    000000e4     startup_msp432p401r_ccs.obj (.intvecs:retain)

.text      0    000000e4    00000b70     
                  000000e4    000001b6     rtsv7M4_T_le_v4SPD16_eabi.lib : fd_add_t2.asm.obj (.text)
                  0000029a    00000002     startup_msp432p401r_ccs.obj (.text:Default_Handler)
                  0000029c    00000188     timer_a_pwm_mode.obj (.text:main)
                  00000424    00000136     rtsv7M4_T_le_v4SPD16_eabi.lib : fd_div_t2.asm.obj (.text)
                  0000055a    000000fc                                   : fd_mul_t2.asm.obj (.text)
                  00000656    00000002     --HOLE-- [fill = 0]
                  00000658    000000f8                                   : s_floor.c.obj (.text:floor)
                  00000750    0000009c                                   : memcpy_t2.asm.obj (.text)
                  000007ec    00000086                                   : fd_cmp_t2.asm.obj (.text:__aeabi_cdrcmple)
                  00000872    00000002     --HOLE-- [fill = 0]
                  00000874    0000007c     timer_a_pwm_mode.obj (.text:turn_acw)
                  000008f0    0000007c     timer_a_pwm_mode.obj (.text:turn_cw)
                  0000096c    00000078     system_msp432p401r.obj (.text:SystemInit)
                  000009e4    00000078     timer_a_pwm_mode.obj (.text:init_pwm)
                  00000a5c    00000068     rtsv7M4_T_le_v4SPD16_eabi.lib : copy_decompress_lzss.c.obj (.text:decompress:lzss:__TI_decompress_lzss)
                  00000ac4    00000048     timer_a_pwm_mode.obj (.text:PORT1_IRQHandler)
                  00000b0c    00000048     rtsv7M4_T_le_v4SPD16_eabi.lib : fd_toi_t2.asm.obj (.text)
                  00000b54    00000044                                   : autoinit.c.obj (.text:__TI_auto_init_nobinit_nopinit:__TI_auto_init_nobinit_nopinit)
                  00000b98    00000038                                   : fs_tod_t2.asm.obj (.text)
                  00000bd0    00000034                                   : boot_cortex_m.c.obj (.text:_c_int00_noargs:_c_int00_noargs)
                  00000c04    0000002e                                   : i_tofd_t2.asm.obj (.text)
                  00000c32    0000000e                                   : copy_decompress_none.c.obj (.text:decompress:none:__TI_decompress_none)
                  00000c40    0000000c     startup_msp432p401r_ccs.obj (.text:Reset_Handler)
                  00000c4c    00000004     rtsv7M4_T_le_v4SPD16_eabi.lib : pre_init.c.obj (.text:_system_pre_init)
                  00000c50    00000004                                   : exit.c.obj (.text:abort:abort)

.cinit     0    00000c58    0000002c     
                  00000c58    0000001b     (.cinit..data.load) [load image, compression = lzss]
                  00000c73    00000001     --HOLE-- [fill = 0]
                  00000c74    00000008     (__TI_handler_table)
                  00000c7c    00000008     (__TI_cinit_table)

.init_array 
*          0    00000000    00000000     UNINITIALIZED

.binit     0    00000000    00000000     

.data      0    20000000    00000018     UNINITIALIZED
                  20000000    00000018     timer_a_pwm_mode.obj (.data:pwmConfig)

.stack     0    2000fe00    00000200     UNINITIALIZED
                  2000fe00    00000004     rtsv7M4_T_le_v4SPD16_eabi.lib : boot_cortex_m.c.obj (.stack)
                  2000fe04    000001fc     --HOLE--

MODULE SUMMARY

       Module                        code   ro data   rw data
       ------                        ----   -------   -------
    .\
       timer_a_pwm_mode.obj          832    0         48     
       system_msp432p401r.obj        120    0         0      
    +--+-----------------------------+------+---------+---------+
       Total:                        952    0         48     
                                                             
    .\ccs\
       startup_msp432p401r_ccs.obj   14     228       0      
    +--+-----------------------------+------+---------+---------+
       Total:                        14     228       0      
                                                             
    C:\ti\ccs910\ccs\tools\compiler\ti-cgt-arm_18.12.2.LTS\lib\rtsv7M4_T_le_v4SPD16_eabi.lib
       fd_add_t2.asm.obj             438    0         0      
       fd_div_t2.asm.obj             310    0         0      
       fd_mul_t2.asm.obj             252    0         0      
       s_floor.c.obj                 248    0         0      
       memcpy_t2.asm.obj             156    0         0      
       fd_cmp_t2.asm.obj             134    0         0      
       copy_decompress_lzss.c.obj    104    0         0      
       fd_toi_t2.asm.obj             72     0         0      
       autoinit.c.obj                68     0         0      
       fs_tod_t2.asm.obj             56     0         0      
       boot_cortex_m.c.obj           52     0         0      
       i_tofd_t2.asm.obj             46     0         0      
       copy_decompress_none.c.obj    14     0         0      
       exit.c.obj                    4      0         0      
       pre_init.c.obj                4      0         0      
    +--+-----------------------------+------+---------+---------+
       Total:                        1958   0         0      
                                                             
       Stack:                        0      0         1024   
       Linker Generated:             0      43        0      
    +--+-----------------------------+------+---------+---------+
       Grand Total:                  2924   271       1072   


LINKER GENERATED COPY TABLES

__TI_cinit_table @ 00000c7c records: 1, size/record: 8, table size: 8
	.data: load addr=00000c58, load size=0000001b bytes, run addr=20000000, run size=00000018 bytes, compression=lzss


LINKER GENERATED HANDLER TABLE

__TI_handler_table @ 00000c74 records: 2, size/record: 4, table size: 8
	index: 0, handler: __TI_decompress_lzss
	index: 1, handler: __TI_decompress_none


GLOBAL SYMBOLS: SORTED ALPHABETICALLY BY Name 

address   name                          
-------   ----                          
0000029b  ADC14_IRQHandler              
0000029b  AES256_IRQHandler             
0000029b  BusFault_Handler              
00000c51  C$$EXIT                       
0000029b  COMP_E0_IRQHandler            
0000029b  COMP_E1_IRQHandler            
0000029b  CS_IRQHandler                 
0000029b  DMA_ERR_IRQHandler            
0000029b  DMA_INT0_IRQHandler           
0000029b  DMA_INT1_IRQHandler           
0000029b  DMA_INT2_IRQHandler           
0000029b  DMA_INT3_IRQHandler           
0000029b  DebugMon_Handler              
0000029b  Default_Handler               
0000029b  EUSCIA0_IRQHandler            
0000029b  EUSCIA1_IRQHandler            
0000029b  EUSCIA2_IRQHandler            
0000029b  EUSCIA3_IRQHandler            
0000029b  EUSCIB0_IRQHandler            
0000029b  EUSCIB1_IRQHandler            
0000029b  EUSCIB2_IRQHandler            
0000029b  EUSCIB3_IRQHandler            
0000029b  FLCTL_IRQHandler              
0000029b  FPU_IRQHandler                
0000029b  HardFault_Handler             
0000029b  MemManage_Handler             
0000029b  NMI_Handler                   
0000029b  PCM_IRQHandler                
00000ac5  PORT1_IRQHandler              
00000ac5  PORT1_IRQHandler              
0000029b  PORT2_IRQHandler              
0000029b  PORT3_IRQHandler              
0000029b  PORT4_IRQHandler              
0000029b  PORT5_IRQHandler              
0000029b  PORT6_IRQHandler              
0000029b  PSS_IRQHandler                
0000029b  PendSV_Handler                
0000029b  RTC_C_IRQHandler              
00000c41  Reset_Handler                 
0000029b  SVC_Handler                   
0000029b  SysTick_Handler               
0000096d  SystemInit                    
0000029b  T32_INT1_IRQHandler           
0000029b  T32_INT2_IRQHandler           
0000029b  T32_INTC_IRQHandler           
0000029b  TA0_0_IRQHandler              
0000029b  TA0_N_IRQHandler              
0000029b  TA1_0_IRQHandler              
0000029b  TA1_N_IRQHandler              
0000029b  TA2_0_IRQHandler              
0000029b  TA2_N_IRQHandler              
0000029b  TA3_0_IRQHandler              
0000029b  TA3_N_IRQHandler              
0000029b  UsageFault_Handler            
4000480c  WDTCTL_SYM                    
0000029b  WDT_A_IRQHandler              
20010000  __STACK_END                   
00000200  __STACK_SIZE                  
00000c7c  __TI_CINIT_Base               
00000c84  __TI_CINIT_Limit              
00000c74  __TI_Handler_Table_Base       
00000c7c  __TI_Handler_Table_Limit      
00000b55  __TI_auto_init_nobinit_nopinit
00000a5d  __TI_decompress_lzss          
00000c33  __TI_decompress_none          
ffffffff  __TI_pprof_out_hndl           
ffffffff  __TI_prof_data_size           
ffffffff  __TI_prof_data_start          
00000000  __TI_static_base__            
000007ed  __aeabi_cdrcmple              
00000b0d  __aeabi_d2iz                  
000000ef  __aeabi_dadd                  
00000425  __aeabi_ddiv                  
0000055b  __aeabi_dmul                  
000000e5  __aeabi_dsub                  
00000b99  __aeabi_f2d                   
00000c05  __aeabi_i2d                   
00000751  __aeabi_memcpy                
00000751  __aeabi_memcpy4               
00000751  __aeabi_memcpy8               
ffffffff  __binit__                     
ffffffff  __c_args__                    
UNDEFED   __mpu_init                    
2000fe00  __stack                       
00000bd1  _c_int00_noargs               
UNDEFED   _system_post_cinit            
00000c4d  _system_pre_init              
00000c51  abort                         
ffffffff  binit                         
00000659  floor                         
00000659  floorl                        
000009e5  init_pwm                      
00000000  interruptVectors              
0000029d  main                          
00000751  memcpy                        
20000000  pwmConfig                     
00000875  turn_acw                      
000008f1  turn_cw                       


GLOBAL SYMBOLS: SORTED BY Symbol Address 

address   name                          
-------   ----                          
00000000  __TI_static_base__            
00000000  interruptVectors              
000000e5  __aeabi_dsub                  
000000ef  __aeabi_dadd                  
00000200  __STACK_SIZE                  
0000029b  ADC14_IRQHandler              
0000029b  AES256_IRQHandler             
0000029b  BusFault_Handler              
0000029b  COMP_E0_IRQHandler            
0000029b  COMP_E1_IRQHandler            
0000029b  CS_IRQHandler                 
0000029b  DMA_ERR_IRQHandler            
0000029b  DMA_INT0_IRQHandler           
0000029b  DMA_INT1_IRQHandler           
0000029b  DMA_INT2_IRQHandler           
0000029b  DMA_INT3_IRQHandler           
0000029b  DebugMon_Handler              
0000029b  Default_Handler               
0000029b  EUSCIA0_IRQHandler            
0000029b  EUSCIA1_IRQHandler            
0000029b  EUSCIA2_IRQHandler            
0000029b  EUSCIA3_IRQHandler            
0000029b  EUSCIB0_IRQHandler            
0000029b  EUSCIB1_IRQHandler            
0000029b  EUSCIB2_IRQHandler            
0000029b  EUSCIB3_IRQHandler            
0000029b  FLCTL_IRQHandler              
0000029b  FPU_IRQHandler                
0000029b  HardFault_Handler             
0000029b  MemManage_Handler             
0000029b  NMI_Handler                   
0000029b  PCM_IRQHandler                
0000029b  PORT2_IRQHandler              
0000029b  PORT3_IRQHandler              
0000029b  PORT4_IRQHandler              
0000029b  PORT5_IRQHandler              
0000029b  PORT6_IRQHandler              
0000029b  PSS_IRQHandler                
0000029b  PendSV_Handler                
0000029b  RTC_C_IRQHandler              
0000029b  SVC_Handler                   
0000029b  SysTick_Handler               
0000029b  T32_INT1_IRQHandler           
0000029b  T32_INT2_IRQHandler           
0000029b  T32_INTC_IRQHandler           
0000029b  TA0_0_IRQHandler              
0000029b  TA0_N_IRQHandler              
0000029b  TA1_0_IRQHandler              
0000029b  TA1_N_IRQHandler              
0000029b  TA2_0_IRQHandler              
0000029b  TA2_N_IRQHandler              
0000029b  TA3_0_IRQHandler              
0000029b  TA3_N_IRQHandler              
0000029b  UsageFault_Handler            
0000029b  WDT_A_IRQHandler              
0000029d  main                          
00000425  __aeabi_ddiv                  
0000055b  __aeabi_dmul                  
00000659  floor                         
00000659  floorl                        
00000751  __aeabi_memcpy                
00000751  __aeabi_memcpy4               
00000751  __aeabi_memcpy8               
00000751  memcpy                        
000007ed  __aeabi_cdrcmple              
00000875  turn_acw                      
000008f1  turn_cw                       
0000096d  SystemInit                    
000009e5  init_pwm                      
00000a5d  __TI_decompress_lzss          
00000ac5  PORT1_IRQHandler              
00000ac5  PORT1_IRQHandler              
00000b0d  __aeabi_d2iz                  
00000b55  __TI_auto_init_nobinit_nopinit
00000b99  __aeabi_f2d                   
00000bd1  _c_int00_noargs               
00000c05  __aeabi_i2d                   
00000c33  __TI_decompress_none          
00000c41  Reset_Handler                 
00000c4d  _system_pre_init              
00000c51  C$$EXIT                       
00000c51  abort                         
00000c74  __TI_Handler_Table_Base       
00000c7c  __TI_CINIT_Base               
00000c7c  __TI_Handler_Table_Limit      
00000c84  __TI_CINIT_Limit              
20000000  pwmConfig                     
2000fe00  __stack                       
20010000  __STACK_END                   
4000480c  WDTCTL_SYM                    
ffffffff  __TI_pprof_out_hndl           
ffffffff  __TI_prof_data_size           
ffffffff  __TI_prof_data_start          
ffffffff  __binit__                     
ffffffff  __c_args__                    
ffffffff  binit                         
UNDEFED   __mpu_init                    
UNDEFED   _system_post_cinit            

[98 symbols]
